Archive member included to satisfy reference by file (symbol)

C:/Users/docte/wii-lms/../viiewlib\libviiewlib_wii.a(marc_record.wii.o)
                              marc_text_parser.o (marc_record_create)
C:/Users/docte/wii-lms/../viiewlib\libviiewlib_wii.a(marc_field.wii.o)
                              marc_text_parser.o (marc_field_create)
C:/Users/docte/wii-lms/../viiewlib\libviiewlib_wii.a(marc_subfield.wii.o)
                              C:/Users/docte/wii-lms/../viiewlib\libviiewlib_wii.a(marc_field.wii.o) (marc_subfield_create)
C:/Users/docte/wii-lms/../viiewlib\libviiewlib_wii.a(marc_iso2709.wii.o)
                              marc_encoder.o (marc_record_write)
C:/devkitPro/libogc/lib/wii\libwiiuse.a(wpad.o)
                              template.o (WPAD_Init)
C:/devkitPro/libogc/lib/wii\libwiiuse.a(motion_plus.o)
                              C:/devkitPro/libogc/lib/wii\libwiiuse.a(wpad.o) (wiiuse_set_motion_plus)
C:/devkitPro/libogc/lib/wii\libwiiuse.a(dynamics.o)
                              C:/devkitPro/libogc/lib/wii\libwiiuse.a(wpad.o) (calculate_gforce)
C:/devkitPro/libogc/lib/wii\libwiiuse.a(io.o)
                              C:/devkitPro/libogc/lib/wii\libwiiuse.a(motion_plus.o) (wiiuse_disable_expansion)
C:/devkitPro/libogc/lib/wii\libwiiuse.a(io_wii.o)
                              C:/devkitPro/libogc/lib/wii\libwiiuse.a(wpad.o) (__wiiuse_sensorbar_enable)
C:/devkitPro/libogc/lib/wii\libwiiuse.a(ir.o)
                              C:/devkitPro/libogc/lib/wii\libwiiuse.a(motion_plus.o) (wiiuse_set_ir_mode)
C:/devkitPro/libogc/lib/wii\libwiiuse.a(nunchuk.o)
                              C:/devkitPro/libogc/lib/wii\libwiiuse.a(io.o) (nunchuk_handshake)
C:/devkitPro/libogc/lib/wii\libwiiuse.a(wiiboard.o)
                              C:/devkitPro/libogc/lib/wii\libwiiuse.a(io.o) (wii_board_handshake)
C:/devkitPro/libogc/lib/wii\libwiiuse.a(wiiuse.o)
                              C:/devkitPro/libogc/lib/wii\libwiiuse.a(wpad.o) (wiiuse_init)
C:/devkitPro/libogc/lib/wii\libwiiuse.a(speaker.o)
                              C:/devkitPro/libogc/lib/wii\libwiiuse.a(wpad.o) (wencdata)
C:/devkitPro/libogc/lib/wii\libwiiuse.a(classic.o)
                              C:/devkitPro/libogc/lib/wii\libwiiuse.a(io.o) (classic_ctrl_handshake)
C:/devkitPro/libogc/lib/wii\libwiiuse.a(events.o)
                              C:/devkitPro/libogc/lib/wii\libwiiuse.a(io_wii.o) (parse_event)
C:/devkitPro/libogc/lib/wii\libwiiuse.a(guitar_hero_3.o)
                              C:/devkitPro/libogc/lib/wii\libwiiuse.a(io.o) (guitar_hero_3_handshake)
C:/devkitPro/libogc/lib/wii\libbte.a(bte.o)
                              C:/devkitPro/libogc/lib/wii\libwiiuse.a(wpad.o) (BTE_Init)
C:/devkitPro/libogc/lib/wii\libbte.a(hci.o)
                              C:/devkitPro/libogc/lib/wii\libbte.a(bte.o) (hci_init)
C:/devkitPro/libogc/lib/wii\libbte.a(l2cap.o)
                              C:/devkitPro/libogc/lib/wii\libbte.a(bte.o) (l2cap_init)
C:/devkitPro/libogc/lib/wii\libbte.a(btmemb.o)
                              C:/devkitPro/libogc/lib/wii\libbte.a(bte.o) (btmemb_init)
C:/devkitPro/libogc/lib/wii\libbte.a(btmemr.o)
                              C:/devkitPro/libogc/lib/wii\libbte.a(hci.o) (btmemr_init)
C:/devkitPro/libogc/lib/wii\libbte.a(btpbuf.o)
                              C:/devkitPro/libogc/lib/wii\libbte.a(hci.o) (btpbuf_init)
C:/devkitPro/libogc/lib/wii\libbte.a(physbusif.o)
                              C:/devkitPro/libogc/lib/wii\libbte.a(bte.o) (physbusif_init)
C:/devkitPro/libogc/lib/wii\libfat.a(dvm_volume.o)
                              template.o (dvmUnmountVolume)
C:/devkitPro/libogc/lib/wii\libfat.a(fat_wrappers.o)
                              template.o (fatInitDefault)
C:/devkitPro/libogc/lib/wii\libfat.a(fat_driver.o)
                              C:/devkitPro/libogc/lib/wii\libfat.a(dvm_volume.o) (g_vfatFsDriver)
C:/devkitPro/libogc/lib/wii\libfat.a(dvm_libogc.o)
                              C:/devkitPro/libogc/lib/wii\libfat.a(fat_wrappers.o) (dvmInit)
C:/devkitPro/libogc/lib/wii\libfat.a(ff.o)
                              C:/devkitPro/libogc/lib/wii\libfat.a(fat_driver.o) (f_mount)
C:/devkitPro/libogc/lib/wii\libfat.a(ffunicode.o)
                              C:/devkitPro/libogc/lib/wii\libfat.a(ff.o) (ff_uni2oem)
C:/devkitPro/libogc/lib/wii\libfat.a(dvm_disc.o)
                              C:/devkitPro/libogc/lib/wii\libfat.a(fat_wrappers.o) (dvmDiscCreate)
C:/devkitPro/libogc/lib/wii\libfat.a(dvm_cache.o)
                              C:/devkitPro/libogc/lib/wii\libfat.a(fat_wrappers.o) (dvmDiscCacheCreate)
C:/devkitPro/libogc/lib/wii\libfat.a(dvm_prober.o)
                              C:/devkitPro/libogc/lib/wii\libfat.a(dvm_libogc.o) (dvmProbeMountDiscIface)
C:/devkitPro/libogc/lib/wii\libogc.a(common_crt0.o)
                              (__app_start)
C:/devkitPro/libogc/lib/wii\libogc.a(early_init.o)
[...]
Memory Configuration

Name             Origin             Length             Attributes
*default*        0x00000000         0xffffffff

Linker script and memory map

                0x00003400                        . = 0x3400

.stub
 *(.stub)
                0x80003f00                        . = 0x80003f00
                0x90002000                        PROVIDE (__Arena2Lo = 0x90002000)
                0x933e0000                        PROVIDE (__Arena2Hi = 0x933e0000)
                0x933e0000                        PROVIDE (__ipcbufferLo = 0x933e0000)
                0x93400000                        PROVIDE (__ipcbufferHi = 0x93400000)
                0x00000000                        PROVIDE (__isIPL = 0x0)
                0x800000d0                        PROVIDE (__ppc_excpt_buf = 0x800000d0)
                0x80003000                        PROVIDE (__ppc_excpt_table = 0x80003000)

.init           0x80003f00       0xa4
 *(.crt0 .crt0.*)
 .crt0.__app_start
                0x80003f00       0xa4 C:/devkitPro/libogc/lib/wii\libogc.a(common_crt0.o)
                0x80003f00                __app_start

.text           0x80003fb0    0x612b0
 *(SORT_NONE(.init))
 .init          0x80003fb0        0xc C:/devkitPro/devkitPPC/bin/../lib/gcc/powerpc-eabi/16.1.0/ecrti.o
                0x80003fb0                __init
 .init          0x80003fbc        0x4 C:/devkitPro/devkitPPC/bin/../lib/gcc/powerpc-eabi/16.1.0/crtbegin.o
 .init          0x80003fc0        0x4 C:/devkitPro/devkitPPC/bin/../lib/gcc/powerpc-eabi/16.1.0/crtend.o
 .init          0x80003fc4       0x10 C:/devkitPro/devkitPPC/bin/../lib/gcc/powerpc-eabi/16.1.0/ecrtn.o
 *(.text.unlikely .text.*_unlikely .text.unlikely.*)
 .text.unlikely.abort
                0x80003fd4       0x2c C:/devkitPro/devkitPPC/bin/../lib/gcc/powerpc-eabi/16.1.0/../../../../powerpc-eabi/lib\libsysbase.a(libsysbase_libsysbase_a-abort.o)
                0x80003fd4                abort
 *(.text.exit .text.exit.*)
 .text.exit     0x80004000       0x3c C:/devkitPro/devkitPPC/bin/../lib/gcc/powerpc-eabi/16.1.0/../../../../powerpc-eabi/lib\libc.a(libc_a-exit.o)
                0x80004000                exit
 *(.text.startup .text.startup.*)
 .text.startup.main
                0x8000403c      0xd00 template.o
                0x8000403c                main
 .text.startup.register_fini
                0x80004d3c        0xc C:/devkitPro/devkitPPC/bin/../lib/gcc/powerpc-eabi/16.1.0/../../../../powerpc-eabi/lib\libc.a(libc_a-__call_atexit.o)
 *(.text.hot .text.hot.*)
 *(SORT_BY_NAME(.text.sorted.*))
 *(.text .iplt .stub .text.* .gnu.linkonce.t.*)
 .text.__do_global_dtors_aux
                0x80004d48       0xcc C:/devkitPro/devkitPPC/bin/../lib/gcc/powerpc-eabi/16.1.0/crtbegin.o
 .text.frame_dummy
                0x80004e14       0x24 C:/devkitPro/devkitPPC/bin/../lib/gcc/powerpc-eabi/16.1.0/crtbegin.o
 *fill*         0x80004e38        0x0 00000000
 .iplt          0x80004e38        0x0 C:/devkitPro/devkitPPC/bin/../lib/gcc/powerpc-eabi/16.1.0/crtbegin.o
 .text.marcviiew_encode_database
                0x80004e38      0x190 marc_encoder.o
                0x80004e38                marcviiew_encode_database
 .text.marcviiew_encode_game
                0x80004fc8      0x1c0 marc_encoder.o
                0x80004fc8                marcviiew_encode_game
 .text.parse_indicator
                0x80005188       0x84 marc_text_parser.o
 .text.read_line.part.0
                0x8000520c      0x174 marc_text_parser.o
 .text.finish_current_field
                0x80005380      0x114 marc_text_parser.o
 .text.parse_record_body
                0x80005494      0x5a8 marc_text_parser.o
 .text.marcviiew_parser_init
                0x80005a3c       0x3c marc_text_parser.o
                0x80005a3c                marcviiew_parser_init
 .text.marcviiew_parser_next
                0x80005a78      0x188 marc_text_parser.o
                0x80005a78                marcviiew_parser_next
 .text.print_menu_item
                0x80005c00      0x114 template.o
                0x80005c00                print_menu_item
 .text.get_input
                0x80005d14       0xe0 template.o
                0x80005d14                get_input
 .text.extract_game_id
                0x80005df4       0xa0 template.o
                0x80005df4                extract_game_id
 .text.extract_game_title
                0x80005e94      0x120 template.o
                0x80005e94                extract_game_title
 .text.setup_game_metadata
                0x80005fb4      0x114 template.o
                0x80005fb4                setup_game_metadata
 .text.copy_database_value
                0x800060c8       0xa8 template.o
                0x800060c8                copy_database_value
 .text.load_game_database
                0x80006170      0x2ac template.o
                0x80006170                load_game_database
 .text.scan_storage
                0x8000641c       0xf8 template.o
                0x8000641c                scan_storage
 .text.scan_catalogue
                0x80006514       0x68 template.o
                0x80006514                scan_catalogue
 .text.reload_databases
                0x8000657c      0x1e8 template.o
                0x8000657c                reload_databases
 .text.add_info_field
                0x80006764      0x148 template.o
                0x80006764                add_info_field
 .text.add_wrapped_text
                0x800068ac      0x264 template.o
                0x800068ac                add_wrapped_text
 .text.show_game_information
                0x80006b10      0x554 template.o
                0x80006b10                show_game_information
 .text.add_marc_wrapped_subfield
                0x80007064      0x330 template.o
                0x80007064                add_marc_wrapped_subfield
 .text.load_marc_record
                0x80007394      0x524 template.o
                0x80007394                load_marc_record
 .text.contains_ignore_case
                0x800078b8      0x110 template.o
                0x800078b8                contains_ignore_case
 .text.perform_marc_search
                0x800079c8      0x3b8 template.o
                0x800079c8                perform_marc_search
 .text.perform_search
                0x80007d80       0xec template.o
                0x80007d80                perform_search
 .text.show_marc_menu
                0x80007e6c      0x4e0 template.o
                0x80007e6c                show_marc_menu
 .text.show_marc_record
                0x8000834c      0x934 template.o
                0x8000834c                show_marc_record
 .text.show_encode_marc
                0x80008c80      0x4ac template.o
                0x80008c80                show_encode_marc
 .text.encode_entire_database
                0x8000912c       0xe0 template.o
                0x8000912c                encode_entire_database
 .text.encode_selected_game
                0x8000920c      0x190 template.o
                0x8000920c                encode_selected_game
 .text.show_encode_game_menu
                0x8000939c      0x5b4 template.o
                0x8000939c                show_encode_game_menu
 .text.show_main_menu
                0x80009950      0x3a8 template.o
                0x80009950                show_main_menu
 .text.show_catalogue
                0x80009cf8      0x4d8 template.o
                0x80009cf8                show_catalogue
 .text.show_search_results
                0x8000a1d0      0x68c template.o
                0x8000a1d0                show_search_results
 .text.show_settings_menu
                0x8000a85c      0x444 template.o
                0x8000a85c                show_settings_menu
 .text.settings_reload_storage
                0x8000aca0      0x19c template.o
                0x8000aca0                settings_reload_storage
 .text.settings_reload_databases
                0x8000ae3c       0x84 template.o
                0x8000ae3c                settings_reload_databases
 .text.show_credits
                0x8000aec0      0x4f8 template.o
                0x8000aec0                show_credits
 .text.show_search_mode_menu
                0x8000b3b8      0x494 template.o
                0x8000b3b8                show_search_mode_menu
 .text.show_search_keyboard
                0x8000b84c      0x778 template.o
                0x8000b84c                show_search_keyboard
 .text.keyboard_select
                0x8000bfc4      0x104 template.o
                0x8000bfc4                keyboard_select
 .text.handle_search_keyboard
                0x8000c0c8      0x240 template.o
                0x8000c0c8                handle_search_keyboard
 .text.show_loading_screen
                0x8000c308      0x568 template.o
                0x8000c308                show_loading_screen
 .text          0x8000c870      0x834 C:/Users/docte/wii-lms/../viiewlib\libviiewlib_wii.a(marc_record.wii.o)
                0x8000c93c                marc_record_create
                0x8000ca00                marc_record_free
                0x8000cac8                marc_record_get_leader
                0x8000cb08                marc_record_set_leader
                0x8000cbac                marc_record_add_field
                0x8000cc84                marc_record_get_field_count
                0x8000ccc4                marc_record_get_field
                0x8000cd34                marc_record_set_control_field
                0x8000ceb4                marc_record_get_control_field
                0x8000cfa8                marc_record_get_field_by_tag
 .text          0x8000d0a4      0x6c0 C:/Users/docte/wii-lms/../viiewlib\libviiewlib_wii.a(marc_field.wii.o)
                0x8000d170                marc_field_create
                0x8000d24c                marc_field_free
                0x8000d314                marc_field_get_tag
                0x8000d350                marc_field_get_indicator1
                0x8000d394                marc_field_get_indicator2
                0x8000d3d8                marc_field_is_control_field
                0x8000d430                marc_field_set_control_value
                0x8000d508                marc_field_get_control_value
                0x8000d578                marc_field_add_subfield
                0x8000d6b4                marc_field_get_subfield_count
                0x8000d6f4                marc_field_get_subfield
 .text          0x8000d764      0x1d0 C:/Users/docte/wii-lms/../viiewlib\libviiewlib_wii.a(marc_subfield.wii.o)
                0x8000d764                marc_subfield_create
                0x8000d854                marc_subfield_free
                0x8000d8b0                marc_subfield_get_code
                0x8000d8f4                marc_subfield_get_value
 .text          0x8000d934     0x1cc0 C:/Users/docte/wii-lms/../viiewlib\libviiewlib_wii.a(marc_iso2709.wii.o)
                0x8000e100                marc_record_write
                0x8000e8b4                marc_record_read
 .text.__wpad_setevtfilter_finished
                0x8000f5f4       0x60 C:/devkitPro/libogc/lib/wii\libwiiuse.a(wpad.o)
 .text.__wpad_disconnectCB
                0x8000f654      0x1a8 C:/devkitPro/libogc/lib/wii\libwiiuse.a(wpad.o)
                0x8000f654                __wpad_disconnectCB
 .text.__wpad_hostsyncbuttonCB
                0x8000f7fc       0x7c C:/devkitPro/libogc/lib/wii\libwiiuse.a(wpad.o)
 .text.GetActiveSlot
                0x8000f878       0x8c C:/devkitPro/libogc/lib/wii\libwiiuse.a(wpad.o)
 .text.__wpad_assign_slot
                0x8000f904      0x160 C:/devkitPro/libogc/lib/wii\libwiiuse.a(wpad.o)
                0x8000f904                __wpad_assign_slot
 .text.__wpad_register_new
                0x8000fa64      0x460 C:/devkitPro/libogc/lib/wii\libwiiuse.a(wpad.o)
                0x8000fa64                __wpad_register_new
 .text.__wpad_def_powcb
                0x8000fec4        0x4 C:/devkitPro/libogc/lib/wii\libwiiuse.a(wpad.o)
 .text.__wpad_read_remote_name_finished
                0x8000fec8      0x240 C:/devkitPro/libogc/lib/wii\libwiiuse.a(wpad.o)
                0x8000fec8                __wpad_read_remote_name_finished
 .text.__wpad_confsave_thread_func
                0x80010108       0x58 C:/devkitPro/libogc/lib/wii\libwiiuse.a(wpad.o)
 .text.__initcore_finished
                0x80010160       0x90 C:/devkitPro/libogc/lib/wii\libwiiuse.a(wpad.o)
 .text.__readlinkkey_finished
                0x800101f0      0x124 C:/devkitPro/libogc/lib/wii\libwiiuse.a(wpad.o)
 .text.__wpad_patch_finished
                0x80010314       0x7c C:/devkitPro/libogc/lib/wii\libwiiuse.a(wpad.o)
 .text.__wpad_init_finished
                0x80010390       0x88 C:/devkitPro/libogc/lib/wii\libwiiuse.a(wpad.o)
 .text.__wpad_linkkeynotCB
                0x80010418      0x320 C:/devkitPro/libogc/lib/wii\libwiiuse.a(wpad.o)
 .text.__wpad_linkkeyreqCB
                0x80010738      0x16c C:/devkitPro/libogc/lib/wii\libwiiuse.a(wpad.o)
 .text.__wpad_connreqCB
                0x800108a4      0x2bc C:/devkitPro/libogc/lib/wii\libwiiuse.a(wpad.o)
 .text.__wpad_setfmt
                0x80010b60      0x14c C:/devkitPro/libogc/lib/wii\libwiiuse.a(wpad.o)
 .text.__wpad_eventCB
                0x80010cac      0xbd4 C:/devkitPro/libogc/lib/wii\libwiiuse.a(wpad.o)
 .text.__wpad_inquiry_finished
                0x80011880      0x124 C:/devkitPro/libogc/lib/wii\libwiiuse.a(wpad.o)
                0x80011880                __wpad_inquiry_finished
 .text.__wpad_timeouthandler
                0x800119a4       0xd8 C:/devkitPro/libogc/lib/wii\libwiiuse.a(wpad.o)
 .text.__WPADClearActiveList
                0x80011a7c      0x110 C:/devkitPro/libogc/lib/wii\libwiiuse.a(wpad.o)
                0x80011a7c                __WPADClearActiveList
 .text.WPAD_WipeSavedControllers
                0x80011b8c      0x138 C:/devkitPro/libogc/lib/wii\libwiiuse.a(wpad.o)
                0x80011b8c                WPAD_WipeSavedControllers
 .text.__wpad_def_hostsynccb
                0x80011cc4       0x60 C:/devkitPro/libogc/lib/wii\libwiiuse.a(wpad.o)
 .text.WPAD_ReadEvent
                0x80011d24      0x638 C:/devkitPro/libogc/lib/wii\libwiiuse.a(wpad.o)
                0x80011d24                WPAD_ReadEvent
 .text.WPAD_ReadPending
                0x8001235c      0x1b4 C:/devkitPro/libogc/lib/wii\libwiiuse.a(wpad.o)
                0x8001235c                WPAD_ReadPending
 .text.WPAD_Shutdown
                0x80012510      0x13c C:/devkitPro/libogc/lib/wii\libwiiuse.a(wpad.o)
                0x80012510                WPAD_Shutdown
 .text.WPAD_Init
                0x8001264c      0x30c C:/devkitPro/libogc/lib/wii\libwiiuse.a(wpad.o)
                0x8001264c                WPAD_Init
 .text.__wpad_onreset
                0x80012958       0x34 C:/devkitPro/libogc/lib/wii\libwiiuse.a(wpad.o)
 .text.WPAD_ScanPads
                0x8001298c       0x7c C:/devkitPro/libogc/lib/wii\libwiiuse.a(wpad.o)
                0x8001298c                WPAD_ScanPads
 .text.WPAD_ButtonsDown
                0x80012a08       0x28 C:/devkitPro/libogc/lib/wii\libwiiuse.a(wpad.o)
                0x80012a08                WPAD_ButtonsDown
 .text.motion_plus_disconnected
                0x80012a30       0x10 C:/devkitPro/libogc/lib/wii\libwiiuse.a(motion_plus.o)
                0x80012a30                motion_plus_disconnected
 .text.motion_plus_event
                0x80012a40       0x64 C:/devkitPro/libogc/lib/wii\libwiiuse.a(motion_plus.o)
                0x80012a40                motion_plus_event
 .text.calculate_gforce
                0x80012aa4      0x114 C:/devkitPro/libogc/lib/wii\libwiiuse.a(dynamics.o)
                0x80012aa4                calculate_gforce
 .text.calc_joystick_state
                0x80012bb8      0x208 C:/devkitPro/libogc/lib/wii\libwiiuse.a(dynamics.o)
                0x80012bb8                calc_joystick_state
 .text.apply_smoothing
                0x80012dc0      0x110 C:/devkitPro/libogc/lib/wii\libwiiuse.a(dynamics.o)
                0x80012dc0                apply_smoothing
 .text.calculate_orientation
                0x80012ed0      0x360 C:/devkitPro/libogc/lib/wii\libwiiuse.a(dynamics.o)
                0x80012ed0                calculate_orientation
 .text.calc_balanceboard_state
                0x80013230      0x3a4 C:/devkitPro/libogc/lib/wii\libwiiuse.a(dynamics.o)
                0x80013230                calc_balanceboard_state
 .text.wiiuse_handshake
                0x800135d4      0x24c C:/devkitPro/libogc/lib/wii\libwiiuse.a(io.o)
                0x800135d4                wiiuse_handshake
 .text.wiiuse_handshake_expansion
                0x80013820      0x210 C:/devkitPro/libogc/lib/wii\libwiiuse.a(io.o)
                0x80013820                wiiuse_handshake_expansion
 .text.wiiuse_handshake_expansion_start
                0x80013a30       0x5c C:/devkitPro/libogc/lib/wii\libwiiuse.a(io.o)
                0x80013a30                wiiuse_handshake_expansion_start
 .text.wiiuse_disable_expansion
                0x80013a8c      0x1b0 C:/devkitPro/libogc/lib/wii\libwiiuse.a(io.o)
                0x80013a8c                wiiuse_disable_expansion
 .text.__wiiuse_connected
                0x80013c3c       0xac C:/devkitPro/libogc/lib/wii\libwiiuse.a(io_wii.o)
 .text.__wiiuse_disconnected
                0x80013ce8       0xc8 C:/devkitPro/libogc/lib/wii\libwiiuse.a(io_wii.o)
 .text.__wiiuse_receive
                0x80013db0       0xc4 C:/devkitPro/libogc/lib/wii\libwiiuse.a(io_wii.o)
 .text.__wiiuse_accept_step2
                0x80013e74       0x5c C:/devkitPro/libogc/lib/wii\libwiiuse.a(io_wii.o)
 .text.__wiiuse_connect_step2
                0x80013ed0       0x5c C:/devkitPro/libogc/lib/wii\libwiiuse.a(io_wii.o)
 .text.__wiiuse_sensorbar_enable
                0x80013f2c       0x50 C:/devkitPro/libogc/lib/wii\libwiiuse.a(io_wii.o)
                0x80013f2c                __wiiuse_sensorbar_enable
 .text.wiiuse_accept
                0x80013f7c      0x15c C:/devkitPro/libogc/lib/wii\libwiiuse.a(io_wii.o)
                0x80013f7c                wiiuse_accept
 .text.wiiuse_connect
                0x800140d8      0x15c C:/devkitPro/libogc/lib/wii\libwiiuse.a(io_wii.o)
                0x800140d8                wiiuse_connect
 .text.wiiuse_disconnect
                0x80014234       0x50 C:/devkitPro/libogc/lib/wii\libwiiuse.a(io_wii.o)
                0x80014234                wiiuse_disconnect
 .text.wiiuse_init_cmd_queue
                0x80014284       0xa4 C:/devkitPro/libogc/lib/wii\libwiiuse.a(io_wii.o)
                0x80014284                wiiuse_init_cmd_queue
 .text.wiiuse_io_write
                0x80014328       0x1c C:/devkitPro/libogc/lib/wii\libwiiuse.a(io_wii.o)
                0x80014328                wiiuse_io_write
 .text.rotate_dots
                0x80014344      0x134 C:/devkitPro/libogc/lib/wii\libwiiuse.a(ir.o)
 .text.wiiuse_set_ir_mode
                0x80014478       0x5c C:/devkitPro/libogc/lib/wii\libwiiuse.a(ir.o)
                0x80014478                wiiuse_set_ir_mode
 .text.wiiuse_set_ir
                0x800144d4      0x25c C:/devkitPro/libogc/lib/wii\libwiiuse.a(ir.o)
                0x800144d4                wiiuse_set_ir
 .text.wiiuse_set_ir_position
                0x80014730       0x80 C:/devkitPro/libogc/lib/wii\libwiiuse.a(ir.o)
                0x80014730                wiiuse_set_ir_position
 .text.wiiuse_set_aspect_ratio
                0x800147b0       0xac C:/devkitPro/libogc/lib/wii\libwiiuse.a(ir.o)
                0x800147b0                wiiuse_set_aspect_ratio
 .text.wiiuse_set_ir_sensitivity
                0x8001485c      0x190 C:/devkitPro/libogc/lib/wii\libwiiuse.a(ir.o)
                0x8001485c                wiiuse_set_ir_sensitivity
 .text.calculate_basic_ir
                0x800149ec       0xe8 C:/devkitPro/libogc/lib/wii\libwiiuse.a(ir.o)
                0x800149ec                calculate_basic_ir
 .text.calculate_extended_ir
                0x80014ad4       0x64 C:/devkitPro/libogc/lib/wii\libwiiuse.a(ir.o)
                0x80014ad4                calculate_extended_ir
 .text.find_sensorbar
                0x80014b38      0xacc C:/devkitPro/libogc/lib/wii\libwiiuse.a(ir.o)
                0x80014b38                find_sensorbar
 .text.apply_ir_smoothing
                0x80015604      0x120 C:/devkitPro/libogc/lib/wii\libwiiuse.a(ir.o)
                0x80015604                apply_ir_smoothing
 .text.interpret_ir_data
                0x80015724      0x3e8 C:/devkitPro/libogc/lib/wii\libwiiuse.a(ir.o)
                0x80015724                interpret_ir_data
 .text.nunchuk_handshake
                0x80015b0c      0x390 C:/devkitPro/libogc/lib/wii\libwiiuse.a(nunchuk.o)
                0x80015b0c                nunchuk_handshake
 .text.nunchuk_disconnected
                0x80015e9c        0xc C:/devkitPro/libogc/lib/wii\libwiiuse.a(nunchuk.o)
                0x80015e9c                nunchuk_disconnected
 .text.nunchuk_event
                0x80015ea8       0xe8 C:/devkitPro/libogc/lib/wii\libwiiuse.a(nunchuk.o)
                0x80015ea8                nunchuk_event
 .text.wii_board_handshake
                0x80015f90      0x28c C:/devkitPro/libogc/lib/wii\libwiiuse.a(wiiboard.o)
                0x80015f90                wii_board_handshake
 .text.wii_board_disconnected
                0x8001621c        0xc C:/devkitPro/libogc/lib/wii\libwiiuse.a(wiiboard.o)
                0x8001621c                wii_board_disconnected
 .text.wii_board_event
                0x80016228       0x24 C:/devkitPro/libogc/lib/wii\libwiiuse.a(wiiboard.o)
                0x80016228                wii_board_event
 .text.wiiuse_send_next_command
                0x8001624c       0x58 C:/devkitPro/libogc/lib/wii\libwiiuse.a(wiiuse.o)
                0x8001624c                wiiuse_send_next_command
 .text.wiiuse_init
                0x800162a4      0x1fc C:/devkitPro/libogc/lib/wii\libwiiuse.a(wiiuse.o)
                0x800162a4                wiiuse_init
 .text.wiiuse_set_flags
                0x800164a0       0x28 C:/devkitPro/libogc/lib/wii\libwiiuse.a(wiiuse.o)
                0x800164a0                wiiuse_set_flags
 .text.wiiuse_read_data
                0x800164c8      0x120 C:/devkitPro/libogc/lib/wii\libwiiuse.a(wiiuse.o)
                0x800164c8                wiiuse_read_data
 .text.wiiuse_write_data
                0x800165e8      0x158 C:/devkitPro/libogc/lib/wii\libwiiuse.a(wiiuse.o)
                0x800165e8                wiiuse_write_data
 .text.wiiuse_sendcmd
                0x80016740      0x13c C:/devkitPro/libogc/lib/wii\libwiiuse.a(wiiuse.o)
                0x80016740                wiiuse_sendcmd
 .text.wiiuse_set_leds
                0x8001687c       0x50 C:/devkitPro/libogc/lib/wii\libwiiuse.a(wiiuse.o)
                0x8001687c                wiiuse_set_leds
 .text.wiiuse_set_report_type
                0x800168cc       0xb4 C:/devkitPro/libogc/lib/wii\libwiiuse.a(wiiuse.o)
                0x800168cc                wiiuse_set_report_type
 .text.wiiuse_status
                0x80016980       0x4c C:/devkitPro/libogc/lib/wii\libwiiuse.a(wiiuse.o)
                0x80016980                wiiuse_status
 .text.wiiuse_motion_sensing
                0x800169cc       0x84 C:/devkitPro/libogc/lib/wii\libwiiuse.a(wiiuse.o)
                0x800169cc                wiiuse_motion_sensing
 .text.wiiuse_set_speaker
                0x80016a50      0x248 C:/devkitPro/libogc/lib/wii\libwiiuse.a(speaker.o)
                0x80016a50                wiiuse_set_speaker
 .text.classic_ctrl_pressed_buttons
                0x80016c98       0x4c C:/devkitPro/libogc/lib/wii\libwiiuse.a(classic.o)
 .text.classic_ctrl_handshake
                0x80016ce4      0x460 C:/devkitPro/libogc/lib/wii\libwiiuse.a(classic.o)
                0x80016ce4                classic_ctrl_handshake
 .text.classic_ctrl_disconnected
                0x80017144        0xc C:/devkitPro/libogc/lib/wii\libwiiuse.a(classic.o)
                0x80017144                classic_ctrl_disconnected
 .text.classic_ctrl_event
                0x80017150      0x19c C:/devkitPro/libogc/lib/wii\libwiiuse.a(classic.o)
                0x80017150                classic_ctrl_event
 .text.handle_expansion
                0x800172ec       0x54 C:/devkitPro/libogc/lib/wii\libwiiuse.a(events.o)
 .text.parse_event
                0x80017340      0x73c C:/devkitPro/libogc/lib/wii\libwiiuse.a(events.o)
                0x80017340                parse_event
 .text.guitar_hero_3_handshake
                0x80017a7c       0x5c C:/devkitPro/libogc/lib/wii\libwiiuse.a(guitar_hero_3.o)
                0x80017a7c                guitar_hero_3_handshake
 .text.guitar_hero_3_disconnected
                0x80017ad8        0xc C:/devkitPro/libogc/lib/wii\libwiiuse.a(guitar_hero_3.o)
                0x80017ad8                guitar_hero_3_disconnected
 .text.guitar_hero_3_event
                0x80017ae4       0x60 C:/devkitPro/libogc/lib/wii\libwiiuse.a(guitar_hero_3.o)
                0x80017ae4                guitar_hero_3_event
 .text.acl_wlp_completed
                0x80017b44        0x8 C:/devkitPro/libogc/lib/wii\libbte.a(bte.o)
                0x80017b44                acl_wlp_completed
 .text.bt_alarmhandler
                0x80017b4c        0x4 C:/devkitPro/libogc/lib/wii\libbte.a(bte.o)
 .text.__bte_send_pending_request
                0x80017b50      0x11c C:/devkitPro/libogc/lib/wii\libbte.a(bte.o)
 .text.acl_conn_complete
                0x80017c6c       0x28 C:/devkitPro/libogc/lib/wii\libbte.a(bte.o)
                0x80017c6c                acl_conn_complete
 .text.acl_auth_complete
                0x80017c94       0x2c C:/devkitPro/libogc/lib/wii\libbte.a(bte.o)
                0x80017c94                acl_auth_complete
 .text.pin_req  0x80017cc0       0x8c C:/devkitPro/libogc/lib/wii\libbte.a(bte.o)
                0x80017cc0                pin_req
 .text.l2cap_connected
                0x80017d4c       0xf0 C:/devkitPro/libogc/lib/wii\libbte.a(bte.o)
                0x80017d4c                l2cap_connected
 .text.l2cap_accepted
                0x80017e3c       0xe8 C:/devkitPro/libogc/lib/wii\libbte.a(bte.o)
                0x80017e3c                l2cap_accepted
 .text.bte_inquiry_complete
                0x80017f24      0x230 C:/devkitPro/libogc/lib/wii\libbte.a(bte.o)
                0x80017f24                bte_inquiry_complete
 .text.l2cap_disconnect_cfm
                0x80018154      0x180 C:/devkitPro/libogc/lib/wii\libbte.a(bte.o)
                0x80018154                l2cap_disconnect_cfm
 .text.bte_process_input
                0x800182d4      0x120 C:/devkitPro/libogc/lib/wii\libbte.a(bte.o)
 .text.l2cap_disconnected_ind
                0x800183f4      0x18c C:/devkitPro/libogc/lib/wii\libbte.a(bte.o)
                0x800183f4                l2cap_disconnected_ind
 .text.__bte_shutdown_finished
                0x80018580       0xe0 C:/devkitPro/libogc/lib/wii\libbte.a(bte.o)
 .text.bte_hci_apply_patch_complete
                0x80018660      0x148 C:/devkitPro/libogc/lib/wii\libbte.a(bte.o)
                0x80018660                bte_hci_apply_patch_complete
 .text.bte_hci_patch_complete
                0x800187a8      0x340 C:/devkitPro/libogc/lib/wii\libbte.a(bte.o)
                0x800187a8                bte_hci_patch_complete
 .text.bte_read_remote_name_complete
                0x80018ae8      0x178 C:/devkitPro/libogc/lib/wii\libbte.a(bte.o)
                0x80018ae8                bte_read_remote_name_complete
 .text.bte_hci_initcore_complete
                0x80018c60      0x278 C:/devkitPro/libogc/lib/wii\libbte.a(bte.o)
                0x80018c60                bte_hci_initcore_complete
 .text.bte_read_stored_link_key_complete
                0x80018ed8      0x274 C:/devkitPro/libogc/lib/wii\libbte.a(bte.o)
                0x80018ed8                bte_read_stored_link_key_complete
 .text.bte_set_evt_filter_complete
                0x8001914c      0x1c4 C:/devkitPro/libogc/lib/wii\libbte.a(bte.o)
                0x8001914c                bte_set_evt_filter_complete
 .text.bte_hci_initcore_complete2
                0x80019310      0x218 C:/devkitPro/libogc/lib/wii\libbte.a(bte.o)
 .text.bte_hci_initsub_complete
                0x80019528      0x260 C:/devkitPro/libogc/lib/wii\libbte.a(bte.o)
                0x80019528                bte_hci_initsub_complete
 .text.BTE_Init
                0x80019788      0x148 C:/devkitPro/libogc/lib/wii\libbte.a(bte.o)
                0x80019788                BTE_Init
 .text.BTE_Close
                0x800198d0       0x58 C:/devkitPro/libogc/lib/wii\libbte.a(bte.o)
                0x800198d0                BTE_Close
 .text.BTE_Shutdown
                0x80019928       0xfc C:/devkitPro/libogc/lib/wii\libbte.a(bte.o)
                0x80019928                BTE_Shutdown
 .text.BTE_InitCore
                0x80019a24       0x74 C:/devkitPro/libogc/lib/wii\libbte.a(bte.o)
                0x80019a24                BTE_InitCore
 .text.BTE_ApplyPatch
                0x80019a98       0x8c C:/devkitPro/libogc/lib/wii\libbte.a(bte.o)
                0x80019a98                BTE_ApplyPatch
 .text.BTE_InitSub
                0x80019b24       0x78 C:/devkitPro/libogc/lib/wii\libbte.a(bte.o)
                0x80019b24                BTE_InitSub
 .text.BTE_ReadStoredLinkKey
                0x80019b9c       0x78 C:/devkitPro/libogc/lib/wii\libbte.a(bte.o)
                0x80019b9c                BTE_ReadStoredLinkKey
 .text.BTE_SetEvtFilter
                0x80019c14       0xa0 C:/devkitPro/libogc/lib/wii\libbte.a(bte.o)
                0x80019c14                BTE_SetEvtFilter
 .text.BTE_ReadRemoteName
                0x80019cb4       0x74 C:/devkitPro/libogc/lib/wii\libbte.a(bte.o)
                0x80019cb4                BTE_ReadRemoteName
 .text.BTE_LinkKeyRequestReply
                0x80019d28       0x84 C:/devkitPro/libogc/lib/wii\libbte.a(bte.o)
                0x80019d28                BTE_LinkKeyRequestReply
 .text.BTE_LinkKeyRequestNegativeReply
                0x80019dac       0x74 C:/devkitPro/libogc/lib/wii\libbte.a(bte.o)
                0x80019dac                BTE_LinkKeyRequestNegativeReply
 .text.BTE_GetPairMode
                0x80019e20        0xc C:/devkitPro/libogc/lib/wii\libbte.a(bte.o)
                0x80019e20                BTE_GetPairMode
 .text.BTE_SetDisconnectCallback
                0x80019e2c        0x4 C:/devkitPro/libogc/lib/wii\libbte.a(bte.o)
                0x80019e2c                BTE_SetDisconnectCallback
 .text.BTE_SetHostSyncButtonCallback
                0x80019e30       0x44 C:/devkitPro/libogc/lib/wii\libbte.a(bte.o)
                0x80019e30                BTE_SetHostSyncButtonCallback
 .text.BTE_SetConnectionRequestCallback
                0x80019e74       0x44 C:/devkitPro/libogc/lib/wii\libbte.a(bte.o)
                0x80019e74                BTE_SetConnectionRequestCallback
 .text.BTE_SetLinkKeyRequestCallback
                0x80019eb8       0x44 C:/devkitPro/libogc/lib/wii\libbte.a(bte.o)
                0x80019eb8                BTE_SetLinkKeyRequestCallback
 .text.BTE_SetLinkKeyNotificationCallback
                0x80019efc       0x44 C:/devkitPro/libogc/lib/wii\libbte.a(bte.o)
                0x80019efc                BTE_SetLinkKeyNotificationCallback
 .text.BTE_WriteStoredLinkKey
                0x80019f40       0x84 C:/devkitPro/libogc/lib/wii\libbte.a(bte.o)
                0x80019f40                BTE_WriteStoredLinkKey
 .text.BTE_ClearStoredLinkKeys
                0x80019fc4       0x68 C:/devkitPro/libogc/lib/wii\libbte.a(bte.o)
                0x80019fc4                BTE_ClearStoredLinkKeys
 .text.bte_new  0x8001a02c       0x54 C:/devkitPro/libogc/lib/wii\libbte.a(bte.o)
                0x8001a02c                bte_new
 .text.bte_free
                0x8001a080       0x38 C:/devkitPro/libogc/lib/wii\libbte.a(bte.o)
                0x8001a080                bte_free
 .text.BTE_Inquiry
                0x8001a0b8       0xbc C:/devkitPro/libogc/lib/wii\libbte.a(bte.o)
                0x8001a0b8                BTE_Inquiry
 .text.bte_disconnect
                0x8001a174       0xc0 C:/devkitPro/libogc/lib/wii\libbte.a(bte.o)
                0x8001a174                bte_disconnect
 .text.bte_connectasync
                0x8001a234      0x11c C:/devkitPro/libogc/lib/wii\libbte.a(bte.o)
                0x8001a234                bte_connectasync
 .text.bte_connectasync_step2
                0x8001a350       0xd4 C:/devkitPro/libogc/lib/wii\libbte.a(bte.o)
                0x8001a350                bte_connectasync_step2
 .text.bte_listenasync
                0x8001a424      0x108 C:/devkitPro/libogc/lib/wii\libbte.a(bte.o)
                0x8001a424                bte_listenasync
 .text.bte_listenasync_step2
                0x8001a52c       0xd0 C:/devkitPro/libogc/lib/wii\libbte.a(bte.o)
                0x8001a52c                bte_listenasync_step2
 .text.bte_senddata
                0x8001a5fc       0xfc C:/devkitPro/libogc/lib/wii\libbte.a(bte.o)
                0x8001a5fc                bte_senddata
 .text.bte_arg  0x8001a6f8       0x24 C:/devkitPro/libogc/lib/wii\libbte.a(bte.o)
                0x8001a6f8                bte_arg
 .text.bte_received
                0x8001a71c       0x24 C:/devkitPro/libogc/lib/wii\libbte.a(bte.o)
                0x8001a71c                bte_received
 .text.bte_disconnected
                0x8001a740       0x24 C:/devkitPro/libogc/lib/wii\libbte.a(bte.o)
                0x8001a740                bte_disconnected
 .text.hci_get_link
                0x8001a764       0x84 C:/devkitPro/libogc/lib/wii\libbte.a(hci.o)
 .text.hci_init
                0x8001a7e8       0x7c C:/devkitPro/libogc/lib/wii\libbte.a(hci.o)
                0x8001a7e8                hci_init
 .text.hci_close
                0x8001a864      0x124 C:/devkitPro/libogc/lib/wii\libbte.a(hci.o)
                0x8001a864                hci_close
 .text.hci_reset_all
                0x8001a988       0xa8 C:/devkitPro/libogc/lib/wii\libbte.a(hci.o)
                0x8001a988                hci_reset_all
 .text.hci_arg  0x8001aa30        0xc C:/devkitPro/libogc/lib/wii\libbte.a(hci.o)
                0x8001aa30                hci_arg
 .text.hci_cmd_complete
                0x8001aa3c        0xc C:/devkitPro/libogc/lib/wii\libbte.a(hci.o)
                0x8001aa3c                hci_cmd_complete
 .text.hci_pin_req
                0x8001aa48        0xc C:/devkitPro/libogc/lib/wii\libbte.a(hci.o)
                0x8001aa48                hci_pin_req
 .text.hci_sync_btn
                0x8001aa54        0xc C:/devkitPro/libogc/lib/wii\libbte.a(hci.o)
                0x8001aa54                hci_sync_btn
 .text.hci_remote_name_req_complete
                0x8001aa60        0xc C:/devkitPro/libogc/lib/wii\libbte.a(hci.o)
                0x8001aa60                hci_remote_name_req_complete
 .text.hci_link_key_req
                0x8001aa6c        0xc C:/devkitPro/libogc/lib/wii\libbte.a(hci.o)
                0x8001aa6c                hci_link_key_req
 .text.hci_link_key_not
                0x8001aa78        0xc C:/devkitPro/libogc/lib/wii\libbte.a(hci.o)
                0x8001aa78                hci_link_key_not
 .text.hci_connection_complete
                0x8001aa84        0xc C:/devkitPro/libogc/lib/wii\libbte.a(hci.o)
                0x8001aa84                hci_connection_complete
 .text.hci_auth_complete
                0x8001aa90        0xc C:/devkitPro/libogc/lib/wii\libbte.a(hci.o)
                0x8001aa90                hci_auth_complete
 .text.hci_wlp_complete
                0x8001aa9c        0xc C:/devkitPro/libogc/lib/wii\libbte.a(hci.o)
                0x8001aa9c                hci_wlp_complete
 .text.hci_conn_req
                0x8001aaa8        0xc C:/devkitPro/libogc/lib/wii\libbte.a(hci.o)
                0x8001aaa8                hci_conn_req
 .text.hci_reset
                0x8001aab4       0xa8 C:/devkitPro/libogc/lib/wii\libbte.a(hci.o)
                0x8001aab4                hci_reset
 .text.hci_read_buffer_size
                0x8001ab5c       0xa8 C:/devkitPro/libogc/lib/wii\libbte.a(hci.o)
                0x8001ab5c                hci_read_buffer_size
 .text.hci_read_bd_addr
                0x8001ac04       0xa8 C:/devkitPro/libogc/lib/wii\libbte.a(hci.o)
                0x8001ac04                hci_read_bd_addr
 .text.hci_read_local_version
                0x8001acac       0xa4 C:/devkitPro/libogc/lib/wii\libbte.a(hci.o)
                0x8001acac                hci_read_local_version
 .text.hci_read_local_features
                0x8001ad50       0xa8 C:/devkitPro/libogc/lib/wii\libbte.a(hci.o)
                0x8001ad50                hci_read_local_features
 .text.hci_read_stored_link_key
                0x8001adf8      0x10c C:/devkitPro/libogc/lib/wii\libbte.a(hci.o)
                0x8001adf8                hci_read_stored_link_key
 .text.hci_set_event_filter
                0x8001af04      0x178 C:/devkitPro/libogc/lib/wii\libbte.a(hci.o)
                0x8001af04                hci_set_event_filter
 .text.hci_write_page_timeout
                0x8001b07c       0xc8 C:/devkitPro/libogc/lib/wii\libbte.a(hci.o)
                0x8001b07c                hci_write_page_timeout
 .text.hci_write_scan_enable
                0x8001b144       0xc0 C:/devkitPro/libogc/lib/wii\libbte.a(hci.o)
                0x8001b144                hci_write_scan_enable
 .text.hci_inquiry
                0x8001b204      0x144 C:/devkitPro/libogc/lib/wii\libbte.a(hci.o)
                0x8001b204                hci_inquiry
 .text.hci_accept_conn_request
                0x8001b348       0xf0 C:/devkitPro/libogc/lib/wii\libbte.a(hci.o)
                0x8001b348                hci_accept_conn_request
 .text.hci_write_local_name
                0x8001b438       0xec C:/devkitPro/libogc/lib/wii\libbte.a(hci.o)
                0x8001b438                hci_write_local_name
 .text.hci_write_pin_type
                0x8001b524       0xc0 C:/devkitPro/libogc/lib/wii\libbte.a(hci.o)
                0x8001b524                hci_write_pin_type
 .text.hci_read_remote_name
                0x8001b5e4      0x1a8 C:/devkitPro/libogc/lib/wii\libbte.a(hci.o)
                0x8001b5e4                hci_read_remote_name
 .text.hci_write_inquiry_mode
                0x8001b78c       0xc0 C:/devkitPro/libogc/lib/wii\libbte.a(hci.o)
                0x8001b78c                hci_write_inquiry_mode
 .text.hci_write_page_scan_type
                0x8001b84c       0xc0 C:/devkitPro/libogc/lib/wii\libbte.a(hci.o)
                0x8001b84c                hci_write_page_scan_type
 .text.hci_write_inquiry_scan_type
                0x8001b90c       0xc0 C:/devkitPro/libogc/lib/wii\libbte.a(hci.o)
                0x8001b90c                hci_write_inquiry_scan_type
 .text.hci_vendor_specific_command
                0x8001b9cc      0x104 C:/devkitPro/libogc/lib/wii\libbte.a(hci.o)
                0x8001b9cc                hci_vendor_specific_command
 .text.hci_auth_req
                0x8001bad0       0xdc C:/devkitPro/libogc/lib/wii\libbte.a(hci.o)
                0x8001bad0                hci_auth_req
 .text.hci_write_link_policy_settings
                0x8001bbac       0xf4 C:/devkitPro/libogc/lib/wii\libbte.a(hci.o)
                0x8001bbac                hci_write_link_policy_settings
 .text.hci_pin_code_request_reply
                0x8001bca0      0x150 C:/devkitPro/libogc/lib/wii\libbte.a(hci.o)
                0x8001bca0                hci_pin_code_request_reply
 .text.hci_link_key_req_reply
                0x8001bdf0      0x114 C:/devkitPro/libogc/lib/wii\libbte.a(hci.o)
                0x8001bdf0                hci_link_key_req_reply
 .text.hci_pin_code_request_neg_reply
                0x8001bf04       0xd4 C:/devkitPro/libogc/lib/wii\libbte.a(hci.o)
                0x8001bf04                hci_pin_code_request_neg_reply
 .text.hci_link_key_req_neg_reply
                0x8001bfd8       0xd4 C:/devkitPro/libogc/lib/wii\libbte.a(hci.o)
                0x8001bfd8                hci_link_key_req_neg_reply
 .text.hci_disconnect
                0x8001c0ac       0xf8 C:/devkitPro/libogc/lib/wii\libbte.a(hci.o)
                0x8001c0ac                hci_disconnect
 .text.hci_reject_connection_request
                0x8001c1a4       0xf0 C:/devkitPro/libogc/lib/wii\libbte.a(hci.o)
                0x8001c1a4                hci_reject_connection_request
 .text.hci_write_stored_link_key
                0x8001c294      0x128 C:/devkitPro/libogc/lib/wii\libbte.a(hci.o)
                0x8001c294                hci_write_stored_link_key
 .text.hci_delete_stored_link_key
                0x8001c3bc      0x10c C:/devkitPro/libogc/lib/wii\libbte.a(hci.o)
                0x8001c3bc                hci_delete_stored_link_key
 .text.hci_write_cod
                0x8001c4c8       0xd8 C:/devkitPro/libogc/lib/wii\libbte.a(hci.o)
                0x8001c4c8                hci_write_cod
 .text.hci_host_buffer_size
                0x8001c5a0       0xf8 C:/devkitPro/libogc/lib/wii\libbte.a(hci.o)
                0x8001c5a0                hci_host_buffer_size
 .text.hci_host_num_comp_packets
                0x8001c698      0x100 C:/devkitPro/libogc/lib/wii\libbte.a(hci.o)
                0x8001c698                hci_host_num_comp_packets
 .text.lp_pdu_maxsize
                0x8001c798        0xc C:/devkitPro/libogc/lib/wii\libbte.a(hci.o)
                0x8001c798                lp_pdu_maxsize
 .text.hci_get_bd_addr
                0x8001c7a4       0x50 C:/devkitPro/libogc/lib/wii\libbte.a(hci.o)
                0x8001c7a4                hci_get_bd_addr
 .text.lp_is_connected
                0x8001c7f4       0x28 C:/devkitPro/libogc/lib/wii\libbte.a(hci.o)
                0x8001c7f4                lp_is_connected
 .text.lp_acl_write
                0x8001c81c      0x144 C:/devkitPro/libogc/lib/wii\libbte.a(hci.o)
                0x8001c81c                lp_acl_write
 .text.lp_write_flush_timeout
                0x8001c960       0xf4 C:/devkitPro/libogc/lib/wii\libbte.a(hci.o)
                0x8001c960                lp_write_flush_timeout
 .text.lp_connect_req
                0x8001ca54      0x274 C:/devkitPro/libogc/lib/wii\libbte.a(hci.o)
                0x8001ca54                lp_connect_req
 .text.hci_event_handler
                0x8001ccc8      0xdf4 C:/devkitPro/libogc/lib/wii\libbte.a(hci.o)
                0x8001ccc8                hci_event_handler
 .text.hci_acldata_handler
                0x8001dabc       0xec C:/devkitPro/libogc/lib/wii\libbte.a(hci.o)
                0x8001dabc                hci_acldata_handler
 .text.l2cap_init
                0x8001dba8       0x60 C:/devkitPro/libogc/lib/wii\libbte.a(l2cap.o)
                0x8001dba8                l2cap_init
 .text.l2cap_write
                0x8001dc08      0x1a0 C:/devkitPro/libogc/lib/wii\libbte.a(l2cap.o)
                0x8001dc08                l2cap_write
 .text.l2cap_new
                0x8001dda8       0x60 C:/devkitPro/libogc/lib/wii\libbte.a(l2cap.o)
                0x8001dda8                l2cap_new
 .text.l2cap_close
                0x8001de08      0x1b4 C:/devkitPro/libogc/lib/wii\libbte.a(l2cap.o)
                0x8001de08                l2cap_close
 .text.l2cap_reset_all
                0x8001dfbc      0x134 C:/devkitPro/libogc/lib/wii\libbte.a(l2cap.o)
                0x8001dfbc                l2cap_reset_all
 .text.l2cap_signal
                0x8001e0f0      0x204 C:/devkitPro/libogc/lib/wii\libbte.a(l2cap.o)
                0x8001e0f0                l2cap_signal
 .text.l2ca_connect_req
                0x8001e2f4      0x1b8 C:/devkitPro/libogc/lib/wii\libbte.a(l2cap.o)
                0x8001e2f4                l2ca_connect_req
 .text.l2ca_config_req
                0x8001e4ac      0x128 C:/devkitPro/libogc/lib/wii\libbte.a(l2cap.o)
                0x8001e4ac                l2ca_config_req
 .text.l2ca_disconnect_req
                0x8001e5d4       0xbc C:/devkitPro/libogc/lib/wii\libbte.a(l2cap.o)
                0x8001e5d4                l2ca_disconnect_req
 .text.l2cap_tmr
                0x8001e690      0x260 C:/devkitPro/libogc/lib/wii\libbte.a(l2cap.o)
                0x8001e690                l2cap_tmr
 .text.l2cap_process_sig
                0x8001e8f0     0x11bc C:/devkitPro/libogc/lib/wii\libbte.a(l2cap.o)
                0x8001e8f0                l2cap_process_sig
 .text.l2cap_input
                0x8001faac      0x5bc C:/devkitPro/libogc/lib/wii\libbte.a(l2cap.o)
                0x8001faac                l2cap_input
 .text.l2ca_datawrite
                0x80020068      0x108 C:/devkitPro/libogc/lib/wii\libbte.a(l2cap.o)
                0x80020068                l2ca_datawrite
 .text.lp_connect_cfm
                0x80020170      0x160 C:/devkitPro/libogc/lib/wii\libbte.a(l2cap.o)
                0x80020170                lp_connect_cfm
 .text.lp_connect_ind
                0x800202d0        0x4 C:/devkitPro/libogc/lib/wii\libbte.a(l2cap.o)
                0x800202d0                lp_connect_ind
 .text.lp_disconnect_ind
                0x800202d4      0x1b0 C:/devkitPro/libogc/lib/wii\libbte.a(l2cap.o)
                0x800202d4                lp_disconnect_ind
 .text.l2cap_disconnect_bb
                0x80020484       0x10 C:/devkitPro/libogc/lib/wii\libbte.a(l2cap.o)
                0x80020484                l2cap_disconnect_bb
 .text.l2cap_arg
                0x80020494        0x8 C:/devkitPro/libogc/lib/wii\libbte.a(l2cap.o)
                0x80020494                l2cap_arg
 .text.l2cap_connect_ind
                0x8002049c       0xec C:/devkitPro/libogc/lib/wii\libbte.a(l2cap.o)
                0x8002049c                l2cap_connect_ind
 .text.l2cap_disconnect_ind
                0x80020588        0x8 C:/devkitPro/libogc/lib/wii\libbte.a(l2cap.o)
                0x80020588                l2cap_disconnect_ind
 .text.l2cap_recv
                0x80020590        0x8 C:/devkitPro/libogc/lib/wii\libbte.a(l2cap.o)
                0x80020590                l2cap_recv
 .text.btmemb_init
                0x80020598       0x24 C:/devkitPro/libogc/lib/wii\libbte.a(btmemb.o)
                0x80020598                btmemb_init
 .text.btmemb_alloc
                0x800205bc       0x88 C:/devkitPro/libogc/lib/wii\libbte.a(btmemb.o)
                0x800205bc                btmemb_alloc
 .text.btmemb_free
                0x80020644       0xcc C:/devkitPro/libogc/lib/wii\libbte.a(btmemb.o)
                0x80020644                btmemb_free
 .text.plug_holes
                0x80020710       0xac C:/devkitPro/libogc/lib/wii\libbte.a(btmemr.o)
 .text.btmemr_init
                0x800207bc       0x90 C:/devkitPro/libogc/lib/wii\libbte.a(btmemr.o)
                0x800207bc                btmemr_init
 .text.btmemr_malloc
                0x8002084c      0x164 C:/devkitPro/libogc/lib/wii\libbte.a(btmemr.o)
                0x8002084c                btmemr_malloc
 .text.btmemr_free
                0x800209b0       0x90 C:/devkitPro/libogc/lib/wii\libbte.a(btmemr.o)
                0x800209b0                btmemr_free
 .text.btmemr_realloc
                0x80020a40      0x10c C:/devkitPro/libogc/lib/wii\libbte.a(btmemr.o)
                0x80020a40                btmemr_realloc
 .text.btpbuf_init
                0x80020b4c       0x28 C:/devkitPro/libogc/lib/wii\libbte.a(btpbuf.o)
                0x80020b4c                btpbuf_init
 .text.btpbuf_free
                0x80020b74       0xfc C:/devkitPro/libogc/lib/wii\libbte.a(btpbuf.o)
                0x80020b74                btpbuf_free
 .text.btpbuf_alloc
                0x80020c70      0x268 C:/devkitPro/libogc/lib/wii\libbte.a(btpbuf.o)
                0x80020c70                btpbuf_alloc
 .text.btpbuf_realloc
                0x80020ed8      0x120 C:/devkitPro/libogc/lib/wii\libbte.a(btpbuf.o)
                0x80020ed8                btpbuf_realloc
 .text.btpbuf_header
                0x80020ff8       0x80 C:/devkitPro/libogc/lib/wii\libbte.a(btpbuf.o)
                0x80020ff8                btpbuf_header
 .text.btpbuf_ref
                0x80021078       0x34 C:/devkitPro/libogc/lib/wii\libbte.a(btpbuf.o)
                0x80021078                btpbuf_ref
 .text.btpbuf_chain
                0x800210ac       0x88 C:/devkitPro/libogc/lib/wii\libbte.a(btpbuf.o)
                0x800210ac                btpbuf_chain
 .text.btpbuf_dechain
                0x80021134       0x6c C:/devkitPro/libogc/lib/wii\libbte.a(btpbuf.o)
                0x80021134                btpbuf_dechain
 .text.btpbuf_take
                0x800211a0      0x13c C:/devkitPro/libogc/lib/wii\libbte.a(btpbuf.o)
                0x800211a0                btpbuf_take
 .text.__writebulkmsgCB
                0x800212dc       0x3c C:/devkitPro/libogc/lib/wii\libbte.a(physbusif.o)
 .text.__writectrlmsgCB
                0x80021318       0x3c C:/devkitPro/libogc/lib/wii\libbte.a(physbusif.o)
 .text.__issue_intrread.part.0
                0x80021354       0x80 C:/devkitPro/libogc/lib/wii\libbte.a(physbusif.o)
 .text.__readintrdataCB
                0x800213d4      0x134 C:/devkitPro/libogc/lib/wii\libbte.a(physbusif.o)
 .text.__issue_bulkread.part.0
                0x80021508       0x80 C:/devkitPro/libogc/lib/wii\libbte.a(physbusif.o)
 .text.__readbulkdataCB
                0x80021588      0x134 C:/devkitPro/libogc/lib/wii\libbte.a(physbusif.o)
 .text.physbusif_init
                0x800216bc      0x1ec C:/devkitPro/libogc/lib/wii\libbte.a(physbusif.o)
                0x800216bc                physbusif_init
 .text.physbusif_close
                0x800218a8       0x20 C:/devkitPro/libogc/lib/wii\libbte.a(physbusif.o)
                0x800218a8                physbusif_close
 .text.physbusif_shutdown
                0x800218c8       0x18 C:/devkitPro/libogc/lib/wii\libbte.a(physbusif.o)
                0x800218c8                physbusif_shutdown
 .text.physbusif_reset_all
                0x800218e0        0x4 C:/devkitPro/libogc/lib/wii\libbte.a(physbusif.o)
                0x800218e0                physbusif_reset_all
 .text.physbusif_output
                0x800218e4      0x1f4 C:/devkitPro/libogc/lib/wii\libbte.a(physbusif.o)
                0x800218e4                physbusif_output
 .text.dvmMountVolume
                0x80021ad8      0x200 C:/devkitPro/libogc/lib/wii\libfat.a(dvm_volume.o)
                0x80021ad8                dvmMountVolume
 .text.dvmUnmountVolume
                0x80021cd8       0x9c C:/devkitPro/libogc/lib/wii\libfat.a(dvm_volume.o)
                0x80021cd8                dvmUnmountVolume
 .text._dvmSetAppWorkingDir
                0x80021d74       0x88 C:/devkitPro/libogc/lib/wii\libfat.a(dvm_volume.o)
                0x80021d74                _dvmSetAppWorkingDir
 .text.fatInitDefault
                0x80021dfc       0x18 C:/devkitPro/libogc/lib/wii\libfat.a(fat_wrappers.o)
                0x80021dfc                fatInitDefault
 .text._FAT_fstat_r
                0x80021e14      0x118 C:/devkitPro/libogc/lib/wii\libfat.a(fat_driver.o)
 .text._FAT_umount
                0x80021f2c       0x34 C:/devkitPro/libogc/lib/wii\libfat.a(fat_driver.o)
 .text._FAT_mount
                0x80021f60       0x78 C:/devkitPro/libogc/lib/wii\libfat.a(fat_driver.o)
 .text._FAT_seek_r
                0x80021fd8      0x188 C:/devkitPro/libogc/lib/wii\libfat.a(fat_driver.o)
 .text._FAT_set_stat
                0x80022160      0x124 C:/devkitPro/libogc/lib/wii\libfat.a(fat_driver.o)
 .text._FAT_mkdir_r
                0x80022284       0x94 C:/devkitPro/libogc/lib/wii\libfat.a(fat_driver.o)
 .text._FAT_chdir_r
                0x80022318       0x94 C:/devkitPro/libogc/lib/wii\libfat.a(fat_driver.o)
 .text._FAT_unlink_r
                0x800223ac       0x98 C:/devkitPro/libogc/lib/wii\libfat.a(fat_driver.o)
 .text._FAT_rmdir_r
                0x80022444       0x98 C:/devkitPro/libogc/lib/wii\libfat.a(fat_driver.o)
 .text._FAT_diropen_r
                0x800224dc       0xb0 C:/devkitPro/libogc/lib/wii\libfat.a(fat_driver.o)
 .text._FAT_fsync_r
                0x8002258c       0xac C:/devkitPro/libogc/lib/wii\libfat.a(fat_driver.o)
 .text._FAT_close_r
                0x80022638       0xac C:/devkitPro/libogc/lib/wii\libfat.a(fat_driver.o)
 .text._FAT_dirclose_r
                0x800226e4       0xac C:/devkitPro/libogc/lib/wii\libfat.a(fat_driver.o)
 .text._FAT_dirreset_r
                0x80022790       0xb0 C:/devkitPro/libogc/lib/wii\libfat.a(fat_driver.o)
 .text._FAT_rename_r
                0x80022840       0xbc C:/devkitPro/libogc/lib/wii\libfat.a(fat_driver.o)
 .text._FAT_stat_r
                0x800228fc       0xf0 C:/devkitPro/libogc/lib/wii\libfat.a(fat_driver.o)
 .text._FAT_read_r
                0x800229ec       0x9c C:/devkitPro/libogc/lib/wii\libfat.a(fat_driver.o)
 .text._FAT_write_r
                0x80022a88       0x9c C:/devkitPro/libogc/lib/wii\libfat.a(fat_driver.o)
 .text._FAT_statvfs_r
                0x80022b24      0x124 C:/devkitPro/libogc/lib/wii\libfat.a(fat_driver.o)
 .text._FAT_ftruncate_r
                0x80022c48      0x1d8 C:/devkitPro/libogc/lib/wii\libfat.a(fat_driver.o)
 .text._FAT_dirnext_r
                0x80022e20      0x1a0 C:/devkitPro/libogc/lib/wii\libfat.a(fat_driver.o)
 .text._FAT_open_r
                0x80022fc0      0x17c C:/devkitPro/libogc/lib/wii\libfat.a(fat_driver.o)
 .text.get_fattime
                0x8002313c       0x8c C:/devkitPro/libogc/lib/wii\libfat.a(fat_driver.o)
                0x8002313c                get_fattime
 .text.ff_mutex_create
                0x800231c8       0x14 C:/devkitPro/libogc/lib/wii\libfat.a(fat_driver.o)
                0x800231c8                ff_mutex_create
 .text.ff_mutex_delete
                0x800231dc        0x8 C:/devkitPro/libogc/lib/wii\libfat.a(fat_driver.o)
                0x800231dc                ff_mutex_delete
 .text.ff_mutex_take
                0x800231e4       0x28 C:/devkitPro/libogc/lib/wii\libfat.a(fat_driver.o)
                0x800231e4                ff_mutex_take
 .text.ff_mutex_give
                0x8002320c        0x8 C:/devkitPro/libogc/lib/wii\libfat.a(fat_driver.o)
                0x8002320c                ff_mutex_give
 .text.disk_initialize
                0x80023214       0x24 C:/devkitPro/libogc/lib/wii\libfat.a(fat_driver.o)
                0x80023214                disk_initialize
 .text.disk_status
                0x80023238       0x24 C:/devkitPro/libogc/lib/wii\libfat.a(fat_driver.o)
                0x80023238                disk_status
 .text.disk_read
                0x8002325c       0x44 C:/devkitPro/libogc/lib/wii\libfat.a(fat_driver.o)
                0x8002325c                disk_read
 .text.disk_write
                0x800232a0       0x44 C:/devkitPro/libogc/lib/wii\libfat.a(fat_driver.o)
                0x800232a0                disk_write
 .text.disk_ioctl
                0x800232e4       0x5c C:/devkitPro/libogc/lib/wii\libfat.a(fat_driver.o)
                0x800232e4                disk_ioctl
 .text._dvmDetectSectorShift
                0x80023340       0x34 C:/devkitPro/libogc/lib/wii\libfat.a(dvm_libogc.o)
                0x80023340                _dvmDetectSectorShift
 .text.dvmInit  0x80023374      0x130 C:/devkitPro/libogc/lib/wii\libfat.a(dvm_libogc.o)
                0x80023374                dvmInit
 .text.tchar2uni
                0x800234a4       0xe8 C:/devkitPro/libogc/lib/wii\libfat.a(ff.o)
 .text.sync_window
                0x8002358c       0xb0 C:/devkitPro/libogc/lib/wii\libfat.a(ff.o)
 .text.validate
                0x8002363c       0xd8 C:/devkitPro/libogc/lib/wii\libfat.a(ff.o)
 .text.put_utf  0x80023714      0x148 C:/devkitPro/libogc/lib/wii\libfat.a(ff.o)
 .text.dir_clear
                0x8002385c       0xdc C:/devkitPro/libogc/lib/wii\libfat.a(ff.o)
 .text.get_fileinfo
                0x80023938      0x2fc C:/devkitPro/libogc/lib/wii\libfat.a(ff.o)
 .text.sync_fs  0x80023c34      0x178 C:/devkitPro/libogc/lib/wii\libfat.a(ff.o)
 .text.move_window
                0x80023dac       0xfc C:/devkitPro/libogc/lib/wii\libfat.a(ff.o)
 .text.put_fat.part.0
                0x80023ea8      0x214 C:/devkitPro/libogc/lib/wii\libfat.a(ff.o)
 .text.get_fat.isra.0
                0x800240bc      0x224 C:/devkitPro/libogc/lib/wii\libfat.a(ff.o)
 .text.remove_chain
                0x800242e0      0x1a4 C:/devkitPro/libogc/lib/wii\libfat.a(ff.o)
 .text.create_chain
                0x80024484      0x2ac C:/devkitPro/libogc/lib/wii\libfat.a(ff.o)
 .text.dir_next
                0x80024730      0x218 C:/devkitPro/libogc/lib/wii\libfat.a(ff.o)
 .text.dir_read
                0x80024948      0x304 C:/devkitPro/libogc/lib/wii\libfat.a(ff.o)
 .text.dir_sdi  0x80024c4c      0x1e0 C:/devkitPro/libogc/lib/wii\libfat.a(ff.o)
 .text.dir_alloc
                0x80024e2c      0x170 C:/devkitPro/libogc/lib/wii\libfat.a(ff.o)
 .text.dir_remove
                0x80024f9c      0x1b0 C:/devkitPro/libogc/lib/wii\libfat.a(ff.o)
 .text.dir_find
                0x8002514c      0x38c C:/devkitPro/libogc/lib/wii\libfat.a(ff.o)
 .text.follow_path
                0x800254d8      0x708 C:/devkitPro/libogc/lib/wii\libfat.a(ff.o)
 .text.dir_register
                0x80025be0      0x590 C:/devkitPro/libogc/lib/wii\libfat.a(ff.o)
 .text.check_fs
                0x80026170      0x304 C:/devkitPro/libogc/lib/wii\libfat.a(ff.o)
 .text.mount_volume.part.0
                0x80026474      0x584 C:/devkitPro/libogc/lib/wii\libfat.a(ff.o)
 .text.f_mount  0x800269f8       0xb0 C:/devkitPro/libogc/lib/wii\libfat.a(ff.o)
                0x800269f8                f_mount
 .text.f_umount
                0x80026aa8       0x3c C:/devkitPro/libogc/lib/wii\libfat.a(ff.o)
                0x80026aa8                f_umount
 .text.f_open   0x80026ae4      0x404 C:/devkitPro/libogc/lib/wii\libfat.a(ff.o)
                0x80026ae4                f_open
 .text.f_read   0x80026ee8      0x3b8 C:/devkitPro/libogc/lib/wii\libfat.a(ff.o)
                0x80026ee8                f_read
 .text.f_write  0x800272a0      0x450 C:/devkitPro/libogc/lib/wii\libfat.a(ff.o)
                0x800272a0                f_write
 .text.f_sync   0x800276f0      0x1cc C:/devkitPro/libogc/lib/wii\libfat.a(ff.o)
                0x800276f0                f_sync
 .text.f_close  0x800278bc       0x80 C:/devkitPro/libogc/lib/wii\libfat.a(ff.o)
                0x800278bc                f_close
 .text.f_chdir  0x8002793c      0x130 C:/devkitPro/libogc/lib/wii\libfat.a(ff.o)
                0x8002793c                f_chdir
 .text.f_lseek  0x80027a6c      0x33c C:/devkitPro/libogc/lib/wii\libfat.a(ff.o)
                0x80027a6c                f_lseek
 .text.f_opendir
                0x80027da8      0x194 C:/devkitPro/libogc/lib/wii\libfat.a(ff.o)
                0x80027da8                f_opendir
 .text.f_closedir
                0x80027f3c       0xb0 C:/devkitPro/libogc/lib/wii\libfat.a(ff.o)
                0x80027f3c                f_closedir
 .text.f_readdir
                0x80027fec      0x150 C:/devkitPro/libogc/lib/wii\libfat.a(ff.o)
                0x80027fec                f_readdir
 .text.f_stat   0x8002813c      0x16c C:/devkitPro/libogc/lib/wii\libfat.a(ff.o)
                0x8002813c                f_stat
 .text.f_getfree
                0x800282a8      0x220 C:/devkitPro/libogc/lib/wii\libfat.a(ff.o)
                0x800282a8                f_getfree
 .text.f_truncate
                0x800284c8      0x214 C:/devkitPro/libogc/lib/wii\libfat.a(ff.o)
                0x800284c8                f_truncate
 .text.f_unlink
                0x800286dc      0x1f8 C:/devkitPro/libogc/lib/wii\libfat.a(ff.o)
                0x800286dc                f_unlink
 .text.f_mkdir  0x800288d4      0x320 C:/devkitPro/libogc/lib/wii\libfat.a(ff.o)
                0x800288d4                f_mkdir
 .text.f_rename
                0x80028bf4      0x2e8 C:/devkitPro/libogc/lib/wii\libfat.a(ff.o)
                0x80028bf4                f_rename
 .text.ff_uni2oem
                0x80028edc       0x68 C:/devkitPro/libogc/lib/wii\libfat.a(ffunicode.o)
                0x80028edc                ff_uni2oem
 .text.ff_oem2uni
                0x80028f44       0x40 C:/devkitPro/libogc/lib/wii\libfat.a(ffunicode.o)
                0x80028f44                ff_oem2uni
 .text.ff_wtoupper
                0x80028f84      0x120 C:/devkitPro/libogc/lib/wii\libfat.a(ffunicode.o)
                0x80028f84                ff_wtoupper
 .text._dvmDiscWrapReadSectors
                0x800290a4       0x1c C:/devkitPro/libogc/lib/wii\libfat.a(dvm_disc.o)
 .text._dvmDiscWrapWriteSectors
                0x800290c0       0x1c C:/devkitPro/libogc/lib/wii\libfat.a(dvm_disc.o)
 .text._dvmDiscWrapFlush
                0x800290dc        0x4 C:/devkitPro/libogc/lib/wii\libfat.a(dvm_disc.o)
 .text._dvmDiscWrapDestroy
                0x800290e0        0x4 C:/devkitPro/libogc/lib/wii\libfat.a(dvm_disc.o)
 .text.dvmDiscCreate
                0x800290e4       0xc4 C:/devkitPro/libogc/lib/wii\libfat.a(dvm_disc.o)
                0x800290e4                dvmDiscCreate
 .text.dvmDiscAddUser
                0x800291a8       0x10 C:/devkitPro/libogc/lib/wii\libfat.a(dvm_disc.o)
                0x800291a8                dvmDiscAddUser
 .text.dvmDiscRemoveUser
                0x800291b8       0x28 C:/devkitPro/libogc/lib/wii\libfat.a(dvm_disc.o)
                0x800291b8                dvmDiscRemoveUser
 .text._dvmDiscCacheReadWrite
                0x800291e0      0x584 C:/devkitPro/libogc/lib/wii\libfat.a(dvm_cache.o)
 .text._dvmDiscCacheWriteSectors
                0x80029764       0x88 C:/devkitPro/libogc/lib/wii\libfat.a(dvm_cache.o)
 .text._dvmDiscCacheReadSectors
                0x800297ec       0x88 C:/devkitPro/libogc/lib/wii\libfat.a(dvm_cache.o)
 .text._dvmDiscCacheFlush
                0x80029874      0x100 C:/devkitPro/libogc/lib/wii\libfat.a(dvm_cache.o)
 .text._dvmDiscCacheDestroy
                0x80029974       0x48 C:/devkitPro/libogc/lib/wii\libfat.a(dvm_cache.o)
 .text.dvmDiscCacheCreate
                0x800299bc      0x208 C:/devkitPro/libogc/lib/wii\libfat.a(dvm_cache.o)
                0x800299bc                dvmDiscCacheCreate
 .text._dvmIdentMbrVbr
                0x80029bc4      0x15c C:/devkitPro/libogc/lib/wii\libfat.a(dvm_prober.o)
 .text._dvmReadPartitionTable
                0x80029d20      0x234 C:/devkitPro/libogc/lib/wii\libfat.a(dvm_prober.o)
 .text.dvmProbeMountDisc
                0x80029f54      0x14c C:/devkitPro/libogc/lib/wii\libfat.a(dvm_prober.o)
                0x80029f54                dvmProbeMountDisc
 .text.dvmProbeMountDiscIface
                0x8002a0a0       0xb4 C:/devkitPro/libogc/lib/wii\libfat.a(dvm_prober.o)
                0x8002a0a0                dvmProbeMountDiscIface
 .text.DEBUGPrint
                0x8002a154        0x4 C:/devkitPro/libogc/lib/wii\libogc.a(common_crt0.o)
                0x8002a154                DEBUGPrint
 .text.__eabi   0x8002a158        0x4 C:/devkitPro/libogc/lib/wii\libogc.a(common_crt0.o)
                0x8002a158                __eabi
 .text.PPCEarlyInit
                0x8002a15c       0x24 C:/devkitPro/libogc/lib/wii\libogc.a(early_init.o)
                0x8002a15c                PPCEarlyInit
 .text.PPCEarlyInitImpl
                0x8002a180      0x1a4 C:/devkitPro/libogc/lib/wii\libogc.a(early_init.o)
 .text.PPCExcptDefaultPanicFn
                0x8002a324       0xac C:/devkitPro/libogc/lib/wii\libogc.a(exception.o)
 .text.PPCExcptInit
                0x8002a3d0      0x140 C:/devkitPro/libogc/lib/wii\libogc.a(exception.o)
                0x8002a3d0                PPCExcptInit
 .text.PPCExcptEntryGeneral
                0x8002a510       0x60 C:/devkitPro/libogc/lib/wii\libogc.a(exception_asm.o)
                0x8002a514                PPCExcptEntryGeneral
 .text.PPCExcptEntryFpu
                0x8002a570       0x90 C:/devkitPro/libogc/lib/wii\libogc.a(exception_asm.o)
                0x8002a574                PPCExcptEntryFpu
 .text.PPCExcptFpuHandler
                0x8002a600      0x260 C:/devkitPro/libogc/lib/wii\libogc.a(exception_asm.o)
 .text.PPCExcptDefaultScHandler
                0x8002a860       0x3c C:/devkitPro/libogc/lib/wii\libogc.a(exception_asm.o)
                0x8002a860                PPCExcptDefaultScHandler
 .text.PPCExcptDefaultHandler
                0x8002a89c      0x13c C:/devkitPro/libogc/lib/wii\libogc.a(exception_asm.o)
                0x8002a89c                PPCExcptDefaultHandler
 .text.KIrqInit
                0x8002a9d8       0x94 C:/devkitPro/libogc/lib/wii\libogc.a(interrupt.o)
                0x8002a9d8                KIrqInit
 .text.KIrqDispatch
                0x8002aa6c      0x260 C:/devkitPro/libogc/lib/wii\libogc.a(interrupt.o)
                0x8002aa6c                KIrqDispatch
 .text.KIrqEnable
                0x8002accc      0x248 C:/devkitPro/libogc/lib/wii\libogc.a(interrupt.o)
                0x8002accc                KIrqEnable
 .text.KIrqDisable
                0x8002af14      0x244 C:/devkitPro/libogc/lib/wii\libogc.a(interrupt.o)
                0x8002af14                KIrqDisable
 .text.KIrqGet  0x8002b158       0x14 C:/devkitPro/libogc/lib/wii\libogc.a(interrupt.o)
                0x8002b158                KIrqGet
 .text.KIrqSet  0x8002b16c       0x3c C:/devkitPro/libogc/lib/wii\libogc.a(interrupt.o)
                0x8002b16c                KIrqSet
 .text.PPCExcptIrqHandler
                0x8002b1a8      0x144 C:/devkitPro/libogc/lib/wii\libogc.a(interrupt_asm.o)
                0x8002b1a8                PPCExcptIrqHandler
 .text.__PPCContextPrepareToJump
                0x8002b2ec       0x4c C:/devkitPro/libogc/lib/wii\libogc.a(interrupt_asm.o)
                0x8002b2ec                __PPCContextPrepareToJump
 .text.__PPCContextJump
                0x8002b338        0x8 C:/devkitPro/libogc/lib/wii\libogc.a(interrupt_asm.o)
                0x8002b338                __PPCContextJump
 .text.KThreadIdleMain
                0x8002b340        0x4 C:/devkitPro/libogc/lib/wii\libogc.a(thread.o)
 .text.__getreent
                0x8002b344       0x24 C:/devkitPro/libogc/lib/wii\libogc.a(thread.o)
                0x8002b344                __getreent
 .text.KThreadInit
                0x8002b368      0x100 C:/devkitPro/libogc/lib/wii\libogc.a(thread.o)
                0x8002b368                KThreadInit
 .text.KThreadPrepare
                0x8002b468      0x1e8 C:/devkitPro/libogc/lib/wii\libogc.a(thread.o)
                0x8002b468                KThreadPrepare
 .text.KThreadSwitchTo
                0x8002b650       0x88 C:/devkitPro/libogc/lib/wii\libogc.a(thread.o)
                0x8002b650                KThreadSwitchTo
 .text.KThreadResume
                0x8002b6d8       0xa8 C:/devkitPro/libogc/lib/wii\libogc.a(thread.o)
                0x8002b6d8                KThreadResume
 .text.KThrQueueBlock
                0x8002b780      0x108 C:/devkitPro/libogc/lib/wii\libogc.a(thread.o)
                0x8002b780                KThrQueueBlock
 .text.KThreadJoin
                0x8002b888       0x88 C:/devkitPro/libogc/lib/wii\libogc.a(thread.o)
                0x8002b888                KThreadJoin
 .text.KThreadSleepTicks
                0x8002b910       0x70 C:/devkitPro/libogc/lib/wii\libogc.a(thread.o)
                0x8002b910                KThreadSleepTicks
 .text.KThrQueueUnblockOneByValue
                0x8002b980       0xcc C:/devkitPro/libogc/lib/wii\libogc.a(thread.o)
                0x8002b980                KThrQueueUnblockOneByValue
 .text.KThrQueueUnblockAllByValue
                0x8002ba4c      0x154 C:/devkitPro/libogc/lib/wii\libogc.a(thread.o)
                0x8002ba4c                KThrQueueUnblockAllByValue
 .text.KThreadSleepWakeup
                0x8002bba0       0x10 C:/devkitPro/libogc/lib/wii\libogc.a(thread.o)
 .text.KThreadExit
                0x8002bbb0       0xc4 C:/devkitPro/libogc/lib/wii\libogc.a(thread.o)
                0x8002bbb0                KThreadExit
 .text.KThreadUpdateDynamicPrio
                0x8002bc74      0x1f4 C:/devkitPro/libogc/lib/wii\libogc.a(sync.o)
                0x8002bc74                KThreadUpdateDynamicPrio
 .text.KThreadRemoveWaiter
                0x8002be68      0x178 C:/devkitPro/libogc/lib/wii\libogc.a(sync.o)
 .text.KMutexLock
                0x8002bfe0      0x194 C:/devkitPro/libogc/lib/wii\libogc.a(sync.o)
                0x8002bfe0                KMutexLock
 .text.KMutexUnlock
                0x8002c174      0x104 C:/devkitPro/libogc/lib/wii\libogc.a(sync.o)
                0x8002c174                KMutexUnlock
 .text.KTickTaskReschedule
                0x8002c278       0x6c C:/devkitPro/libogc/lib/wii\libogc.a(tick.o)
 .text.KTickTaskRun
                0x8002c2e4      0x128 C:/devkitPro/libogc/lib/wii\libogc.a(tick.o)
                0x8002c2e4                KTickTaskRun
 .text.KTickTaskStart
                0x8002c40c      0x168 C:/devkitPro/libogc/lib/wii\libogc.a(tick.o)
                0x8002c40c                KTickTaskStart
 .text.KTickTaskStop
                0x8002c574       0xc4 C:/devkitPro/libogc/lib/wii\libogc.a(tick.o)
                0x8002c574                KTickTaskStop
 .text.__syscall_lock_acquire
                0x8002c638        0x4 C:/devkitPro/libogc/lib/wii\libogc.a(newlib_syscalls.o)
                0x8002c638                __syscall_lock_acquire
 .text.__syscall_lock_release
                0x8002c63c        0x4 C:/devkitPro/libogc/lib/wii\libogc.a(newlib_syscalls.o)
                0x8002c63c                __syscall_lock_release
 .text.__syscall_lock_acquire_recursive
                0x8002c640       0x50 C:/devkitPro/libogc/lib/wii\libogc.a(newlib_syscalls.o)
                0x8002c640                __syscall_lock_acquire_recursive
 .text.__syscall_lock_release_recursive
                0x8002c690       0x18 C:/devkitPro/libogc/lib/wii\libogc.a(newlib_syscalls.o)
                0x8002c690                __syscall_lock_release_recursive
 .text.lwpc_alarm_cb
                0x8002c6a8       0x10 C:/devkitPro/libogc/lib/wii\libogc.a(lwpc_alarm.o)
 .text.SYS_CreateAlarm
                0x8002c6b8       0x74 C:/devkitPro/libogc/lib/wii\libogc.a(lwpc_alarm.o)
                0x8002c6b8                SYS_CreateAlarm
 .text.SYS_SetAlarm
                0x8002c72c      0x120 C:/devkitPro/libogc/lib/wii\libogc.a(lwpc_alarm.o)
                0x8002c72c                SYS_SetAlarm
 .text.SYS_SetPeriodicAlarm
                0x8002c84c      0x1b8 C:/devkitPro/libogc/lib/wii\libogc.a(lwpc_alarm.o)
                0x8002c84c                SYS_SetPeriodicAlarm
 .text.SYS_RemoveAlarm
                0x8002ca04       0x4c C:/devkitPro/libogc/lib/wii\libogc.a(lwpc_alarm.o)
                0x8002ca04                SYS_RemoveAlarm
 .text.SYS_CancelAlarm
                0x8002ca50       0x34 C:/devkitPro/libogc/lib/wii\libogc.a(lwpc_alarm.o)
                0x8002ca50                SYS_CancelAlarm
 .text.LWP_InitQueue
                0x8002ca84       0xdc C:/devkitPro/libogc/lib/wii\libogc.a(lwpc_queue.o)
                0x8002ca84                LWP_InitQueue
 .text.LWP_CloseQueue
                0x8002cb60       0x90 C:/devkitPro/libogc/lib/wii\libogc.a(lwpc_queue.o)
                0x8002cb60                LWP_CloseQueue
 .text.LWP_ThreadSleep
                0x8002cbf0       0x44 C:/devkitPro/libogc/lib/wii\libogc.a(lwpc_queue.o)
                0x8002cbf0                LWP_ThreadSleep
 .text.LWP_ThreadSignal
                0x8002cc34       0x1c C:/devkitPro/libogc/lib/wii\libogc.a(lwpc_queue.o)
                0x8002cc34                LWP_ThreadSignal
 .text.LWP_ThreadBroadcast
                0x8002cc50       0x1c C:/devkitPro/libogc/lib/wii\libogc.a(lwpc_queue.o)
                0x8002cc50                LWP_ThreadBroadcast
 .text.LWP_CreateThread
                0x8002cc6c      0x114 C:/devkitPro/libogc/lib/wii\libogc.a(lwpc_thread.o)
                0x8002cc6c                LWP_CreateThread
 .text.LWP_JoinThread
                0x8002cd80       0x6c C:/devkitPro/libogc/lib/wii\libogc.a(lwpc_thread.o)
                0x8002cd80                LWP_JoinThread
 .text.LWP_SemInit
                0x8002cdec      0x120 C:/devkitPro/libogc/lib/wii\libogc.a(lwpc_sem.o)
                0x8002cdec                LWP_SemInit
 .text.LWP_SemDestroy
                0x8002cf0c       0xa0 C:/devkitPro/libogc/lib/wii\libogc.a(lwpc_sem.o)
                0x8002cf0c                LWP_SemDestroy
 .text.LWP_SemWait
                0x8002cfac       0xa8 C:/devkitPro/libogc/lib/wii\libogc.a(lwpc_sem.o)
                0x8002cfac                LWP_SemWait
 .text.LWP_SemPost
                0x8002d054       0xa8 C:/devkitPro/libogc/lib/wii\libogc.a(lwpc_sem.o)
                0x8002d054                LWP_SemPost
 .text.RGB8_to_YCbCr
                0x8002d0fc      0x144 C:/devkitPro/libogc/lib/wii\libogc.a(console.o)
 .text.__console_drawc.part.0
                0x8002d240      0x274 C:/devkitPro/libogc/lib/wii\libogc.a(console.o)
 .text.__console_clear
                0x8002d4b4      0x190 C:/devkitPro/libogc/lib/wii\libogc.a(console.o)
 .text.__set_default_console
                0x8002d644      0x108 C:/devkitPro/libogc/lib/wii\libogc.a(console.o)
 .text.__console_clear_line
                0x8002d74c      0x174 C:/devkitPro/libogc/lib/wii\libogc.a(console.o)
 .text.__console_init
                0x8002d8c0       0x54 C:/devkitPro/libogc/lib/wii\libogc.a(console.o)
                0x8002d8c0                __console_init
 .text.newRow   0x8002d914      0x134 C:/devkitPro/libogc/lib/wii\libogc.a(console.o)
                0x8002d914                newRow
 .text.consolePrintChar.part.0
                0x8002da48      0x220 C:/devkitPro/libogc/lib/wii\libogc.a(console.o)
 .text.__console_write
                0x8002dc68      0xe60 C:/devkitPro/libogc/lib/wii\libogc.a(console.o)
                0x8002dc68                __console_write
 .text.CON_Init
                0x8002eac8       0xe4 C:/devkitPro/libogc/lib/wii\libogc.a(console.o)
                0x8002eac8                CON_Init
 .text.CON_EnableGecko
                0x8002ebac       0xf8 C:/devkitPro/libogc/lib/wii\libogc.a(console.o)
                0x8002ebac                CON_EnableGecko
 .text.__lwp_queue_initialize
                0x8002eca4       0x98 C:/devkitPro/libogc/lib/wii\libogc.a(lwp_queue.o)
                0x8002eca4                __lwp_queue_initialize
 .text.__lwp_queue_get
                0x8002ed3c       0x60 C:/devkitPro/libogc/lib/wii\libogc.a(lwp_queue.o)
                0x8002ed3c                __lwp_queue_get
 .text.__lwp_queue_append
                0x8002ed9c       0x38 C:/devkitPro/libogc/lib/wii\libogc.a(lwp_queue.o)
                0x8002ed9c                __lwp_queue_append
 .text.__lwp_wkspace_init
                0x8002edd4       0xa4 C:/devkitPro/libogc/lib/wii\libogc.a(lwp_wkspace.o)
                0x8002edd4                __lwp_wkspace_init
 .text.__lwp_heap_init
                0x8002ee78       0x90 C:/devkitPro/libogc/lib/wii\libogc.a(lwp_heap.o)
                0x8002ee78                __lwp_heap_init
 .text.__lwp_heap_allocate
                0x8002ef08      0x14c C:/devkitPro/libogc/lib/wii\libogc.a(lwp_heap.o)
                0x8002ef08                __lwp_heap_allocate
 .text.__lwp_heap_free
                0x8002f054      0x170 C:/devkitPro/libogc/lib/wii\libogc.a(lwp_heap.o)
                0x8002f054                __lwp_heap_free
 .text.__VISendI2CData.constprop.0.isra.0
                0x8002f1c4      0x3c8 C:/devkitPro/libogc/lib/wii\libogc.a(video.o)
 .text.__setFbbRegs.constprop.0
                0x8002f58c      0x194 C:/devkitPro/libogc/lib/wii\libogc.a(video.o)
 .text.__VISetYUVSEL
                0x8002f720       0xb8 C:/devkitPro/libogc/lib/wii\libogc.a(video.o)
 .text.__VIClearFramebuffer
                0x8002f7d8       0x48 C:/devkitPro/libogc/lib/wii\libogc.a(video.o)
                0x8002f7d8                __VIClearFramebuffer
 .text.VIDEO_Configure
                0x8002f820      0x5c0 C:/devkitPro/libogc/lib/wii\libogc.a(video.o)
                0x8002f820                VIDEO_Configure
 .text.VIDEO_WaitVSync
                0x8002fde0       0x68 C:/devkitPro/libogc/lib/wii\libogc.a(video.o)
                0x8002fde0                VIDEO_WaitVSync
 .text.VIDEO_SetFramebuffer
                0x8002fe48       0xc4 C:/devkitPro/libogc/lib/wii\libogc.a(video.o)
                0x8002fe48                VIDEO_SetFramebuffer
 .text.VIDEO_SetNextFramebuffer
                0x8002ff0c       0x54 C:/devkitPro/libogc/lib/wii\libogc.a(video.o)
                0x8002ff0c                VIDEO_SetNextFramebuffer
 .text.VIDEO_Flush
                0x8002ff60       0xe8 C:/devkitPro/libogc/lib/wii\libogc.a(video.o)
                0x8002ff60                VIDEO_Flush
 .text.VIDEO_SetBlack
                0x80030048      0x150 C:/devkitPro/libogc/lib/wii\libogc.a(video.o)
                0x80030048                VIDEO_SetBlack
 .text.VIDEO_GetCurrentTvMode
                0x80030198       0x64 C:/devkitPro/libogc/lib/wii\libogc.a(video.o)
                0x80030198                VIDEO_GetCurrentTvMode
 .text.__VIRetraceHandler
                0x800301fc      0x284 C:/devkitPro/libogc/lib/wii\libogc.a(video.o)
 .text.__VISetupEncoder
                0x80030480      0x288 C:/devkitPro/libogc/lib/wii\libogc.a(video.o)
 .text.VIDEO_Init
                0x80030708      0x3c4 C:/devkitPro/libogc/lib/wii\libogc.a(video.o)
                0x80030708                VIDEO_Init
 .text.VIDEO_GetPreferredMode
                0x80030acc      0x11c C:/devkitPro/libogc/lib/wii\libogc.a(video.o)
                0x80030acc                VIDEO_GetPreferredMode
 .text.VIDEO_GetCurrentLine
                0x80030be8       0x94 C:/devkitPro/libogc/lib/wii\libogc.a(video.o)
                0x80030be8                VIDEO_GetCurrentLine
 .text.VIDEO_GetFrameBufferSize
                0x80030c7c       0x34 C:/devkitPro/libogc/lib/wii\libogc.a(video.o)
                0x80030c7c                VIDEO_GetFrameBufferSize
 .text.__MEMInterruptHandler
                0x80030cb0       0x14 C:/devkitPro/libogc/lib/wii\libogc.a(system.o)
 .text.__RSWDefaultHandler
                0x80030cc4        0x4 C:/devkitPro/libogc/lib/wii\libogc.a(system.o)
 .text.__POWDefaultHandler
                0x80030cc8        0x4 C:/devkitPro/libogc/lib/wii\libogc.a(system.o)
 .text.__getrtc
                0x80030ccc      0x148 C:/devkitPro/libogc/lib/wii\libogc.a(system.o)
 .text.__sram_write
                0x80030e14      0x140 C:/devkitPro/libogc/lib/wii\libogc.a(system.o)
 .text.__sram_writecallback
                0x80030f54       0x54 C:/devkitPro/libogc/lib/wii\libogc.a(system.o)
 .text.__mem_onreset
                0x80030fa8       0x48 C:/devkitPro/libogc/lib/wii\libogc.a(system.o)
 .text.__unlocksram
                0x80030ff0      0x120 C:/devkitPro/libogc/lib/wii\libogc.a(system.o)
 .text.__call_resetfuncs
                0x80031110      0x150 C:/devkitPro/libogc/lib/wii\libogc.a(system.o)
 .text.SYS_MainLoop
                0x80031260       0x34 C:/devkitPro/libogc/lib/wii\libogc.a(system.o)
                0x80031260                SYS_MainLoop
 .text.__syscall_malloc_lock
                0x80031294       0x4c C:/devkitPro/libogc/lib/wii\libogc.a(system.o)
                0x80031294                __syscall_malloc_lock
 .text.__syscall_malloc_unlock
                0x800312e0       0x1c C:/devkitPro/libogc/lib/wii\libogc.a(system.o)
                0x800312e0                __syscall_malloc_unlock
 .text.__syscall_gettod_r
                0x800312fc        0x4 C:/devkitPro/libogc/lib/wii\libogc.a(system.o)
                0x800312fc                __syscall_gettod_r
 .text.__syscall_nanosleep
                0x80031300        0x4 C:/devkitPro/libogc/lib/wii\libogc.a(system.o)
                0x80031300                __syscall_nanosleep
 .text.__SYS_GetRTC
                0x80031304       0xd4 C:/devkitPro/libogc/lib/wii\libogc.a(system.o)
                0x80031304                __SYS_GetRTC
 .text.__SYS_SetBootTime
                0x800313d8       0xe0 C:/devkitPro/libogc/lib/wii\libogc.a(system.o)
                0x800313d8                __SYS_SetBootTime
 .text.__SYS_GetIPCBufferLo
                0x800314b8        0x8 C:/devkitPro/libogc/lib/wii\libogc.a(system.o)
                0x800314b8                __SYS_GetIPCBufferLo
 .text.__SYS_GetIPCBufferHi
                0x800314c0        0x8 C:/devkitPro/libogc/lib/wii\libogc.a(system.o)
                0x800314c0                __SYS_GetIPCBufferHi
 .text.SYS_DoPowerCB
                0x800314c8       0xdc C:/devkitPro/libogc/lib/wii\libogc.a(system.o)
                0x800314c8                SYS_DoPowerCB
 .text.__STMEventHandler
                0x800315a4       0xf8 C:/devkitPro/libogc/lib/wii\libogc.a(system.o)
 .text.__SYS_DisablePowerButton
                0x8003169c       0x38 C:/devkitPro/libogc/lib/wii\libogc.a(system.o)
                0x8003169c                __SYS_DisablePowerButton
 .text.__SYS_PreInit
                0x800316d4        0x4 C:/devkitPro/libogc/lib/wii\libogc.a(system.o)
                0x800316d4                __SYS_PreInit
 .text.__SYS_InstallPanicHandler
                0x800316d8       0x10 C:/devkitPro/libogc/lib/wii\libogc.a(system.o)
                0x800316d8                __SYS_InstallPanicHandler
 .text.SYS_PreMain
                0x800316e8       0x7c C:/devkitPro/libogc/lib/wii\libogc.a(system.o)
                0x800316e8                SYS_PreMain
 .text.SYS_ResetButtonDown
                0x80031764       0x18 C:/devkitPro/libogc/lib/wii\libogc.a(system.o)
                0x80031764                SYS_ResetButtonDown
 .text.SYS_ResetSystem
                0x8003177c      0x214 C:/devkitPro/libogc/lib/wii\libogc.a(system.o)
                0x8003177c                SYS_ResetSystem
 .text.__reload
                0x80031990       0x80 C:/devkitPro/libogc/lib/wii\libogc.a(system.o)
                0x80031990                __reload
 .text.__syscall_exit
                0x80031a10       0x9c C:/devkitPro/libogc/lib/wii\libogc.a(system.o)
                0x80031a10                __syscall_exit
 .text.SYS_RegisterResetFunc
                0x80031aac       0x6c C:/devkitPro/libogc/lib/wii\libogc.a(system.o)
                0x80031aac                SYS_RegisterResetFunc
 .text.SYS_SetArena1Lo
                0x80031b18       0x24 C:/devkitPro/libogc/lib/wii\libogc.a(system.o)
                0x80031b18                SYS_SetArena1Lo
 .text.SYS_GetArena1Lo
                0x80031b3c       0x24 C:/devkitPro/libogc/lib/wii\libogc.a(system.o)
                0x80031b3c                SYS_GetArena1Lo
 .text.SYS_GetArena1Hi
                0x80031b60       0x24 C:/devkitPro/libogc/lib/wii\libogc.a(system.o)
                0x80031b60                SYS_GetArena1Hi
 .text.SYS_SetArena2Lo
                0x80031b84       0x24 C:/devkitPro/libogc/lib/wii\libogc.a(system.o)
                0x80031b84                SYS_SetArena2Lo
 .text.SYS_GetArena2Lo
                0x80031ba8       0x24 C:/devkitPro/libogc/lib/wii\libogc.a(system.o)
                0x80031ba8                SYS_GetArena2Lo
 .text.SYS_SetArena2Hi
                0x80031bcc       0x24 C:/devkitPro/libogc/lib/wii\libogc.a(system.o)
                0x80031bcc                SYS_SetArena2Hi
 .text.SYS_GetArena2Hi
                0x80031bf0       0x24 C:/devkitPro/libogc/lib/wii\libogc.a(system.o)
                0x80031bf0                SYS_GetArena2Hi
 .text.SYS_AllocateFramebuffer
                0x80031c14       0x28 C:/devkitPro/libogc/lib/wii\libogc.a(system.o)
                0x80031c14                SYS_AllocateFramebuffer
 .text.SYS_GetWirelessID
                0x80031c3c       0x78 C:/devkitPro/libogc/lib/wii\libogc.a(system.o)
                0x80031c3c                SYS_GetWirelessID
 .text.SYS_SetWirelessID
                0x80031cb4       0x84 C:/devkitPro/libogc/lib/wii\libogc.a(system.o)
                0x80031cb4                SYS_SetWirelessID
 .text.SYS_SetGBSMode
                0x80031d38       0x9c C:/devkitPro/libogc/lib/wii\libogc.a(system.o)
                0x80031d38                SYS_SetGBSMode
 .text.__sram_init
                0x80031dd4      0x1b0 C:/devkitPro/libogc/lib/wii\libogc.a(system.o)
                0x80031dd4                __sram_init
 .text.SYS_Init
                0x80031f84      0x4a4 C:/devkitPro/libogc/lib/wii\libogc.a(system.o)
                0x80031f84                SYS_Init
 .text.SYS_GetHollywoodRevision
                0x80032428       0x3c C:/devkitPro/libogc/lib/wii\libogc.a(system.o)
                0x80032428                SYS_GetHollywoodRevision
 .text.SYS_Time
                0x80032464       0x54 C:/devkitPro/libogc/lib/wii\libogc.a(system.o)
                0x80032464                SYS_Time
 .text.__si_transfer
                0x800324b8      0x1b8 C:/devkitPro/libogc/lib/wii\libogc.a(si.o)
 .text.__si_alarmhandler
                0x80032670       0xa0 C:/devkitPro/libogc/lib/wii\libogc.a(si.o)
 .text.__si_completetransfer
                0x80032710      0x1f4 C:/devkitPro/libogc/lib/wii\libogc.a(si.o)
 .text.__si_transfernext
                0x80032904       0xd8 C:/devkitPro/libogc/lib/wii\libogc.a(si.o)
 .text.SI_Busy  0x800329dc       0x18 C:/devkitPro/libogc/lib/wii\libogc.a(si.o)
                0x800329dc                SI_Busy
 .text.SI_IsChanBusy
                0x800329f4       0x38 C:/devkitPro/libogc/lib/wii\libogc.a(si.o)
                0x800329f4                SI_IsChanBusy
 .text.SI_EnablePolling
                0x80032a2c       0x64 C:/devkitPro/libogc/lib/wii\libogc.a(si.o)
                0x80032a2c                SI_EnablePolling
 .text.SI_DisablePolling
                0x80032a90       0x44 C:/devkitPro/libogc/lib/wii\libogc.a(si.o)
                0x80032a90                SI_DisablePolling
 .text.SI_SetSamplingRate
                0x80032ad4      0x110 C:/devkitPro/libogc/lib/wii\libogc.a(si.o)
                0x80032ad4                SI_SetSamplingRate
 .text.SI_RefreshSamplingRate
                0x80032be4        0x8 C:/devkitPro/libogc/lib/wii\libogc.a(si.o)
                0x80032be4                SI_RefreshSamplingRate
 .text.SI_GetStatus
                0x80032bec       0x6c C:/devkitPro/libogc/lib/wii\libogc.a(si.o)
                0x80032bec                SI_GetStatus
 .text.SI_GetResponseRaw
                0x80032c58       0xd4 C:/devkitPro/libogc/lib/wii\libogc.a(si.o)
                0x80032c58                SI_GetResponseRaw
 .text.SI_GetResponse
                0x80032d2c       0xa4 C:/devkitPro/libogc/lib/wii\libogc.a(si.o)
                0x80032d2c                SI_GetResponse
 .text.SI_SetCommand
                0x80032dd0       0x10 C:/devkitPro/libogc/lib/wii\libogc.a(si.o)
                0x80032dd0                SI_SetCommand
 .text.SI_Transfer
                0x80032de0      0x2dc C:/devkitPro/libogc/lib/wii\libogc.a(si.o)
                0x80032de0                SI_Transfer
 .text.__si_gettypecallback
                0x800330bc      0x2b8 C:/devkitPro/libogc/lib/wii\libogc.a(si.o)
 .text.__si_interrupthandler
                0x80033374      0x278 C:/devkitPro/libogc/lib/wii\libogc.a(si.o)
 .text.SI_GetType
                0x800335ec      0x1fc C:/devkitPro/libogc/lib/wii\libogc.a(si.o)
                0x800335ec                SI_GetType
 .text.SI_GetTypeAsync
                0x800337e8      0x134 C:/devkitPro/libogc/lib/wii\libogc.a(si.o)
                0x800337e8                SI_GetTypeAsync
 .text.SI_EnablePollingInterrupt
                0x8003391c       0x80 C:/devkitPro/libogc/lib/wii\libogc.a(si.o)
                0x8003391c                SI_EnablePollingInterrupt
 .text.SI_UnregisterPollingHandler
                0x8003399c       0xd8 C:/devkitPro/libogc/lib/wii\libogc.a(si.o)
                0x8003399c                SI_UnregisterPollingHandler
 .text.__si_init
                0x80033a74       0xe0 C:/devkitPro/libogc/lib/wii\libogc.a(si.o)
                0x80033a74                __si_init
 .text.__ipc_sendrequest.part.0
                0x80033b54      0x110 C:/devkitPro/libogc/lib/wii\libogc.a(ipc.o)
 .text.__ipc_syncrequest
                0x80033c64       0xe8 C:/devkitPro/libogc/lib/wii\libogc.a(ipc.o)
 .text.__ioctlvfmtCB
                0x80033d4c      0x158 C:/devkitPro/libogc/lib/wii\libogc.a(ipc.o)
 .text.__ios_ioctlvformat_parse
                0x80033ea4      0x804 C:/devkitPro/libogc/lib/wii\libogc.a(ipc.o)
 .text.__ipc_asyncrequest
                0x800346a8      0x128 C:/devkitPro/libogc/lib/wii\libogc.a(ipc.o)
 .text.__ipc_interrupthandler
                0x800347d0      0x384 C:/devkitPro/libogc/lib/wii\libogc.a(ipc.o)
 .text.iosCreateHeap
                0x80034b54      0x124 C:/devkitPro/libogc/lib/wii\libogc.a(ipc.o)
                0x80034b54                iosCreateHeap
 .text.iosAlloc
                0x80034c78       0x30 C:/devkitPro/libogc/lib/wii\libogc.a(ipc.o)
                0x80034c78                iosAlloc
 .text.iosFree  0x80034ca8       0x28 C:/devkitPro/libogc/lib/wii\libogc.a(ipc.o)
                0x80034ca8                iosFree
 .text.__IPC_ClntInit
                0x80034cd0       0xc4 C:/devkitPro/libogc/lib/wii\libogc.a(ipc.o)
                0x80034cd0                __IPC_ClntInit
 .text.IOS_Open
                0x80034d94      0x148 C:/devkitPro/libogc/lib/wii\libogc.a(ipc.o)
                0x80034d94                IOS_Open
 .text.IOS_Close
                0x80034edc       0xf0 C:/devkitPro/libogc/lib/wii\libogc.a(ipc.o)
                0x80034edc                IOS_Close
 .text.IOS_Read
                0x80034fcc      0x10c C:/devkitPro/libogc/lib/wii\libogc.a(ipc.o)
                0x80034fcc                IOS_Read
 .text.IOS_Write
                0x800350d8      0x144 C:/devkitPro/libogc/lib/wii\libogc.a(ipc.o)
                0x800350d8                IOS_Write
 .text.IOS_Ioctl
                0x8003521c      0x1c8 C:/devkitPro/libogc/lib/wii\libogc.a(ipc.o)
                0x8003521c                IOS_Ioctl
 .text.IOS_IoctlAsync
                0x800353e4      0x1b8 C:/devkitPro/libogc/lib/wii\libogc.a(ipc.o)
                0x800353e4                IOS_IoctlAsync
 .text.IOS_Ioctlv
                0x8003559c      0x298 C:/devkitPro/libogc/lib/wii\libogc.a(ipc.o)
                0x8003559c                IOS_Ioctlv
 .text.IOS_IoctlvAsync
                0x80035834      0x27c C:/devkitPro/libogc/lib/wii\libogc.a(ipc.o)
                0x80035834                IOS_IoctlvAsync
 .text.IOS_IoctlvFormat
                0x80035ab0      0x170 C:/devkitPro/libogc/lib/wii\libogc.a(ipc.o)
                0x80035ab0                IOS_IoctlvFormat
 .text.IOS_IoctlvReboot
                0x80035c20      0x29c C:/devkitPro/libogc/lib/wii\libogc.a(ipc.o)
                0x80035c20                IOS_IoctlvReboot
 .text.settime  0x80035ebc       0x14 C:/devkitPro/libogc/lib/wii\libogc.a(timesupp.o)
                0x80035ebc                settime
 .text.udelay   0x80035ed0       0xac C:/devkitPro/libogc/lib/wii\libogc.a(timesupp.o)
                0x80035ed0                udelay
 .text.__libogc_nanosleep
                0x80035f7c       0xb8 C:/devkitPro/libogc/lib/wii\libogc.a(timesupp.o)
                0x80035f7c                __libogc_nanosleep
 .text.__libogc_gettod_r
                0x80036034       0xd8 C:/devkitPro/libogc/lib/wii\libogc.a(timesupp.o)
                0x80036034                __libogc_gettod_r
 .text.__usbgecko_exi_unlock
                0x8003610c       0x34 C:/devkitPro/libogc/lib/wii\libogc.a(usbgecko.o)
 .text.usb_isgeckoalive
                0x80036140      0x1bc C:/devkitPro/libogc/lib/wii\libogc.a(usbgecko.o)
                0x80036140                usb_isgeckoalive
 .text.usb_sendbuffer_ex
                0x800362fc      0x208 C:/devkitPro/libogc/lib/wii\libogc.a(usbgecko.o)
                0x800362fc                usb_sendbuffer_ex
 .text.usb_sendbuffer
                0x80036504        0x8 C:/devkitPro/libogc/lib/wii\libogc.a(usbgecko.o)
                0x80036504                usb_sendbuffer
 .text.usb_sendbuffer_safe_ex
                0x8003650c      0x2a0 C:/devkitPro/libogc/lib/wii\libogc.a(usbgecko.o)
                0x8003650c                usb_sendbuffer_safe_ex
 .text.usb_sendbuffer_safe
                0x800367ac        0x8 C:/devkitPro/libogc/lib/wii\libogc.a(usbgecko.o)
                0x800367ac                usb_sendbuffer_safe
 .text._sbrk_r  0x800367b4      0x260 C:/devkitPro/libogc/lib/wii\libogc.a(sbrk.o)
                0x800367b4                _sbrk_r
 .text.__STM_SetEventHook
                0x80036a14       0x98 C:/devkitPro/libogc/lib/wii\libogc.a(stm.o)
                0x80036a14                __STM_SetEventHook
 .text.__STM_Init
                0x80036aac       0x8c C:/devkitPro/libogc/lib/wii\libogc.a(stm.o)
                0x80036aac                __STM_Init
 .text.__STMEventHandler
                0x80036b38       0x64 C:/devkitPro/libogc/lib/wii\libogc.a(stm.o)
 .text.__STM_ReleaseEventHook