Archive member included to satisfy reference by file (symbol)

C:/devkitPro/libogc/lib/wii\libwiiuse.a(wpad.o)
                              template.o (WPAD_Init)
C:/devkitPro/libogc/lib/wii\libwiiuse.a(motion_plus.o)
                              C:/devkitPro/libogc/lib/wii\libwiiuse.a(wpad.o) (wiiuse_set_motion_plus)
C:/devkitPro/libogc/lib/wii\libwiiuse.a(dynamics.o)
                              C:/devkitPro/libogc/lib/wii\libwiiuse.a(wpad.o) (calculate_gforce)
C:/devkitPro/libogc/lib/wii\libwiiuse.a(io.o)
                              C:/devkitPro/libogc/lib/wii\libwiiuse.a(motion_plus.o) (wiiuse_disable_expansion)
C:/devkitPro/libogc/lib/wii\libwiiuse.a(io_wii.o)
                              C:/devkitPro/libogc/lib/wii\libwiiuse.a(wpad.o) (__wiiuse_sensorbar_enable)
C:/devkitPro/libogc/lib/wii\libwiiuse.a(ir.o)
                              C:/devkitPro/libogc/lib/wii\libwiiuse.a(motion_plus.o) (wiiuse_set_ir_mode)
C:/devkitPro/libogc/lib/wii\libwiiuse.a(nunchuk.o)
                              C:/devkitPro/libogc/lib/wii\libwiiuse.a(io.o) (nunchuk_handshake)
C:/devkitPro/libogc/lib/wii\libwiiuse.a(wiiboard.o)
                              C:/devkitPro/libogc/lib/wii\libwiiuse.a(io.o) (wii_board_handshake)
C:/devkitPro/libogc/lib/wii\libwiiuse.a(wiiuse.o)
                              C:/devkitPro/libogc/lib/wii\libwiiuse.a(wpad.o) (wiiuse_init)
C:/devkitPro/libogc/lib/wii\libwiiuse.a(speaker.o)
                              C:/devkitPro/libogc/lib/wii\libwiiuse.a(wpad.o) (wencdata)
C:/devkitPro/libogc/lib/wii\libwiiuse.a(classic.o)
                              C:/devkitPro/libogc/lib/wii\libwiiuse.a(io.o) (classic_ctrl_handshake)
C:/devkitPro/libogc/lib/wii\libwiiuse.a(events.o)
                              C:/devkitPro/libogc/lib/wii\libwiiuse.a(io_wii.o) (parse_event)
C:/devkitPro/libogc/lib/wii\libwiiuse.a(guitar_hero_3.o)
                              C:/devkitPro/libogc/lib/wii\libwiiuse.a(io.o) (guitar_hero_3_handshake)
C:/devkitPro/libogc/lib/wii\libbte.a(bte.o)
                              C:/devkitPro/libogc/lib/wii\libwiiuse.a(wpad.o) (BTE_Init)
C:/devkitPro/libogc/lib/wii\libbte.a(hci.o)
                              C:/devkitPro/libogc/lib/wii\libbte.a(bte.o) (hci_init)
C:/devkitPro/libogc/lib/wii\libbte.a(l2cap.o)
                              C:/devkitPro/libogc/lib/wii\libbte.a(bte.o) (l2cap_init)
C:/devkitPro/libogc/lib/wii\libbte.a(btmemb.o)
                              C:/devkitPro/libogc/lib/wii\libbte.a(bte.o) (btmemb_init)
C:/devkitPro/libogc/lib/wii\libbte.a(btmemr.o)
                              C:/devkitPro/libogc/lib/wii\libbte.a(hci.o) (btmemr_init)
C:/devkitPro/libogc/lib/wii\libbte.a(btpbuf.o)
                              C:/devkitPro/libogc/lib/wii\libbte.a(hci.o) (btpbuf_init)
C:/devkitPro/libogc/lib/wii\libbte.a(physbusif.o)
                              C:/devkitPro/libogc/lib/wii\libbte.a(bte.o) (physbusif_init)
C:/devkitPro/libogc/lib/wii\libfat.a(fat_wrappers.o)
                              template.o (fatInitDefault)
C:/devkitPro/libogc/lib/wii\libfat.a(dvm_libogc.o)
                              C:/devkitPro/libogc/lib/wii\libfat.a(fat_wrappers.o) (dvmInit)
C:/devkitPro/libogc/lib/wii\libfat.a(dvm_disc.o)
                              C:/devkitPro/libogc/lib/wii\libfat.a(fat_wrappers.o) (dvmDiscCreate)
C:/devkitPro/libogc/lib/wii\libfat.a(dvm_cache.o)
                              C:/devkitPro/libogc/lib/wii\libfat.a(fat_wrappers.o) (dvmDiscCacheCreate)
C:/devkitPro/libogc/lib/wii\libfat.a(dvm_volume.o)
                              C:/devkitPro/libogc/lib/wii\libfat.a(fat_wrappers.o) (dvmMountVolume)
C:/devkitPro/libogc/lib/wii\libfat.a(dvm_prober.o)
                              C:/devkitPro/libogc/lib/wii\libfat.a(dvm_libogc.o) (dvmProbeMountDiscIface)
C:/devkitPro/libogc/lib/wii\libfat.a(fat_driver.o)
                              C:/devkitPro/libogc/lib/wii\libfat.a(dvm_volume.o) (g_vfatFsDriver)
C:/devkitPro/libogc/lib/wii\libfat.a(ff.o)
                              C:/devkitPro/libogc/lib/wii\libfat.a(fat_driver.o) (f_mount)
C:/devkitPro/libogc/lib/wii\libfat.a(ffunicode.o)
                              C:/devkitPro/libogc/lib/wii\libfat.a(ff.o) (ff_uni2oem)
C:/devkitPro/libogc/lib/wii\libogc.a(common_crt0.o)
                              (__app_start)
C:/devkitPro/libogc/lib/wii\libogc.a(early_init.o)
                              C:/devkitPro/libogc/lib/wii\libogc.a(common_crt0.o) (PPCEarlyInit)
C:/devkitPro/libogc/lib/wii\libogc.a(default_stacks.o)
                              C:/devkitPro/libogc/lib/wii\libogc.a(common_crt0.o) (__ppc_main_sp)
C:/devkitPro/libogc/lib/wii\libogc.a(exception.o)
                              C:/devkitPro/libogc/lib/wii\libogc.a(common_crt0.o) (PPCExcptInit)
C:/devkitPro/libogc/lib/wii\libogc.a(exception_asm.o)
                              C:/devkitPro/libogc/lib/wii\libogc.a(exception.o) (PPCExcptEntryGeneral)
[...]
Memory Configuration

Name             Origin             Length             Attributes
*default*        0x00000000         0xffffffff

Linker script and memory map

                0x00003400                        . = 0x3400

.stub
 *(.stub)
                0x80003f00                        . = 0x80003f00
                0x90002000                        PROVIDE (__Arena2Lo = 0x90002000)
                0x933e0000                        PROVIDE (__Arena2Hi = 0x933e0000)
                0x933e0000                        PROVIDE (__ipcbufferLo = 0x933e0000)
                0x93400000                        PROVIDE (__ipcbufferHi = 0x93400000)
                0x00000000                        PROVIDE (__isIPL = 0x0)
                0x800000d0                        PROVIDE (__ppc_excpt_buf = 0x800000d0)
                0x80003000                        PROVIDE (__ppc_excpt_table = 0x80003000)

.init           0x80003f00       0xa4
 *(.crt0 .crt0.*)
 .crt0.__app_start
                0x80003f00       0xa4 C:/devkitPro/libogc/lib/wii\libogc.a(common_crt0.o)
                0x80003f00                __app_start

.text           0x80003fb0    0x561b0
 *(SORT_NONE(.init))
 .init          0x80003fb0        0xc C:/devkitPro/devkitPPC/bin/../lib/gcc/powerpc-eabi/16.1.0/ecrti.o
                0x80003fb0                __init
 .init          0x80003fbc        0x4 C:/devkitPro/devkitPPC/bin/../lib/gcc/powerpc-eabi/16.1.0/crtbegin.o
 .init          0x80003fc0        0x4 C:/devkitPro/devkitPPC/bin/../lib/gcc/powerpc-eabi/16.1.0/crtend.o
 .init          0x80003fc4       0x10 C:/devkitPro/devkitPPC/bin/../lib/gcc/powerpc-eabi/16.1.0/ecrtn.o
 *(.text.unlikely .text.*_unlikely .text.unlikely.*)
 .text.unlikely.abort
                0x80003fd4       0x2c C:/devkitPro/devkitPPC/bin/../lib/gcc/powerpc-eabi/16.1.0/../../../../powerpc-eabi/lib\libsysbase.a(libsysbase_libsysbase_a-abort.o)
                0x80003fd4                abort
 *(.text.exit .text.exit.*)
 .text.exit     0x80004000       0x3c C:/devkitPro/devkitPPC/bin/../lib/gcc/powerpc-eabi/16.1.0/../../../../powerpc-eabi/lib\libc.a(libc_a-exit.o)
                0x80004000                exit
 *(.text.startup .text.startup.*)
 .text.startup.main
                0x8000403c      0x3d8 template.o
                0x8000403c                main
 .text.startup.register_fini
                0x80004414        0xc C:/devkitPro/devkitPPC/bin/../lib/gcc/powerpc-eabi/16.1.0/../../../../powerpc-eabi/lib\libc.a(libc_a-__call_atexit.o)
 *(.text.hot .text.hot.*)
 *(SORT_BY_NAME(.text.sorted.*))
 *(.text .iplt .stub .text.* .gnu.linkonce.t.*)
 .text.__do_global_dtors_aux
                0x80004420       0xcc C:/devkitPro/devkitPPC/bin/../lib/gcc/powerpc-eabi/16.1.0/crtbegin.o
 .text.frame_dummy
                0x800044ec       0x24 C:/devkitPro/devkitPPC/bin/../lib/gcc/powerpc-eabi/16.1.0/crtbegin.o
 .iplt          0x80004510        0x0 C:/devkitPro/devkitPPC/bin/../lib/gcc/powerpc-eabi/16.1.0/crtbegin.o
 .text.extract_game_id
                0x80004510       0xa0 template.o
                0x80004510                extract_game_id
 .text.extract_game_title
                0x800045b0      0x120 template.o
                0x800045b0                extract_game_title
 .text.setup_game_metadata
                0x800046d0      0x114 template.o
                0x800046d0                setup_game_metadata
 .text.copy_database_value
                0x800047e4       0xa8 template.o
                0x800047e4                copy_database_value
 .text.load_game_metadata
                0x8000488c      0x238 template.o
                0x8000488c                load_game_metadata
 .text.scan_catalogue
                0x80004ac4      0x110 template.o
                0x80004ac4                scan_catalogue
 .text.add_info_field
                0x80004bd4      0x148 template.o
                0x80004bd4                add_info_field
 .text.add_wrapped_text
                0x80004d1c      0x264 template.o
                0x80004d1c                add_wrapped_text
 .text.show_game_information
                0x80004f80      0x2f4 template.o
                0x80004f80                show_game_information
 .text.show_main_menu
                0x80005274      0x168 template.o
                0x80005274                show_main_menu
 .text.show_catalogue
                0x800053dc      0x18c template.o
                0x800053dc                show_catalogue
 .text.__wpad_setevtfilter_finished
                0x80005568       0x60 C:/devkitPro/libogc/lib/wii\libwiiuse.a(wpad.o)
 .text.__wpad_disconnectCB
                0x800055c8      0x1a8 C:/devkitPro/libogc/lib/wii\libwiiuse.a(wpad.o)
                0x800055c8                __wpad_disconnectCB
 .text.__wpad_hostsyncbuttonCB
                0x80005770       0x7c C:/devkitPro/libogc/lib/wii\libwiiuse.a(wpad.o)
 .text.GetActiveSlot
                0x800057ec       0x8c C:/devkitPro/libogc/lib/wii\libwiiuse.a(wpad.o)
 .text.__wpad_assign_slot
                0x80005878      0x160 C:/devkitPro/libogc/lib/wii\libwiiuse.a(wpad.o)
                0x80005878                __wpad_assign_slot
 .text.__wpad_register_new
                0x800059d8      0x460 C:/devkitPro/libogc/lib/wii\libwiiuse.a(wpad.o)
                0x800059d8                __wpad_register_new
 .text.__wpad_def_powcb
                0x80005e38        0x4 C:/devkitPro/libogc/lib/wii\libwiiuse.a(wpad.o)
 .text.__wpad_read_remote_name_finished
                0x80005e3c      0x240 C:/devkitPro/libogc/lib/wii\libwiiuse.a(wpad.o)
                0x80005e3c                __wpad_read_remote_name_finished
 .text.__wpad_confsave_thread_func
                0x8000607c       0x58 C:/devkitPro/libogc/lib/wii\libwiiuse.a(wpad.o)
 .text.__initcore_finished
                0x800060d4       0x90 C:/devkitPro/libogc/lib/wii\libwiiuse.a(wpad.o)
 .text.__readlinkkey_finished
                0x80006164      0x124 C:/devkitPro/libogc/lib/wii\libwiiuse.a(wpad.o)
 .text.__wpad_patch_finished
                0x80006288       0x7c C:/devkitPro/libogc/lib/wii\libwiiuse.a(wpad.o)
 .text.__wpad_init_finished
                0x80006304       0x88 C:/devkitPro/libogc/lib/wii\libwiiuse.a(wpad.o)
 .text.__wpad_linkkeynotCB
                0x8000638c      0x320 C:/devkitPro/libogc/lib/wii\libwiiuse.a(wpad.o)
 .text.__wpad_linkkeyreqCB
                0x800066ac      0x16c C:/devkitPro/libogc/lib/wii\libwiiuse.a(wpad.o)
 .text.__wpad_connreqCB
                0x80006818      0x2bc C:/devkitPro/libogc/lib/wii\libwiiuse.a(wpad.o)
 .text.__wpad_setfmt
                0x80006ad4      0x14c C:/devkitPro/libogc/lib/wii\libwiiuse.a(wpad.o)
 .text.__wpad_eventCB
                0x80006c20      0xbd4 C:/devkitPro/libogc/lib/wii\libwiiuse.a(wpad.o)
 .text.__wpad_inquiry_finished
                0x800077f4      0x124 C:/devkitPro/libogc/lib/wii\libwiiuse.a(wpad.o)
                0x800077f4                __wpad_inquiry_finished
 .text.__wpad_timeouthandler
                0x80007918       0xd8 C:/devkitPro/libogc/lib/wii\libwiiuse.a(wpad.o)
 .text.__WPADClearActiveList
                0x800079f0      0x110 C:/devkitPro/libogc/lib/wii\libwiiuse.a(wpad.o)
                0x800079f0                __WPADClearActiveList
 .text.WPAD_WipeSavedControllers
                0x80007b00      0x138 C:/devkitPro/libogc/lib/wii\libwiiuse.a(wpad.o)
                0x80007b00                WPAD_WipeSavedControllers
 .text.__wpad_def_hostsynccb
                0x80007c38       0x60 C:/devkitPro/libogc/lib/wii\libwiiuse.a(wpad.o)
 .text.WPAD_ReadEvent
                0x80007c98      0x638 C:/devkitPro/libogc/lib/wii\libwiiuse.a(wpad.o)
                0x80007c98                WPAD_ReadEvent
 .text.WPAD_ReadPending
                0x800082d0      0x1b4 C:/devkitPro/libogc/lib/wii\libwiiuse.a(wpad.o)
                0x800082d0                WPAD_ReadPending
 .text.WPAD_Shutdown
                0x80008484      0x13c C:/devkitPro/libogc/lib/wii\libwiiuse.a(wpad.o)
                0x80008484                WPAD_Shutdown
 .text.WPAD_Init
                0x800085c0      0x30c C:/devkitPro/libogc/lib/wii\libwiiuse.a(wpad.o)
                0x800085c0                WPAD_Init
 .text.__wpad_onreset
                0x800088cc       0x34 C:/devkitPro/libogc/lib/wii\libwiiuse.a(wpad.o)
 .text.WPAD_ScanPads
                0x80008900       0x7c C:/devkitPro/libogc/lib/wii\libwiiuse.a(wpad.o)
                0x80008900                WPAD_ScanPads
 .text.WPAD_ButtonsDown
                0x8000897c       0x28 C:/devkitPro/libogc/lib/wii\libwiiuse.a(wpad.o)
                0x8000897c                WPAD_ButtonsDown
 .text.motion_plus_disconnected
                0x800089a4       0x10 C:/devkitPro/libogc/lib/wii\libwiiuse.a(motion_plus.o)
                0x800089a4                motion_plus_disconnected
 .text.motion_plus_event
                0x800089b4       0x64 C:/devkitPro/libogc/lib/wii\libwiiuse.a(motion_plus.o)
                0x800089b4                motion_plus_event
 .text.calculate_gforce
                0x80008a18      0x114 C:/devkitPro/libogc/lib/wii\libwiiuse.a(dynamics.o)
                0x80008a18                calculate_gforce
 .text.calc_joystick_state
                0x80008b2c      0x208 C:/devkitPro/libogc/lib/wii\libwiiuse.a(dynamics.o)
                0x80008b2c                calc_joystick_state
 .text.apply_smoothing
                0x80008d34      0x110 C:/devkitPro/libogc/lib/wii\libwiiuse.a(dynamics.o)
                0x80008d34                apply_smoothing
 .text.calculate_orientation
                0x80008e44      0x360 C:/devkitPro/libogc/lib/wii\libwiiuse.a(dynamics.o)
                0x80008e44                calculate_orientation
 .text.calc_balanceboard_state
                0x800091a4      0x3a4 C:/devkitPro/libogc/lib/wii\libwiiuse.a(dynamics.o)
                0x800091a4                calc_balanceboard_state
 .text.wiiuse_handshake
                0x80009548      0x24c C:/devkitPro/libogc/lib/wii\libwiiuse.a(io.o)
                0x80009548                wiiuse_handshake
 .text.wiiuse_handshake_expansion
                0x80009794      0x210 C:/devkitPro/libogc/lib/wii\libwiiuse.a(io.o)
                0x80009794                wiiuse_handshake_expansion
 .text.wiiuse_handshake_expansion_start
                0x800099a4       0x5c C:/devkitPro/libogc/lib/wii\libwiiuse.a(io.o)
                0x800099a4                wiiuse_handshake_expansion_start
 .text.wiiuse_disable_expansion
                0x80009a00      0x1b0 C:/devkitPro/libogc/lib/wii\libwiiuse.a(io.o)
                0x80009a00                wiiuse_disable_expansion
 .text.__wiiuse_connected
                0x80009bb0       0xac C:/devkitPro/libogc/lib/wii\libwiiuse.a(io_wii.o)
 .text.__wiiuse_disconnected
                0x80009c5c       0xc8 C:/devkitPro/libogc/lib/wii\libwiiuse.a(io_wii.o)
 .text.__wiiuse_receive
                0x80009d24       0xc4 C:/devkitPro/libogc/lib/wii\libwiiuse.a(io_wii.o)
 .text.__wiiuse_accept_step2
                0x80009de8       0x5c C:/devkitPro/libogc/lib/wii\libwiiuse.a(io_wii.o)
 .text.__wiiuse_connect_step2
                0x80009e44       0x5c C:/devkitPro/libogc/lib/wii\libwiiuse.a(io_wii.o)
 .text.__wiiuse_sensorbar_enable
                0x80009ea0       0x50 C:/devkitPro/libogc/lib/wii\libwiiuse.a(io_wii.o)
                0x80009ea0                __wiiuse_sensorbar_enable
 .text.wiiuse_accept
                0x80009ef0      0x15c C:/devkitPro/libogc/lib/wii\libwiiuse.a(io_wii.o)
                0x80009ef0                wiiuse_accept
 .text.wiiuse_connect
                0x8000a04c      0x15c C:/devkitPro/libogc/lib/wii\libwiiuse.a(io_wii.o)
                0x8000a04c                wiiuse_connect
 .text.wiiuse_disconnect
                0x8000a1a8       0x50 C:/devkitPro/libogc/lib/wii\libwiiuse.a(io_wii.o)
                0x8000a1a8                wiiuse_disconnect
 .text.wiiuse_init_cmd_queue
                0x8000a1f8       0xa4 C:/devkitPro/libogc/lib/wii\libwiiuse.a(io_wii.o)
                0x8000a1f8                wiiuse_init_cmd_queue
 .text.wiiuse_io_write
                0x8000a29c       0x1c C:/devkitPro/libogc/lib/wii\libwiiuse.a(io_wii.o)
                0x8000a29c                wiiuse_io_write
 .text.rotate_dots
                0x8000a2b8      0x134 C:/devkitPro/libogc/lib/wii\libwiiuse.a(ir.o)
 .text.wiiuse_set_ir_mode
                0x8000a3ec       0x5c C:/devkitPro/libogc/lib/wii\libwiiuse.a(ir.o)
                0x8000a3ec                wiiuse_set_ir_mode
 .text.wiiuse_set_ir
                0x8000a448      0x25c C:/devkitPro/libogc/lib/wii\libwiiuse.a(ir.o)
                0x8000a448                wiiuse_set_ir
 .text.wiiuse_set_ir_position
                0x8000a6a4       0x80 C:/devkitPro/libogc/lib/wii\libwiiuse.a(ir.o)
                0x8000a6a4                wiiuse_set_ir_position
 .text.wiiuse_set_aspect_ratio
                0x8000a724       0xac C:/devkitPro/libogc/lib/wii\libwiiuse.a(ir.o)
                0x8000a724                wiiuse_set_aspect_ratio
 .text.wiiuse_set_ir_sensitivity
                0x8000a7d0      0x190 C:/devkitPro/libogc/lib/wii\libwiiuse.a(ir.o)
                0x8000a7d0                wiiuse_set_ir_sensitivity
 .text.calculate_basic_ir
                0x8000a960       0xe8 C:/devkitPro/libogc/lib/wii\libwiiuse.a(ir.o)
                0x8000a960                calculate_basic_ir
 .text.calculate_extended_ir
                0x8000aa48       0x64 C:/devkitPro/libogc/lib/wii\libwiiuse.a(ir.o)
                0x8000aa48                calculate_extended_ir
 .text.find_sensorbar
                0x8000aaac      0xacc C:/devkitPro/libogc/lib/wii\libwiiuse.a(ir.o)
                0x8000aaac                find_sensorbar
 .text.apply_ir_smoothing
                0x8000b578      0x120 C:/devkitPro/libogc/lib/wii\libwiiuse.a(ir.o)
                0x8000b578                apply_ir_smoothing
 .text.interpret_ir_data
                0x8000b698      0x3e8 C:/devkitPro/libogc/lib/wii\libwiiuse.a(ir.o)
                0x8000b698                interpret_ir_data
 .text.nunchuk_handshake
                0x8000ba80      0x390 C:/devkitPro/libogc/lib/wii\libwiiuse.a(nunchuk.o)
                0x8000ba80                nunchuk_handshake
 .text.nunchuk_disconnected
                0x8000be10        0xc C:/devkitPro/libogc/lib/wii\libwiiuse.a(nunchuk.o)
                0x8000be10                nunchuk_disconnected
 .text.nunchuk_event
                0x8000be1c       0xe8 C:/devkitPro/libogc/lib/wii\libwiiuse.a(nunchuk.o)
                0x8000be1c                nunchuk_event
 .text.wii_board_handshake
                0x8000bf04      0x28c C:/devkitPro/libogc/lib/wii\libwiiuse.a(wiiboard.o)
                0x8000bf04                wii_board_handshake
 .text.wii_board_disconnected
                0x8000c190        0xc C:/devkitPro/libogc/lib/wii\libwiiuse.a(wiiboard.o)
                0x8000c190                wii_board_disconnected
 .text.wii_board_event
                0x8000c19c       0x24 C:/devkitPro/libogc/lib/wii\libwiiuse.a(wiiboard.o)
                0x8000c19c                wii_board_event
 .text.wiiuse_send_next_command
                0x8000c1c0       0x58 C:/devkitPro/libogc/lib/wii\libwiiuse.a(wiiuse.o)
                0x8000c1c0                wiiuse_send_next_command
 .text.wiiuse_init
                0x8000c218      0x1fc C:/devkitPro/libogc/lib/wii\libwiiuse.a(wiiuse.o)
                0x8000c218                wiiuse_init
 .text.wiiuse_set_flags
                0x8000c414       0x28 C:/devkitPro/libogc/lib/wii\libwiiuse.a(wiiuse.o)
                0x8000c414                wiiuse_set_flags
 .text.wiiuse_read_data
                0x8000c43c      0x120 C:/devkitPro/libogc/lib/wii\libwiiuse.a(wiiuse.o)
                0x8000c43c                wiiuse_read_data
 .text.wiiuse_write_data
                0x8000c55c      0x158 C:/devkitPro/libogc/lib/wii\libwiiuse.a(wiiuse.o)
                0x8000c55c                wiiuse_write_data
 .text.wiiuse_sendcmd
                0x8000c6b4      0x13c C:/devkitPro/libogc/lib/wii\libwiiuse.a(wiiuse.o)
                0x8000c6b4                wiiuse_sendcmd
 .text.wiiuse_set_leds
                0x8000c7f0       0x50 C:/devkitPro/libogc/lib/wii\libwiiuse.a(wiiuse.o)
                0x8000c7f0                wiiuse_set_leds
 .text.wiiuse_set_report_type
                0x8000c840       0xb4 C:/devkitPro/libogc/lib/wii\libwiiuse.a(wiiuse.o)
                0x8000c840                wiiuse_set_report_type
 .text.wiiuse_status
                0x8000c8f4       0x4c C:/devkitPro/libogc/lib/wii\libwiiuse.a(wiiuse.o)
                0x8000c8f4                wiiuse_status
 .text.wiiuse_motion_sensing
                0x8000c940       0x84 C:/devkitPro/libogc/lib/wii\libwiiuse.a(wiiuse.o)
                0x8000c940                wiiuse_motion_sensing
 .text.wiiuse_set_speaker
                0x8000c9c4      0x248 C:/devkitPro/libogc/lib/wii\libwiiuse.a(speaker.o)
                0x8000c9c4                wiiuse_set_speaker
 .text.classic_ctrl_pressed_buttons
                0x8000cc0c       0x4c C:/devkitPro/libogc/lib/wii\libwiiuse.a(classic.o)
 .text.classic_ctrl_handshake
                0x8000cc58      0x460 C:/devkitPro/libogc/lib/wii\libwiiuse.a(classic.o)
                0x8000cc58                classic_ctrl_handshake
 .text.classic_ctrl_disconnected
                0x8000d0b8        0xc C:/devkitPro/libogc/lib/wii\libwiiuse.a(classic.o)
                0x8000d0b8                classic_ctrl_disconnected
 .text.classic_ctrl_event
                0x8000d0c4      0x19c C:/devkitPro/libogc/lib/wii\libwiiuse.a(classic.o)
                0x8000d0c4                classic_ctrl_event
 .text.handle_expansion
                0x8000d260       0x54 C:/devkitPro/libogc/lib/wii\libwiiuse.a(events.o)
 .text.parse_event
                0x8000d2b4      0x73c C:/devkitPro/libogc/lib/wii\libwiiuse.a(events.o)
                0x8000d2b4                parse_event
 .text.guitar_hero_3_handshake
                0x8000d9f0       0x5c C:/devkitPro/libogc/lib/wii\libwiiuse.a(guitar_hero_3.o)
                0x8000d9f0                guitar_hero_3_handshake
 .text.guitar_hero_3_disconnected
                0x8000da4c        0xc C:/devkitPro/libogc/lib/wii\libwiiuse.a(guitar_hero_3.o)
                0x8000da4c                guitar_hero_3_disconnected
 .text.guitar_hero_3_event
                0x8000da58       0x60 C:/devkitPro/libogc/lib/wii\libwiiuse.a(guitar_hero_3.o)
                0x8000da58                guitar_hero_3_event
 .text.acl_wlp_completed
                0x8000dab8        0x8 C:/devkitPro/libogc/lib/wii\libbte.a(bte.o)
                0x8000dab8                acl_wlp_completed
 .text.bt_alarmhandler
                0x8000dac0        0x4 C:/devkitPro/libogc/lib/wii\libbte.a(bte.o)
 .text.__bte_send_pending_request
                0x8000dac4      0x11c C:/devkitPro/libogc/lib/wii\libbte.a(bte.o)
 .text.acl_conn_complete
                0x8000dbe0       0x28 C:/devkitPro/libogc/lib/wii\libbte.a(bte.o)
                0x8000dbe0                acl_conn_complete
 .text.acl_auth_complete
                0x8000dc08       0x2c C:/devkitPro/libogc/lib/wii\libbte.a(bte.o)
                0x8000dc08                acl_auth_complete
 .text.pin_req  0x8000dc34       0x8c C:/devkitPro/libogc/lib/wii\libbte.a(bte.o)
                0x8000dc34                pin_req
 .text.l2cap_connected
                0x8000dcc0       0xf0 C:/devkitPro/libogc/lib/wii\libbte.a(bte.o)
                0x8000dcc0                l2cap_connected
 .text.l2cap_accepted
                0x8000ddb0       0xe8 C:/devkitPro/libogc/lib/wii\libbte.a(bte.o)
                0x8000ddb0                l2cap_accepted
 .text.bte_inquiry_complete
                0x8000de98      0x230 C:/devkitPro/libogc/lib/wii\libbte.a(bte.o)
                0x8000de98                bte_inquiry_complete
 .text.l2cap_disconnect_cfm
                0x8000e0c8      0x180 C:/devkitPro/libogc/lib/wii\libbte.a(bte.o)
                0x8000e0c8                l2cap_disconnect_cfm
 .text.bte_process_input
                0x8000e248      0x120 C:/devkitPro/libogc/lib/wii\libbte.a(bte.o)
 .text.l2cap_disconnected_ind
                0x8000e368      0x18c C:/devkitPro/libogc/lib/wii\libbte.a(bte.o)
                0x8000e368                l2cap_disconnected_ind
 .text.__bte_shutdown_finished
                0x8000e4f4       0xe0 C:/devkitPro/libogc/lib/wii\libbte.a(bte.o)
 .text.bte_hci_apply_patch_complete
                0x8000e5d4      0x148 C:/devkitPro/libogc/lib/wii\libbte.a(bte.o)
                0x8000e5d4                bte_hci_apply_patch_complete
 .text.bte_hci_patch_complete
                0x8000e71c      0x340 C:/devkitPro/libogc/lib/wii\libbte.a(bte.o)
                0x8000e71c                bte_hci_patch_complete
 .text.bte_read_remote_name_complete
                0x8000ea5c      0x178 C:/devkitPro/libogc/lib/wii\libbte.a(bte.o)
                0x8000ea5c                bte_read_remote_name_complete
 .text.bte_hci_initcore_complete
                0x8000ebd4      0x278 C:/devkitPro/libogc/lib/wii\libbte.a(bte.o)
                0x8000ebd4                bte_hci_initcore_complete
 .text.bte_read_stored_link_key_complete
                0x8000ee4c      0x274 C:/devkitPro/libogc/lib/wii\libbte.a(bte.o)
                0x8000ee4c                bte_read_stored_link_key_complete
 .text.bte_set_evt_filter_complete
                0x8000f0c0      0x1c4 C:/devkitPro/libogc/lib/wii\libbte.a(bte.o)
                0x8000f0c0                bte_set_evt_filter_complete
 .text.bte_hci_initcore_complete2
                0x8000f284      0x218 C:/devkitPro/libogc/lib/wii\libbte.a(bte.o)
 .text.bte_hci_initsub_complete
                0x8000f49c      0x260 C:/devkitPro/libogc/lib/wii\libbte.a(bte.o)
                0x8000f49c                bte_hci_initsub_complete
 .text.BTE_Init
                0x8000f6fc      0x148 C:/devkitPro/libogc/lib/wii\libbte.a(bte.o)
                0x8000f6fc                BTE_Init
 .text.BTE_Close
                0x8000f844       0x58 C:/devkitPro/libogc/lib/wii\libbte.a(bte.o)
                0x8000f844                BTE_Close
 .text.BTE_Shutdown
                0x8000f89c       0xfc C:/devkitPro/libogc/lib/wii\libbte.a(bte.o)
                0x8000f89c                BTE_Shutdown
 .text.BTE_InitCore
                0x8000f998       0x74 C:/devkitPro/libogc/lib/wii\libbte.a(bte.o)
                0x8000f998                BTE_InitCore
 .text.BTE_ApplyPatch
                0x8000fa0c       0x8c C:/devkitPro/libogc/lib/wii\libbte.a(bte.o)
                0x8000fa0c                BTE_ApplyPatch
 .text.BTE_InitSub
                0x8000fa98       0x78 C:/devkitPro/libogc/lib/wii\libbte.a(bte.o)
                0x8000fa98                BTE_InitSub
 .text.BTE_ReadStoredLinkKey
                0x8000fb10       0x78 C:/devkitPro/libogc/lib/wii\libbte.a(bte.o)
                0x8000fb10                BTE_ReadStoredLinkKey
 .text.BTE_SetEvtFilter
                0x8000fb88       0xa0 C:/devkitPro/libogc/lib/wii\libbte.a(bte.o)
                0x8000fb88                BTE_SetEvtFilter
 .text.BTE_ReadRemoteName
                0x8000fc28       0x74 C:/devkitPro/libogc/lib/wii\libbte.a(bte.o)
                0x8000fc28                BTE_ReadRemoteName
 .text.BTE_LinkKeyRequestReply
                0x8000fc9c       0x84 C:/devkitPro/libogc/lib/wii\libbte.a(bte.o)
                0x8000fc9c                BTE_LinkKeyRequestReply
 .text.BTE_LinkKeyRequestNegativeReply
                0x8000fd20       0x74 C:/devkitPro/libogc/lib/wii\libbte.a(bte.o)
                0x8000fd20                BTE_LinkKeyRequestNegativeReply
 .text.BTE_GetPairMode
                0x8000fd94        0xc C:/devkitPro/libogc/lib/wii\libbte.a(bte.o)
                0x8000fd94                BTE_GetPairMode
 .text.BTE_SetDisconnectCallback
                0x8000fda0        0x4 C:/devkitPro/libogc/lib/wii\libbte.a(bte.o)
                0x8000fda0                BTE_SetDisconnectCallback
 .text.BTE_SetHostSyncButtonCallback
                0x8000fda4       0x44 C:/devkitPro/libogc/lib/wii\libbte.a(bte.o)
                0x8000fda4                BTE_SetHostSyncButtonCallback
 .text.BTE_SetConnectionRequestCallback
                0x8000fde8       0x44 C:/devkitPro/libogc/lib/wii\libbte.a(bte.o)
                0x8000fde8                BTE_SetConnectionRequestCallback
 .text.BTE_SetLinkKeyRequestCallback
                0x8000fe2c       0x44 C:/devkitPro/libogc/lib/wii\libbte.a(bte.o)
                0x8000fe2c                BTE_SetLinkKeyRequestCallback
 .text.BTE_SetLinkKeyNotificationCallback
                0x8000fe70       0x44 C:/devkitPro/libogc/lib/wii\libbte.a(bte.o)
                0x8000fe70                BTE_SetLinkKeyNotificationCallback
 .text.BTE_WriteStoredLinkKey
                0x8000feb4       0x84 C:/devkitPro/libogc/lib/wii\libbte.a(bte.o)
                0x8000feb4                BTE_WriteStoredLinkKey
 .text.BTE_ClearStoredLinkKeys
                0x8000ff38       0x68 C:/devkitPro/libogc/lib/wii\libbte.a(bte.o)
                0x8000ff38                BTE_ClearStoredLinkKeys
 .text.bte_new  0x8000ffa0       0x54 C:/devkitPro/libogc/lib/wii\libbte.a(bte.o)
                0x8000ffa0                bte_new
 .text.bte_free
                0x8000fff4       0x38 C:/devkitPro/libogc/lib/wii\libbte.a(bte.o)
                0x8000fff4                bte_free
 .text.BTE_Inquiry
                0x8001002c       0xbc C:/devkitPro/libogc/lib/wii\libbte.a(bte.o)
                0x8001002c                BTE_Inquiry
 .text.bte_disconnect
                0x800100e8       0xc0 C:/devkitPro/libogc/lib/wii\libbte.a(bte.o)
                0x800100e8                bte_disconnect
 .text.bte_connectasync
                0x800101a8      0x11c C:/devkitPro/libogc/lib/wii\libbte.a(bte.o)
                0x800101a8                bte_connectasync
 .text.bte_connectasync_step2
                0x800102c4       0xd4 C:/devkitPro/libogc/lib/wii\libbte.a(bte.o)
                0x800102c4                bte_connectasync_step2
 .text.bte_listenasync
                0x80010398      0x108 C:/devkitPro/libogc/lib/wii\libbte.a(bte.o)
                0x80010398                bte_listenasync
 .text.bte_listenasync_step2
                0x800104a0       0xd0 C:/devkitPro/libogc/lib/wii\libbte.a(bte.o)
                0x800104a0                bte_listenasync_step2
 .text.bte_senddata
                0x80010570       0xfc C:/devkitPro/libogc/lib/wii\libbte.a(bte.o)
                0x80010570                bte_senddata
 .text.bte_arg  0x8001066c       0x24 C:/devkitPro/libogc/lib/wii\libbte.a(bte.o)
                0x8001066c                bte_arg
 .text.bte_received
                0x80010690       0x24 C:/devkitPro/libogc/lib/wii\libbte.a(bte.o)
                0x80010690                bte_received
 .text.bte_disconnected
                0x800106b4       0x24 C:/devkitPro/libogc/lib/wii\libbte.a(bte.o)
                0x800106b4                bte_disconnected
 .text.hci_get_link
                0x800106d8       0x84 C:/devkitPro/libogc/lib/wii\libbte.a(hci.o)
 .text.hci_init
                0x8001075c       0x7c C:/devkitPro/libogc/lib/wii\libbte.a(hci.o)
                0x8001075c                hci_init
 .text.hci_close
                0x800107d8      0x124 C:/devkitPro/libogc/lib/wii\libbte.a(hci.o)
                0x800107d8                hci_close
 .text.hci_reset_all
                0x800108fc       0xa8 C:/devkitPro/libogc/lib/wii\libbte.a(hci.o)
                0x800108fc                hci_reset_all
 .text.hci_arg  0x800109a4        0xc C:/devkitPro/libogc/lib/wii\libbte.a(hci.o)
                0x800109a4                hci_arg
 .text.hci_cmd_complete
                0x800109b0        0xc C:/devkitPro/libogc/lib/wii\libbte.a(hci.o)
                0x800109b0                hci_cmd_complete
 .text.hci_pin_req
                0x800109bc        0xc C:/devkitPro/libogc/lib/wii\libbte.a(hci.o)
                0x800109bc                hci_pin_req
 .text.hci_sync_btn
                0x800109c8        0xc C:/devkitPro/libogc/lib/wii\libbte.a(hci.o)
                0x800109c8                hci_sync_btn
 .text.hci_remote_name_req_complete
                0x800109d4        0xc C:/devkitPro/libogc/lib/wii\libbte.a(hci.o)
                0x800109d4                hci_remote_name_req_complete
 .text.hci_link_key_req
                0x800109e0        0xc C:/devkitPro/libogc/lib/wii\libbte.a(hci.o)
                0x800109e0                hci_link_key_req
 .text.hci_link_key_not
                0x800109ec        0xc C:/devkitPro/libogc/lib/wii\libbte.a(hci.o)
                0x800109ec                hci_link_key_not
 .text.hci_connection_complete
                0x800109f8        0xc C:/devkitPro/libogc/lib/wii\libbte.a(hci.o)
                0x800109f8                hci_connection_complete
 .text.hci_auth_complete
                0x80010a04        0xc C:/devkitPro/libogc/lib/wii\libbte.a(hci.o)
                0x80010a04                hci_auth_complete
 .text.hci_wlp_complete
                0x80010a10        0xc C:/devkitPro/libogc/lib/wii\libbte.a(hci.o)
                0x80010a10                hci_wlp_complete
 .text.hci_conn_req
                0x80010a1c        0xc C:/devkitPro/libogc/lib/wii\libbte.a(hci.o)
                0x80010a1c                hci_conn_req
 .text.hci_reset
                0x80010a28       0xa8 C:/devkitPro/libogc/lib/wii\libbte.a(hci.o)
                0x80010a28                hci_reset
 .text.hci_read_buffer_size
                0x80010ad0       0xa8 C:/devkitPro/libogc/lib/wii\libbte.a(hci.o)
                0x80010ad0                hci_read_buffer_size
 .text.hci_read_bd_addr
                0x80010b78       0xa8 C:/devkitPro/libogc/lib/wii\libbte.a(hci.o)
                0x80010b78                hci_read_bd_addr
 .text.hci_read_local_version
                0x80010c20       0xa4 C:/devkitPro/libogc/lib/wii\libbte.a(hci.o)
                0x80010c20                hci_read_local_version
 .text.hci_read_local_features
                0x80010cc4       0xa8 C:/devkitPro/libogc/lib/wii\libbte.a(hci.o)
                0x80010cc4                hci_read_local_features
 .text.hci_read_stored_link_key
                0x80010d6c      0x10c C:/devkitPro/libogc/lib/wii\libbte.a(hci.o)
                0x80010d6c                hci_read_stored_link_key
 .text.hci_set_event_filter
                0x80010e78      0x178 C:/devkitPro/libogc/lib/wii\libbte.a(hci.o)
                0x80010e78                hci_set_event_filter
 .text.hci_write_page_timeout
                0x80010ff0       0xc8 C:/devkitPro/libogc/lib/wii\libbte.a(hci.o)
                0x80010ff0                hci_write_page_timeout
 .text.hci_write_scan_enable
                0x800110b8       0xc0 C:/devkitPro/libogc/lib/wii\libbte.a(hci.o)
                0x800110b8                hci_write_scan_enable
 .text.hci_inquiry
                0x80011178      0x144 C:/devkitPro/libogc/lib/wii\libbte.a(hci.o)
                0x80011178                hci_inquiry
 .text.hci_accept_conn_request
                0x800112bc       0xf0 C:/devkitPro/libogc/lib/wii\libbte.a(hci.o)
                0x800112bc                hci_accept_conn_request
 .text.hci_write_local_name
                0x800113ac       0xec C:/devkitPro/libogc/lib/wii\libbte.a(hci.o)
                0x800113ac                hci_write_local_name
 .text.hci_write_pin_type
                0x80011498       0xc0 C:/devkitPro/libogc/lib/wii\libbte.a(hci.o)
                0x80011498                hci_write_pin_type
 .text.hci_read_remote_name
                0x80011558      0x1a8 C:/devkitPro/libogc/lib/wii\libbte.a(hci.o)
                0x80011558                hci_read_remote_name
 .text.hci_write_inquiry_mode
                0x80011700       0xc0 C:/devkitPro/libogc/lib/wii\libbte.a(hci.o)
                0x80011700                hci_write_inquiry_mode
 .text.hci_write_page_scan_type
                0x800117c0       0xc0 C:/devkitPro/libogc/lib/wii\libbte.a(hci.o)
                0x800117c0                hci_write_page_scan_type
 .text.hci_write_inquiry_scan_type
                0x80011880       0xc0 C:/devkitPro/libogc/lib/wii\libbte.a(hci.o)
                0x80011880                hci_write_inquiry_scan_type
 .text.hci_vendor_specific_command
                0x80011940      0x104 C:/devkitPro/libogc/lib/wii\libbte.a(hci.o)
                0x80011940                hci_vendor_specific_command
 .text.hci_auth_req
                0x80011a44       0xdc C:/devkitPro/libogc/lib/wii\libbte.a(hci.o)
                0x80011a44                hci_auth_req
 .text.hci_write_link_policy_settings
                0x80011b20       0xf4 C:/devkitPro/libogc/lib/wii\libbte.a(hci.o)
                0x80011b20                hci_write_link_policy_settings
 .text.hci_pin_code_request_reply
                0x80011c14      0x150 C:/devkitPro/libogc/lib/wii\libbte.a(hci.o)
                0x80011c14                hci_pin_code_request_reply
 .text.hci_link_key_req_reply
                0x80011d64      0x114 C:/devkitPro/libogc/lib/wii\libbte.a(hci.o)
                0x80011d64                hci_link_key_req_reply
 .text.hci_pin_code_request_neg_reply
                0x80011e78       0xd4 C:/devkitPro/libogc/lib/wii\libbte.a(hci.o)
                0x80011e78                hci_pin_code_request_neg_reply
 .text.hci_link_key_req_neg_reply
                0x80011f4c       0xd4 C:/devkitPro/libogc/lib/wii\libbte.a(hci.o)
                0x80011f4c                hci_link_key_req_neg_reply
 .text.hci_disconnect
                0x80012020       0xf8 C:/devkitPro/libogc/lib/wii\libbte.a(hci.o)
                0x80012020                hci_disconnect
 .text.hci_reject_connection_request
                0x80012118       0xf0 C:/devkitPro/libogc/lib/wii\libbte.a(hci.o)
                0x80012118                hci_reject_connection_request
 .text.hci_write_stored_link_key
                0x80012208      0x128 C:/devkitPro/libogc/lib/wii\libbte.a(hci.o)
                0x80012208                hci_write_stored_link_key
 .text.hci_delete_stored_link_key
                0x80012330      0x10c C:/devkitPro/libogc/lib/wii\libbte.a(hci.o)
                0x80012330                hci_delete_stored_link_key
 .text.hci_write_cod
                0x8001243c       0xd8 C:/devkitPro/libogc/lib/wii\libbte.a(hci.o)
                0x8001243c                hci_write_cod
 .text.hci_host_buffer_size
                0x80012514       0xf8 C:/devkitPro/libogc/lib/wii\libbte.a(hci.o)
                0x80012514                hci_host_buffer_size
 .text.hci_host_num_comp_packets
                0x8001260c      0x100 C:/devkitPro/libogc/lib/wii\libbte.a(hci.o)
                0x8001260c                hci_host_num_comp_packets
 .text.lp_pdu_maxsize
                0x8001270c        0xc C:/devkitPro/libogc/lib/wii\libbte.a(hci.o)
                0x8001270c                lp_pdu_maxsize
 .text.hci_get_bd_addr
                0x80012718       0x50 C:/devkitPro/libogc/lib/wii\libbte.a(hci.o)
                0x80012718                hci_get_bd_addr
 .text.lp_is_connected
                0x80012768       0x28 C:/devkitPro/libogc/lib/wii\libbte.a(hci.o)
                0x80012768                lp_is_connected
 .text.lp_acl_write
                0x80012790      0x144 C:/devkitPro/libogc/lib/wii\libbte.a(hci.o)
                0x80012790                lp_acl_write
 .text.lp_write_flush_timeout
                0x800128d4       0xf4 C:/devkitPro/libogc/lib/wii\libbte.a(hci.o)
                0x800128d4                lp_write_flush_timeout
 .text.lp_connect_req
                0x800129c8      0x274 C:/devkitPro/libogc/lib/wii\libbte.a(hci.o)
                0x800129c8                lp_connect_req
 .text.hci_event_handler
                0x80012c3c      0xdf4 C:/devkitPro/libogc/lib/wii\libbte.a(hci.o)
                0x80012c3c                hci_event_handler
 .text.hci_acldata_handler
                0x80013a30       0xec C:/devkitPro/libogc/lib/wii\libbte.a(hci.o)
                0x80013a30                hci_acldata_handler
 .text.l2cap_init
                0x80013b1c       0x60 C:/devkitPro/libogc/lib/wii\libbte.a(l2cap.o)
                0x80013b1c                l2cap_init
 .text.l2cap_write
                0x80013b7c      0x1a0 C:/devkitPro/libogc/lib/wii\libbte.a(l2cap.o)
                0x80013b7c                l2cap_write
 .text.l2cap_new
                0x80013d1c       0x60 C:/devkitPro/libogc/lib/wii\libbte.a(l2cap.o)
                0x80013d1c                l2cap_new
 .text.l2cap_close
                0x80013d7c      0x1b4 C:/devkitPro/libogc/lib/wii\libbte.a(l2cap.o)
                0x80013d7c                l2cap_close
 .text.l2cap_reset_all
                0x80013f30      0x134 C:/devkitPro/libogc/lib/wii\libbte.a(l2cap.o)
                0x80013f30                l2cap_reset_all
 .text.l2cap_signal
                0x80014064      0x204 C:/devkitPro/libogc/lib/wii\libbte.a(l2cap.o)
                0x80014064                l2cap_signal
 .text.l2ca_connect_req
                0x80014268      0x1b8 C:/devkitPro/libogc/lib/wii\libbte.a(l2cap.o)
                0x80014268                l2ca_connect_req
 .text.l2ca_config_req
                0x80014420      0x128 C:/devkitPro/libogc/lib/wii\libbte.a(l2cap.o)
                0x80014420                l2ca_config_req
 .text.l2ca_disconnect_req
                0x80014548       0xbc C:/devkitPro/libogc/lib/wii\libbte.a(l2cap.o)
                0x80014548                l2ca_disconnect_req
 .text.l2cap_tmr
                0x80014604      0x260 C:/devkitPro/libogc/lib/wii\libbte.a(l2cap.o)
                0x80014604                l2cap_tmr
 .text.l2cap_process_sig
                0x80014864     0x11bc C:/devkitPro/libogc/lib/wii\libbte.a(l2cap.o)
                0x80014864                l2cap_process_sig
 .text.l2cap_input
                0x80015a20      0x5bc C:/devkitPro/libogc/lib/wii\libbte.a(l2cap.o)
                0x80015a20                l2cap_input
 .text.l2ca_datawrite
                0x80015fdc      0x108 C:/devkitPro/libogc/lib/wii\libbte.a(l2cap.o)
                0x80015fdc                l2ca_datawrite
 .text.lp_connect_cfm
                0x800160e4      0x160 C:/devkitPro/libogc/lib/wii\libbte.a(l2cap.o)
                0x800160e4                lp_connect_cfm
 .text.lp_connect_ind
                0x80016244        0x4 C:/devkitPro/libogc/lib/wii\libbte.a(l2cap.o)
                0x80016244                lp_connect_ind
 .text.lp_disconnect_ind
                0x80016248      0x1b0 C:/devkitPro/libogc/lib/wii\libbte.a(l2cap.o)
                0x80016248                lp_disconnect_ind
 .text.l2cap_disconnect_bb
                0x800163f8       0x10 C:/devkitPro/libogc/lib/wii\libbte.a(l2cap.o)
                0x800163f8                l2cap_disconnect_bb
 .text.l2cap_arg
                0x80016408        0x8 C:/devkitPro/libogc/lib/wii\libbte.a(l2cap.o)
                0x80016408                l2cap_arg
 .text.l2cap_connect_ind
                0x80016410       0xec C:/devkitPro/libogc/lib/wii\libbte.a(l2cap.o)
                0x80016410                l2cap_connect_ind
 .text.l2cap_disconnect_ind
                0x800164fc        0x8 C:/devkitPro/libogc/lib/wii\libbte.a(l2cap.o)
                0x800164fc                l2cap_disconnect_ind
 .text.l2cap_recv
                0x80016504        0x8 C:/devkitPro/libogc/lib/wii\libbte.a(l2cap.o)
                0x80016504                l2cap_recv
 .text.btmemb_init
                0x8001650c       0x24 C:/devkitPro/libogc/lib/wii\libbte.a(btmemb.o)
                0x8001650c                btmemb_init
 .text.btmemb_alloc
                0x80016530       0x88 C:/devkitPro/libogc/lib/wii\libbte.a(btmemb.o)
                0x80016530                btmemb_alloc
 .text.btmemb_free
                0x800165b8       0xcc C:/devkitPro/libogc/lib/wii\libbte.a(btmemb.o)
                0x800165b8                btmemb_free
 .text.plug_holes
                0x80016684       0xac C:/devkitPro/libogc/lib/wii\libbte.a(btmemr.o)
 .text.btmemr_init
                0x80016730       0x90 C:/devkitPro/libogc/lib/wii\libbte.a(btmemr.o)
                0x80016730                btmemr_init
 .text.btmemr_malloc
                0x800167c0      0x164 C:/devkitPro/libogc/lib/wii\libbte.a(btmemr.o)
                0x800167c0                btmemr_malloc
 .text.btmemr_free
                0x80016924       0x90 C:/devkitPro/libogc/lib/wii\libbte.a(btmemr.o)
                0x80016924                btmemr_free
 .text.btmemr_realloc
                0x800169b4      0x10c C:/devkitPro/libogc/lib/wii\libbte.a(btmemr.o)
                0x800169b4                btmemr_realloc
 .text.btpbuf_init
                0x80016ac0       0x28 C:/devkitPro/libogc/lib/wii\libbte.a(btpbuf.o)
                0x80016ac0                btpbuf_init
 .text.btpbuf_free
                0x80016ae8       0xfc C:/devkitPro/libogc/lib/wii\libbte.a(btpbuf.o)
                0x80016ae8                btpbuf_free
 .text.btpbuf_alloc
                0x80016be4      0x268 C:/devkitPro/libogc/lib/wii\libbte.a(btpbuf.o)
                0x80016be4                btpbuf_alloc
 .text.btpbuf_realloc
                0x80016e4c      0x120 C:/devkitPro/libogc/lib/wii\libbte.a(btpbuf.o)
                0x80016e4c                btpbuf_realloc
 .text.btpbuf_header
                0x80016f6c       0x80 C:/devkitPro/libogc/lib/wii\libbte.a(btpbuf.o)
                0x80016f6c                btpbuf_header
 .text.btpbuf_ref
                0x80016fec       0x34 C:/devkitPro/libogc/lib/wii\libbte.a(btpbuf.o)
                0x80016fec                btpbuf_ref
 .text.btpbuf_chain
                0x80017020       0x88 C:/devkitPro/libogc/lib/wii\libbte.a(btpbuf.o)
                0x80017020                btpbuf_chain
 .text.btpbuf_dechain
                0x800170a8       0x6c C:/devkitPro/libogc/lib/wii\libbte.a(btpbuf.o)
                0x800170a8                btpbuf_dechain
 .text.btpbuf_take
                0x80017114      0x13c C:/devkitPro/libogc/lib/wii\libbte.a(btpbuf.o)
                0x80017114                btpbuf_take
 .text.__writebulkmsgCB
                0x80017250       0x3c C:/devkitPro/libogc/lib/wii\libbte.a(physbusif.o)
 .text.__writectrlmsgCB
                0x8001728c       0x3c C:/devkitPro/libogc/lib/wii\libbte.a(physbusif.o)
 .text.__issue_intrread.part.0
                0x800172c8       0x80 C:/devkitPro/libogc/lib/wii\libbte.a(physbusif.o)
 .text.__readintrdataCB
                0x80017348      0x134 C:/devkitPro/libogc/lib/wii\libbte.a(physbusif.o)
 .text.__issue_bulkread.part.0
                0x8001747c       0x80 C:/devkitPro/libogc/lib/wii\libbte.a(physbusif.o)
 .text.__readbulkdataCB
                0x800174fc      0x134 C:/devkitPro/libogc/lib/wii\libbte.a(physbusif.o)
 .text.physbusif_init
                0x80017630      0x1ec C:/devkitPro/libogc/lib/wii\libbte.a(physbusif.o)
                0x80017630                physbusif_init
 .text.physbusif_close
                0x8001781c       0x20 C:/devkitPro/libogc/lib/wii\libbte.a(physbusif.o)
                0x8001781c                physbusif_close
 .text.physbusif_shutdown
                0x8001783c       0x18 C:/devkitPro/libogc/lib/wii\libbte.a(physbusif.o)
                0x8001783c                physbusif_shutdown
 .text.physbusif_reset_all
                0x80017854        0x4 C:/devkitPro/libogc/lib/wii\libbte.a(physbusif.o)
                0x80017854                physbusif_reset_all
 .text.physbusif_output
                0x80017858      0x1f4 C:/devkitPro/libogc/lib/wii\libbte.a(physbusif.o)
                0x80017858                physbusif_output
 .text.fatInitDefault
                0x80017a4c       0x18 C:/devkitPro/libogc/lib/wii\libfat.a(fat_wrappers.o)
                0x80017a4c                fatInitDefault
 .text._dvmDetectSectorShift
                0x80017a64       0x34 C:/devkitPro/libogc/lib/wii\libfat.a(dvm_libogc.o)
                0x80017a64                _dvmDetectSectorShift
 .text.dvmInit  0x80017a98      0x130 C:/devkitPro/libogc/lib/wii\libfat.a(dvm_libogc.o)
                0x80017a98                dvmInit
 .text._dvmDiscWrapReadSectors
                0x80017bc8       0x1c C:/devkitPro/libogc/lib/wii\libfat.a(dvm_disc.o)
 .text._dvmDiscWrapWriteSectors
                0x80017be4       0x1c C:/devkitPro/libogc/lib/wii\libfat.a(dvm_disc.o)
 .text._dvmDiscWrapFlush
                0x80017c00        0x4 C:/devkitPro/libogc/lib/wii\libfat.a(dvm_disc.o)
 .text._dvmDiscWrapDestroy
                0x80017c04        0x4 C:/devkitPro/libogc/lib/wii\libfat.a(dvm_disc.o)
 .text.dvmDiscCreate
                0x80017c08       0xc4 C:/devkitPro/libogc/lib/wii\libfat.a(dvm_disc.o)
                0x80017c08                dvmDiscCreate
 .text.dvmDiscAddUser
                0x80017ccc       0x10 C:/devkitPro/libogc/lib/wii\libfat.a(dvm_disc.o)
                0x80017ccc                dvmDiscAddUser
 .text.dvmDiscRemoveUser
                0x80017cdc       0x28 C:/devkitPro/libogc/lib/wii\libfat.a(dvm_disc.o)
                0x80017cdc                dvmDiscRemoveUser
 .text._dvmDiscCacheReadWrite
                0x80017d04      0x584 C:/devkitPro/libogc/lib/wii\libfat.a(dvm_cache.o)
 .text._dvmDiscCacheWriteSectors
                0x80018288       0x88 C:/devkitPro/libogc/lib/wii\libfat.a(dvm_cache.o)
 .text._dvmDiscCacheReadSectors
                0x80018310       0x88 C:/devkitPro/libogc/lib/wii\libfat.a(dvm_cache.o)
 .text._dvmDiscCacheFlush
                0x80018398      0x100 C:/devkitPro/libogc/lib/wii\libfat.a(dvm_cache.o)
 .text._dvmDiscCacheDestroy
                0x80018498       0x48 C:/devkitPro/libogc/lib/wii\libfat.a(dvm_cache.o)
 .text.dvmDiscCacheCreate
                0x800184e0      0x208 C:/devkitPro/libogc/lib/wii\libfat.a(dvm_cache.o)
                0x800184e0                dvmDiscCacheCreate
 .text.dvmMountVolume
                0x800186e8      0x200 C:/devkitPro/libogc/lib/wii\libfat.a(dvm_volume.o)
                0x800186e8                dvmMountVolume
 .text._dvmSetAppWorkingDir
                0x800188e8       0x88 C:/devkitPro/libogc/lib/wii\libfat.a(dvm_volume.o)
                0x800188e8                _dvmSetAppWorkingDir
 .text._dvmIdentMbrVbr
                0x80018970      0x15c C:/devkitPro/libogc/lib/wii\libfat.a(dvm_prober.o)
 .text._dvmReadPartitionTable
                0x80018acc      0x234 C:/devkitPro/libogc/lib/wii\libfat.a(dvm_prober.o)
 .text.dvmProbeMountDisc
                0x80018d00      0x14c C:/devkitPro/libogc/lib/wii\libfat.a(dvm_prober.o)
                0x80018d00                dvmProbeMountDisc
 .text.dvmProbeMountDiscIface
                0x80018e4c       0xb4 C:/devkitPro/libogc/lib/wii\libfat.a(dvm_prober.o)
                0x80018e4c                dvmProbeMountDiscIface
 .text._FAT_fstat_r
                0x80018f00      0x118 C:/devkitPro/libogc/lib/wii\libfat.a(fat_driver.o)
 .text._FAT_umount
                0x80019018       0x34 C:/devkitPro/libogc/lib/wii\libfat.a(fat_driver.o)
 .text._FAT_mount
                0x8001904c       0x78 C:/devkitPro/libogc/lib/wii\libfat.a(fat_driver.o)
 .text._FAT_seek_r
                0x800190c4      0x188 C:/devkitPro/libogc/lib/wii\libfat.a(fat_driver.o)
 .text._FAT_set_stat
                0x8001924c      0x124 C:/devkitPro/libogc/lib/wii\libfat.a(fat_driver.o)
 .text._FAT_mkdir_r
                0x80019370       0x94 C:/devkitPro/libogc/lib/wii\libfat.a(fat_driver.o)
 .text._FAT_chdir_r
                0x80019404       0x94 C:/devkitPro/libogc/lib/wii\libfat.a(fat_driver.o)
 .text._FAT_unlink_r
                0x80019498       0x98 C:/devkitPro/libogc/lib/wii\libfat.a(fat_driver.o)
 .text._FAT_rmdir_r
                0x80019530       0x98 C:/devkitPro/libogc/lib/wii\libfat.a(fat_driver.o)
 .text._FAT_diropen_r
                0x800195c8       0xb0 C:/devkitPro/libogc/lib/wii\libfat.a(fat_driver.o)
 .text._FAT_fsync_r
                0x80019678       0xac C:/devkitPro/libogc/lib/wii\libfat.a(fat_driver.o)
 .text._FAT_close_r
                0x80019724       0xac C:/devkitPro/libogc/lib/wii\libfat.a(fat_driver.o)
 .text._FAT_dirclose_r
                0x800197d0       0xac C:/devkitPro/libogc/lib/wii\libfat.a(fat_driver.o)
 .text._FAT_dirreset_r
                0x8001987c       0xb0 C:/devkitPro/libogc/lib/wii\libfat.a(fat_driver.o)
 .text._FAT_rename_r
                0x8001992c       0xbc C:/devkitPro/libogc/lib/wii\libfat.a(fat_driver.o)
 .text._FAT_stat_r
                0x800199e8       0xf0 C:/devkitPro/libogc/lib/wii\libfat.a(fat_driver.o)
 .text._FAT_read_r
                0x80019ad8       0x9c C:/devkitPro/libogc/lib/wii\libfat.a(fat_driver.o)
 .text._FAT_write_r
                0x80019b74       0x9c C:/devkitPro/libogc/lib/wii\libfat.a(fat_driver.o)
 .text._FAT_statvfs_r
                0x80019c10      0x124 C:/devkitPro/libogc/lib/wii\libfat.a(fat_driver.o)
 .text._FAT_ftruncate_r
                0x80019d34      0x1d8 C:/devkitPro/libogc/lib/wii\libfat.a(fat_driver.o)
 .text._FAT_dirnext_r
                0x80019f0c      0x1a0 C:/devkitPro/libogc/lib/wii\libfat.a(fat_driver.o)
 .text._FAT_open_r
                0x8001a0ac      0x17c C:/devkitPro/libogc/lib/wii\libfat.a(fat_driver.o)
 .text.get_fattime
                0x8001a228       0x8c C:/devkitPro/libogc/lib/wii\libfat.a(fat_driver.o)
                0x8001a228                get_fattime
 .text.ff_mutex_create
                0x8001a2b4       0x14 C:/devkitPro/libogc/lib/wii\libfat.a(fat_driver.o)
                0x8001a2b4                ff_mutex_create
 .text.ff_mutex_delete
                0x8001a2c8        0x8 C:/devkitPro/libogc/lib/wii\libfat.a(fat_driver.o)
                0x8001a2c8                ff_mutex_delete
 .text.ff_mutex_take
                0x8001a2d0       0x28 C:/devkitPro/libogc/lib/wii\libfat.a(fat_driver.o)
                0x8001a2d0                ff_mutex_take
 .text.ff_mutex_give
                0x8001a2f8        0x8 C:/devkitPro/libogc/lib/wii\libfat.a(fat_driver.o)
                0x8001a2f8                ff_mutex_give
 .text.disk_initialize
                0x8001a300       0x24 C:/devkitPro/libogc/lib/wii\libfat.a(fat_driver.o)
                0x8001a300                disk_initialize
 .text.disk_status
                0x8001a324       0x24 C:/devkitPro/libogc/lib/wii\libfat.a(fat_driver.o)
                0x8001a324                disk_status
 .text.disk_read
                0x8001a348       0x44 C:/devkitPro/libogc/lib/wii\libfat.a(fat_driver.o)
                0x8001a348                disk_read
 .text.disk_write
                0x8001a38c       0x44 C:/devkitPro/libogc/lib/wii\libfat.a(fat_driver.o)
                0x8001a38c                disk_write
 .text.disk_ioctl
                0x8001a3d0       0x5c C:/devkitPro/libogc/lib/wii\libfat.a(fat_driver.o)
                0x8001a3d0                disk_ioctl
 .text.tchar2uni
                0x8001a42c       0xe8 C:/devkitPro/libogc/lib/wii\libfat.a(ff.o)
 .text.sync_window
                0x8001a514       0xb0 C:/devkitPro/libogc/lib/wii\libfat.a(ff.o)
 .text.validate
                0x8001a5c4       0xd8 C:/devkitPro/libogc/lib/wii\libfat.a(ff.o)
 .text.put_utf  0x8001a69c      0x148 C:/devkitPro/libogc/lib/wii\libfat.a(ff.o)
 .text.dir_clear
                0x8001a7e4       0xdc C:/devkitPro/libogc/lib/wii\libfat.a(ff.o)
 .text.get_fileinfo
                0x8001a8c0      0x2fc C:/devkitPro/libogc/lib/wii\libfat.a(ff.o)
 .text.sync_fs  0x8001abbc      0x178 C:/devkitPro/libogc/lib/wii\libfat.a(ff.o)
 .text.move_window
                0x8001ad34       0xfc C:/devkitPro/libogc/lib/wii\libfat.a(ff.o)
 .text.put_fat.part.0
                0x8001ae30      0x214 C:/devkitPro/libogc/lib/wii\libfat.a(ff.o)
 .text.get_fat.isra.0
                0x8001b044      0x224 C:/devkitPro/libogc/lib/wii\libfat.a(ff.o)
 .text.remove_chain
                0x8001b268      0x1a4 C:/devkitPro/libogc/lib/wii\libfat.a(ff.o)
 .text.create_chain
                0x8001b40c      0x2ac C:/devkitPro/libogc/lib/wii\libfat.a(ff.o)
 .text.dir_next
                0x8001b6b8      0x218 C:/devkitPro/libogc/lib/wii\libfat.a(ff.o)
 .text.dir_read
                0x8001b8d0      0x304 C:/devkitPro/libogc/lib/wii\libfat.a(ff.o)
 .text.dir_sdi  0x8001bbd4      0x1e0 C:/devkitPro/libogc/lib/wii\libfat.a(ff.o)
 .text.dir_alloc
                0x8001bdb4      0x170 C:/devkitPro/libogc/lib/wii\libfat.a(ff.o)
 .text.dir_remove
                0x8001bf24      0x1b0 C:/devkitPro/libogc/lib/wii\libfat.a(ff.o)
 .text.dir_find
                0x8001c0d4      0x38c C:/devkitPro/libogc/lib/wii\libfat.a(ff.o)
 .text.follow_path
                0x8001c460      0x708 C:/devkitPro/libogc/lib/wii\libfat.a(ff.o)
 .text.dir_register
                0x8001cb68      0x590 C:/devkitPro/libogc/lib/wii\libfat.a(ff.o)
 .text.check_fs
                0x8001d0f8      0x304 C:/devkitPro/libogc/lib/wii\libfat.a(ff.o)
 .text.mount_volume.part.0
                0x8001d3fc      0x584 C:/devkitPro/libogc/lib/wii\libfat.a(ff.o)
 .text.f_mount  0x8001d980       0xb0 C:/devkitPro/libogc/lib/wii\libfat.a(ff.o)
                0x8001d980                f_mount
 .text.f_umount
                0x8001da30       0x3c C:/devkitPro/libogc/lib/wii\libfat.a(ff.o)
                0x8001da30                f_umount
 .text.f_open   0x8001da6c      0x404 C:/devkitPro/libogc/lib/wii\libfat.a(ff.o)
                0x8001da6c                f_open
 .text.f_read   0x8001de70      0x3b8 C:/devkitPro/libogc/lib/wii\libfat.a(ff.o)
                0x8001de70                f_read
 .text.f_write  0x8001e228      0x450 C:/devkitPro/libogc/lib/wii\libfat.a(ff.o)
                0x8001e228                f_write
 .text.f_sync   0x8001e678      0x1cc C:/devkitPro/libogc/lib/wii\libfat.a(ff.o)
                0x8001e678                f_sync
 .text.f_close  0x8001e844       0x80 C:/devkitPro/libogc/lib/wii\libfat.a(ff.o)
                0x8001e844                f_close
 .text.f_chdir  0x8001e8c4      0x130 C:/devkitPro/libogc/lib/wii\libfat.a(ff.o)
                0x8001e8c4                f_chdir
 .text.f_lseek  0x8001e9f4      0x33c C:/devkitPro/libogc/lib/wii\libfat.a(ff.o)
                0x8001e9f4                f_lseek
 .text.f_opendir
                0x8001ed30      0x194 C:/devkitPro/libogc/lib/wii\libfat.a(ff.o)
                0x8001ed30                f_opendir
 .text.f_closedir
                0x8001eec4       0xb0 C:/devkitPro/libogc/lib/wii\libfat.a(ff.o)
                0x8001eec4                f_closedir
 .text.f_readdir
                0x8001ef74      0x150 C:/devkitPro/libogc/lib/wii\libfat.a(ff.o)
                0x8001ef74                f_readdir
 .text.f_stat   0x8001f0c4      0x16c C:/devkitPro/libogc/lib/wii\libfat.a(ff.o)
                0x8001f0c4                f_stat
 .text.f_getfree
                0x8001f230      0x220 C:/devkitPro/libogc/lib/wii\libfat.a(ff.o)
                0x8001f230                f_getfree
 .text.f_truncate
                0x8001f450      0x214 C:/devkitPro/libogc/lib/wii\libfat.a(ff.o)
                0x8001f450                f_truncate
 .text.f_unlink
                0x8001f664      0x1f8 C:/devkitPro/libogc/lib/wii\libfat.a(ff.o)
                0x8001f664                f_unlink
 .text.f_mkdir  0x8001f85c      0x320 C:/devkitPro/libogc/lib/wii\libfat.a(ff.o)
                0x8001f85c                f_mkdir
 .text.f_rename
                0x8001fb7c      0x2e8 C:/devkitPro/libogc/lib/wii\libfat.a(ff.o)
                0x8001fb7c                f_rename
 .text.ff_uni2oem
                0x8001fe64       0x68 C:/devkitPro/libogc/lib/wii\libfat.a(ffunicode.o)
                0x8001fe64                ff_uni2oem
 .text.ff_oem2uni
                0x8001fecc       0x40 C:/devkitPro/libogc/lib/wii\libfat.a(ffunicode.o)
                0x8001fecc                ff_oem2uni
 .text.ff_wtoupper
                0x8001ff0c      0x120 C:/devkitPro/libogc/lib/wii\libfat.a(ffunicode.o)
                0x8001ff0c                ff_wtoupper
 .text.DEBUGPrint
                0x8002002c        0x4 C:/devkitPro/libogc/lib/wii\libogc.a(common_crt0.o)
                0x8002002c                DEBUGPrint
 .text.__eabi   0x80020030        0x4 C:/devkitPro/libogc/lib/wii\libogc.a(common_crt0.o)
                0x80020030                __eabi
 .text.PPCEarlyInit
                0x80020034       0x24 C:/devkitPro/libogc/lib/wii\libogc.a(early_init.o)
                0x80020034                PPCEarlyInit
 .text.PPCEarlyInitImpl
                0x80020058      0x1a4 C:/devkitPro/libogc/lib/wii\libogc.a(early_init.o)
 .text.PPCExcptDefaultPanicFn
                0x800201fc       0xac C:/devkitPro/libogc/lib/wii\libogc.a(exception.o)
 .text.PPCExcptInit
                0x800202a8      0x140 C:/devkitPro/libogc/lib/wii\libogc.a(exception.o)
                0x800202a8                PPCExcptInit
 .text.PPCExcptEntryGeneral
                0x800203e8       0x60 C:/devkitPro/libogc/lib/wii\libogc.a(exception_asm.o)
                0x800203ec                PPCExcptEntryGeneral
 .text.PPCExcptEntryFpu
                0x80020448       0x90 C:/devkitPro/libogc/lib/wii\libogc.a(exception_asm.o)
                0x8002044c                PPCExcptEntryFpu
 .text.PPCExcptFpuHandler
                0x800204d8      0x260 C:/devkitPro/libogc/lib/wii\libogc.a(exception_asm.o)
 .text.PPCExcptDefaultScHandler
                0x80020738       0x3c C:/devkitPro/libogc/lib/wii\libogc.a(exception_asm.o)
                0x80020738                PPCExcptDefaultScHandler
 .text.PPCExcptDefaultHandler
                0x80020774      0x13c C:/devkitPro/libogc/lib/wii\libogc.a(exception_asm.o)
                0x80020774                PPCExcptDefaultHandler
 .text.KIrqInit
                0x800208b0       0x94 C:/devkitPro/libogc/lib/wii\libogc.a(interrupt.o)
                0x800208b0                KIrqInit
 .text.KIrqDispatch
                0x80020944      0x260 C:/devkitPro/libogc/lib/wii\libogc.a(interrupt.o)
                0x80020944                KIrqDispatch
 .text.KIrqEnable
                0x80020ba4      0x248 C:/devkitPro/libogc/lib/wii\libogc.a(interrupt.o)
                0x80020ba4                KIrqEnable
 .text.KIrqDisable
                0x80020dec      0x244 C:/devkitPro/libogc/lib/wii\libogc.a(interrupt.o)
                0x80020dec                KIrqDisable
 .text.KIrqGet  0x80021030       0x14 C:/devkitPro/libogc/lib/wii\libogc.a(interrupt.o)
                0x80021030                KIrqGet
 .text.KIrqSet  0x80021044       0x3c C:/devkitPro/libogc/lib/wii\libogc.a(interrupt.o)
                0x80021044                KIrqSet
 .text.PPCExcptIrqHandler
                0x80021080      0x144 C:/devkitPro/libogc/lib/wii\libogc.a(interrupt_asm.o)
                0x80021080                PPCExcptIrqHandler
 .text.__PPCContextPrepareToJump
                0x800211c4       0x4c C:/devkitPro/libogc/lib/wii\libogc.a(interrupt_asm.o)
                0x800211c4                __PPCContextPrepareToJump
 .text.__PPCContextJump
                0x80021210        0x8 C:/devkitPro/libogc/lib/wii\libogc.a(interrupt_asm.o)
                0x80021210                __PPCContextJump
 .text.KThreadIdleMain
                0x80021218        0x4 C:/devkitPro/libogc/lib/wii\libogc.a(thread.o)
 .text.__getreent
                0x8002121c       0x24 C:/devkitPro/libogc/lib/wii\libogc.a(thread.o)
                0x8002121c                __getreent
 .text.KThreadInit
                0x80021240      0x100 C:/devkitPro/libogc/lib/wii\libogc.a(thread.o)
                0x80021240                KThreadInit
 .text.KThreadPrepare
                0x80021340      0x1e8 C:/devkitPro/libogc/lib/wii\libogc.a(thread.o)
                0x80021340                KThreadPrepare
 .text.KThreadSwitchTo
                0x80021528       0x88 C:/devkitPro/libogc/lib/wii\libogc.a(thread.o)
                0x80021528                KThreadSwitchTo
 .text.KThreadResume
                0x800215b0       0xa8 C:/devkitPro/libogc/lib/wii\libogc.a(thread.o)
                0x800215b0                KThreadResume
 .text.KThrQueueBlock
                0x80021658      0x108 C:/devkitPro/libogc/lib/wii\libogc.a(thread.o)
                0x80021658                KThrQueueBlock
 .text.KThreadJoin
                0x80021760       0x88 C:/devkitPro/libogc/lib/wii\libogc.a(thread.o)
                0x80021760                KThreadJoin
 .text.KThreadSleepTicks
                0x800217e8       0x70 C:/devkitPro/libogc/lib/wii\libogc.a(thread.o)
                0x800217e8                KThreadSleepTicks
 .text.KThrQueueUnblockOneByValue
                0x80021858       0xcc C:/devkitPro/libogc/lib/wii\libogc.a(thread.o)
                0x80021858                KThrQueueUnblockOneByValue
 .text.KThrQueueUnblockAllByValue
                0x80021924      0x154 C:/devkitPro/libogc/lib/wii\libogc.a(thread.o)
                0x80021924                KThrQueueUnblockAllByValue
 .text.KThreadSleepWakeup
                0x80021a78       0x10 C:/devkitPro/libogc/lib/wii\libogc.a(thread.o)
 .text.KThreadExit
                0x80021a88       0xc4 C:/devkitPro/libogc/lib/wii\libogc.a(thread.o)
                0x80021a88                KThreadExit
 .text.KThreadUpdateDynamicPrio
                0x80021b4c      0x1f4 C:/devkitPro/libogc/lib/wii\libogc.a(sync.o)
                0x80021b4c                KThreadUpdateDynamicPrio
 .text.KThreadRemoveWaiter
                0x80021d40      0x178 C:/devkitPro/libogc/lib/wii\libogc.a(sync.o)
 .text.KMutexLock
                0x80021eb8      0x194 C:/devkitPro/libogc/lib/wii\libogc.a(sync.o)
                0x80021eb8                KMutexLock
 .text.KMutexUnlock
                0x8002204c      0x104 C:/devkitPro/libogc/lib/wii\libogc.a(sync.o)
                0x8002204c                KMutexUnlock
 .text.KTickTaskReschedule
                0x80022150       0x6c C:/devkitPro/libogc/lib/wii\libogc.a(tick.o)
 .text.KTickTaskRun
                0x800221bc      0x128 C:/devkitPro/libogc/lib/wii\libogc.a(tick.o)
                0x800221bc                KTickTaskRun
 .text.KTickTaskStart
                0x800222e4      0x168 C:/devkitPro/libogc/lib/wii\libogc.a(tick.o)
                0x800222e4                KTickTaskStart
 .text.KTickTaskStop
                0x8002244c       0xc4 C:/devkitPro/libogc/lib/wii\libogc.a(tick.o)
                0x8002244c                KTickTaskStop
 .text.__syscall_lock_acquire
                0x80022510        0x4 C:/devkitPro/libogc/lib/wii\libogc.a(newlib_syscalls.o)
                0x80022510                __syscall_lock_acquire
 .text.__syscall_lock_release
                0x80022514        0x4 C:/devkitPro/libogc/lib/wii\libogc.a(newlib_syscalls.o)
                0x80022514                __syscall_lock_release
 .text.__syscall_lock_acquire_recursive
                0x80022518       0x50 C:/devkitPro/libogc/lib/wii\libogc.a(newlib_syscalls.o)
                0x80022518                __syscall_lock_acquire_recursive
 .text.__syscall_lock_release_recursive
                0x80022568       0x18 C:/devkitPro/libogc/lib/wii\libogc.a(newlib_syscalls.o)
                0x80022568                __syscall_lock_release_recursive
 .text.lwpc_alarm_cb
                0x80022580       0x10 C:/devkitPro/libogc/lib/wii\libogc.a(lwpc_alarm.o)
 .text.SYS_CreateAlarm
                0x80022590       0x74 C:/devkitPro/libogc/lib/wii\libogc.a(lwpc_alarm.o)
                0x80022590                SYS_CreateAlarm
 .text.SYS_SetAlarm
                0x80022604      0x120 C:/devkitPro/libogc/lib/wii\libogc.a(lwpc_alarm.o)
                0x80022604                SYS_SetAlarm
 .text.SYS_SetPeriodicAlarm
                0x80022724      0x1b8 C:/devkitPro/libogc/lib/wii\libogc.a(lwpc_alarm.o)
                0x80022724                SYS_SetPeriodicAlarm
 .text.SYS_RemoveAlarm
                0x800228dc       0x4c C:/devkitPro/libogc/lib/wii\libogc.a(lwpc_alarm.o)
                0x800228dc                SYS_RemoveAlarm
 .text.SYS_CancelAlarm
                0x80022928       0x34 C:/devkitPro/libogc/lib/wii\libogc.a(lwpc_alarm.o)
                0x80022928                SYS_CancelAlarm
 .text.LWP_InitQueue
                0x8002295c       0xdc C:/devkitPro/libogc/lib/wii\libogc.a(lwpc_queue.o)
                0x8002295c                LWP_InitQueue
 .text.LWP_CloseQueue
                0x80022a38       0x90 C:/devkitPro/libogc/lib/wii\libogc.a(lwpc_queue.o)
                0x80022a38                LWP_CloseQueue
 .text.LWP_ThreadSleep
                0x80022ac8       0x44 C:/devkitPro/libogc/lib/wii\libogc.a(lwpc_queue.o)
                0x80022ac8                LWP_ThreadSleep
 .text.LWP_ThreadSignal
                0x80022b0c       0x1c C:/devkitPro/libogc/lib/wii\libogc.a(lwpc_queue.o)
                0x80022b0c                LWP_ThreadSignal
 .text.LWP_ThreadBroadcast
                0x80022b28       0x1c C:/devkitPro/libogc/lib/wii\libogc.a(lwpc_queue.o)
                0x80022b28                LWP_ThreadBroadcast
 .text.LWP_CreateThread
                0x80022b44      0x114 C:/devkitPro/libogc/lib/wii\libogc.a(lwpc_thread.o)
                0x80022b44                LWP_CreateThread
 .text.LWP_JoinThread
                0x80022c58       0x6c C:/devkitPro/libogc/lib/wii\libogc.a(lwpc_thread.o)
                0x80022c58                LWP_JoinThread
 .text.LWP_SemInit
                0x80022cc4      0x120 C:/devkitPro/libogc/lib/wii\libogc.a(lwpc_sem.o)
                0x80022cc4                LWP_SemInit
 .text.LWP_SemDestroy
                0x80022de4       0xa0 C:/devkitPro/libogc/lib/wii\libogc.a(lwpc_sem.o)
                0x80022de4                LWP_SemDestroy
 .text.LWP_SemWait
                0x80022e84       0xa8 C:/devkitPro/libogc/lib/wii\libogc.a(lwpc_sem.o)
                0x80022e84                LWP_SemWait
 .text.LWP_SemPost
                0x80022f2c       0xa8 C:/devkitPro/libogc/lib/wii\libogc.a(lwpc_sem.o)
                0x80022f2c                LWP_SemPost
 .text.RGB8_to_YCbCr
                0x80022fd4      0x144 C:/devkitPro/libogc/lib/wii\libogc.a(console.o)
 .text.__console_drawc.part.0
                0x80023118      0x274 C:/devkitPro/libogc/lib/wii\libogc.a(console.o)
 .text.__console_clear
                0x8002338c      0x190 C:/devkitPro/libogc/lib/wii\libogc.a(console.o)
 .text.__set_default_console
                0x8002351c      0x108 C:/devkitPro/libogc/lib/wii\libogc.a(console.o)
 .text.__console_clear_line
                0x80023624      0x174 C:/devkitPro/libogc/lib/wii\libogc.a(console.o)
 .text.__console_init
                0x80023798       0x54 C:/devkitPro/libogc/lib/wii\libogc.a(console.o)
                0x80023798                __console_init
 .text.newRow   0x800237ec      0x134 C:/devkitPro/libogc/lib/wii\libogc.a(console.o)
                0x800237ec                newRow
 .text.consolePrintChar.part.0
                0x80023920      0x220 C:/devkitPro/libogc/lib/wii\libogc.a(console.o)
 .text.__console_write
                0x80023b40      0xe60 C:/devkitPro/libogc/lib/wii\libogc.a(console.o)
                0x80023b40                __console_write
 .text.CON_Init
                0x800249a0       0xe4 C:/devkitPro/libogc/lib/wii\libogc.a(console.o)
                0x800249a0                CON_Init
 .text.CON_EnableGecko
                0x80024a84       0xf8 C:/devkitPro/libogc/lib/wii\libogc.a(console.o)
                0x80024a84                CON_EnableGecko
 .text.__lwp_queue_initialize
                0x80024b7c       0x98 C:/devkitPro/libogc/lib/wii\libogc.a(lwp_queue.o)
                0x80024b7c                __lwp_queue_initialize
 .text.__lwp_queue_get
                0x80024c14       0x60 C:/devkitPro/libogc/lib/wii\libogc.a(lwp_queue.o)
                0x80024c14                __lwp_queue_get
 .text.__lwp_queue_append
                0x80024c74       0x38 C:/devkitPro/libogc/lib/wii\libogc.a(lwp_queue.o)
                0x80024c74                __lwp_queue_append
 .text.__lwp_wkspace_init
                0x80024cac       0xa4 C:/devkitPro/libogc/lib/wii\libogc.a(lwp_wkspace.o)
                0x80024cac                __lwp_wkspace_init
 .text.__lwp_heap_init
                0x80024d50       0x90 C:/devkitPro/libogc/lib/wii\libogc.a(lwp_heap.o)
                0x80024d50                __lwp_heap_init
 .text.__lwp_heap_allocate
                0x80024de0      0x14c C:/devkitPro/libogc/lib/wii\libogc.a(lwp_heap.o)
                0x80024de0                __lwp_heap_allocate
 .text.__lwp_heap_free
                0x80024f2c      0x170 C:/devkitPro/libogc/lib/wii\libogc.a(lwp_heap.o)
                0x80024f2c                __lwp_heap_free
 .text.__VISendI2CData.constprop.0.isra.0
                0x8002509c      0x3c8 C:/devkitPro/libogc/lib/wii\libogc.a(video.o)
 .text.__setFbbRegs.constprop.0
                0x80025464      0x194 C:/devkitPro/libogc/lib/wii\libogc.a(video.o)
 .text.__VISetYUVSEL
                0x800255f8       0xb8 C:/devkitPro/libogc/lib/wii\libogc.a(video.o)
 .text.__VIClearFramebuffer
                0x800256b0       0x48 C:/devkitPro/libogc/lib/wii\libogc.a(video.o)
                0x800256b0                __VIClearFramebuffer
 .text.VIDEO_Configure
                0x800256f8      0x5c0 C:/devkitPro/libogc/lib/wii\libogc.a(video.o)
                0x800256f8                VIDEO_Configure
 .text.VIDEO_WaitVSync
                0x80025cb8       0x68 C:/devkitPro/libogc/lib/wii\libogc.a(video.o)
                0x80025cb8                VIDEO_WaitVSync
 .text.VIDEO_SetFramebuffer
                0x80025d20       0xc4 C:/devkitPro/libogc/lib/wii\libogc.a(video.o)
                0x80025d20                VIDEO_SetFramebuffer
 .text.VIDEO_SetNextFramebuffer
                0x80025de4       0x54 C:/devkitPro/libogc/lib/wii\libogc.a(video.o)
                0x80025de4                VIDEO_SetNextFramebuffer
 .text.VIDEO_Flush
                0x80025e38       0xe8 C:/devkitPro/libogc/lib/wii\libogc.a(video.o)
                0x80025e38                VIDEO_Flush
 .text.VIDEO_SetBlack
                0x80025f20      0x150 C:/devkitPro/libogc/lib/wii\libogc.a(video.o)
                0x80025f20                VIDEO_SetBlack
 .text.VIDEO_GetCurrentTvMode
                0x80026070       0x64 C:/devkitPro/libogc/lib/wii\libogc.a(video.o)
                0x80026070                VIDEO_GetCurrentTvMode
 .text.__VIRetraceHandler
                0x800260d4      0x284 C:/devkitPro/libogc/lib/wii\libogc.a(video.o)
 .text.__VISetupEncoder
                0x80026358      0x288 C:/devkitPro/libogc/lib/wii\libogc.a(video.o)
 .text.VIDEO_Init
                0x800265e0      0x3c4 C:/devkitPro/libogc/lib/wii\libogc.a(video.o)
                0x800265e0                VIDEO_Init
 .text.VIDEO_GetPreferredMode
                0x800269a4      0x11c C:/devkitPro/libogc/lib/wii\libogc.a(video.o)
                0x800269a4                VIDEO_GetPreferredMode
 .text.VIDEO_GetCurrentLine
                0x80026ac0       0x94 C:/devkitPro/libogc/lib/wii\libogc.a(video.o)
                0x80026ac0                VIDEO_GetCurrentLine
 .text.VIDEO_GetFrameBufferSize
                0x80026b54       0x34 C:/devkitPro/libogc/lib/wii\libogc.a(video.o)
                0x80026b54                VIDEO_GetFrameBufferSize
 .text.__MEMInterruptHandler
                0x80026b88       0x14 C:/devkitPro/libogc/lib/wii\libogc.a(system.o)
 .text.__RSWDefaultHandler
                0x80026b9c        0x4 C:/devkitPro/libogc/lib/wii\libogc.a(system.o)
 .text.__POWDefaultHandler
                0x80026ba0        0x4 C:/devkitPro/libogc/lib/wii\libogc.a(system.o)
 .text.__getrtc
                0x80026ba4      0x148 C:/devkitPro/libogc/lib/wii\libogc.a(system.o)
 .text.__sram_write
                0x80026cec      0x140 C:/devkitPro/libogc/lib/wii\libogc.a(system.o)
 .text.__sram_writecallback
                0x80026e2c       0x54 C:/devkitPro/libogc/lib/wii\libogc.a(system.o)
 .text.__mem_onreset
                0x80026e80       0x48 C:/devkitPro/libogc/lib/wii\libogc.a(system.o)
 .text.__unlocksram
                0x80026ec8      0x120 C:/devkitPro/libogc/lib/wii\libogc.a(system.o)
 .text.__call_resetfuncs
                0x80026fe8      0x150 C:/devkitPro/libogc/lib/wii\libogc.a(system.o)
 .text.SYS_MainLoop
                0x80027138       0x34 C:/devkitPro/libogc/lib/wii\libogc.a(system.o)
                0x80027138                SYS_MainLoop
 .text.__syscall_malloc_lock
                0x8002716c       0x4c C:/devkitPro/libogc/lib/wii\libogc.a(system.o)
                0x8002716c                __syscall_malloc_lock
 .text.__syscall_malloc_unlock
                0x800271b8       0x1c C:/devkitPro/libogc/lib/wii\libogc.a(system.o)
                0x800271b8                __syscall_malloc_unlock
 .text.__syscall_gettod_r
                0x800271d4        0x4 C:/devkitPro/libogc/lib/wii\libogc.a(system.o)
                0x800271d4                __syscall_gettod_r
 .text.__syscall_nanosleep
                0x800271d8        0x4 C:/devkitPro/libogc/lib/wii\libogc.a(system.o)
                0x800271d8                __syscall_nanosleep
 .text.__SYS_GetRTC
                0x800271dc       0xd4 C:/devkitPro/libogc/lib/wii\libogc.a(system.o)
                0x800271dc                __SYS_GetRTC
 .text.__SYS_SetBootTime
                0x800272b0       0xe0 C:/devkitPro/libogc/lib/wii\libogc.a(system.o)
                0x800272b0                __SYS_SetBootTime
 .text.__SYS_GetIPCBufferLo
                0x80027390        0x8 C:/devkitPro/libogc/lib/wii\libogc.a(system.o)
                0x80027390                __SYS_GetIPCBufferLo
 .text.__SYS_GetIPCBufferHi
                0x80027398        0x8 C:/devkitPro/libogc/lib/wii\libogc.a(system.o)
                0x80027398                __SYS_GetIPCBufferHi
 .text.SYS_DoPowerCB
                0x800273a0       0xdc C:/devkitPro/libogc/lib/wii\libogc.a(system.o)
                0x800273a0                SYS_DoPowerCB
 .text.__STMEventHandler
                0x8002747c       0xf8 C:/devkitPro/libogc/lib/wii\libogc.a(system.o)
 .text.__SYS_DisablePowerButton
                0x80027574       0x38 C:/devkitPro/libogc/lib/wii\libogc.a(system.o)
                0x80027574                __SYS_DisablePowerButton
 .text.__SYS_PreInit
                0x800275ac        0x4 C:/devkitPro/libogc/lib/wii\libogc.a(system.o)
                0x800275ac                __SYS_PreInit
 .text.__SYS_InstallPanicHandler
                0x800275b0       0x10 C:/devkitPro/libogc/lib/wii\libogc.a(system.o)
                0x800275b0                __SYS_InstallPanicHandler
 .text.SYS_PreMain
                0x800275c0       0x7c C:/devkitPro/libogc/lib/wii\libogc.a(system.o)
                0x800275c0                SYS_PreMain
 .text.SYS_ResetButtonDown
                0x8002763c       0x18 C:/devkitPro/libogc/lib/wii\libogc.a(system.o)
                0x8002763c                SYS_ResetButtonDown
 .text.SYS_ResetSystem
                0x80027654      0x214 C:/devkitPro/libogc/lib/wii\libogc.a(system.o)
                0x80027654                SYS_ResetSystem
 .text.__reload
                0x80027868       0x80 C:/devkitPro/libogc/lib/wii\libogc.a(system.o)
                0x80027868                __reload
 .text.__syscall_exit
                0x800278e8       0x9c C:/devkitPro/libogc/lib/wii\libogc.a(system.o)
                0x800278e8                __syscall_exit
 .text.SYS_RegisterResetFunc
                0x80027984       0x6c C:/devkitPro/libogc/lib/wii\libogc.a(system.o)
                0x80027984                SYS_RegisterResetFunc
 .text.SYS_SetArena1Lo
                0x800279f0       0x24 C:/devkitPro/libogc/lib/wii\libogc.a(system.o)
                0x800279f0                SYS_SetArena1Lo
 .text.SYS_GetArena1Lo
                0x80027a14       0x24 C:/devkitPro/libogc/lib/wii\libogc.a(system.o)
                0x80027a14                SYS_GetArena1Lo
 .text.SYS_GetArena1Hi
                0x80027a38       0x24 C:/devkitPro/libogc/lib/wii\libogc.a(system.o)
                0x80027a38                SYS_GetArena1Hi
 .text.SYS_SetArena2Lo
                0x80027a5c       0x24 C:/devkitPro/libogc/lib/wii\libogc.a(system.o)
                0x80027a5c                SYS_SetArena2Lo
 .text.SYS_GetArena2Lo
                0x80027a80       0x24 C:/devkitPro/libogc/lib/wii\libogc.a(system.o)
                0x80027a80                SYS_GetArena2Lo
 .text.SYS_SetArena2Hi
                0x80027aa4       0x24 C:/devkitPro/libogc/lib/wii\libogc.a(system.o)
                0x80027aa4                SYS_SetArena2Hi
 .text.SYS_GetArena2Hi
                0x80027ac8       0x24 C:/devkitPro/libogc/lib/wii\libogc.a(system.o)
                0x80027ac8                SYS_GetArena2Hi
 .text.SYS_AllocateFramebuffer
                0x80027aec       0x28 C:/devkitPro/libogc/lib/wii\libogc.a(system.o)
                0x80027aec                SYS_AllocateFramebuffer
 .text.SYS_GetWirelessID
                0x80027b14       0x78 C:/devkitPro/libogc/lib/wii\libogc.a(system.o)
                0x80027b14                SYS_GetWirelessID
 .text.SYS_SetWirelessID
                0x80027b8c       0x84 C:/devkitPro/libogc/lib/wii\libogc.a(system.o)
                0x80027b8c                SYS_SetWirelessID
 .text.SYS_SetGBSMode
                0x80027c10       0x9c C:/devkitPro/libogc/lib/wii\libogc.a(system.o)
                0x80027c10                SYS_SetGBSMode
 .text.__sram_init
                0x80027cac      0x1b0 C:/devkitPro/libogc/lib/wii\libogc.a(system.o)
                0x80027cac                __sram_init
 .text.SYS_Init
                0x80027e5c      0x4a4 C:/devkitPro/libogc/lib/wii\libogc.a(system.o)
                0x80027e5c                SYS_Init
 .text.SYS_GetHollywoodRevision
                0x80028300       0x3c C:/devkitPro/libogc/lib/wii\libogc.a(system.o)
                0x80028300                SYS_GetHollywoodRevision
 .text.SYS_Time
                0x8002833c       0x54 C:/devkitPro/libogc/lib/wii\libogc.a(system.o)
                0x8002833c                SYS_Time
 .text.__si_transfer
                0x80028390      0x1b8 C:/devkitPro/libogc/lib/wii\libogc.a(si.o)
 .text.__si_alarmhandler
                0x80028548       0xa0 C:/devkitPro/libogc/lib/wii\libogc.a(si.o)
 .text.__si_completetransfer
                0x800285e8      0x1f4 C:/devkitPro/libogc/lib/wii\libogc.a(si.o)
 .text.__si_transfernext
                0x800287dc       0xd8 C:/devkitPro/libogc/lib/wii\libogc.a(si.o)
 .text.SI_Busy  0x800288b4       0x18 C:/devkitPro/libogc/lib/wii\libogc.a(si.o)
                0x800288b4                SI_Busy
 .text.SI_IsChanBusy
                0x800288cc       0x38 C:/devkitPro/libogc/lib/wii\libogc.a(si.o)
                0x800288cc                SI_IsChanBusy
 .text.SI_EnablePolling
                0x80028904       0x64 C:/devkitPro/libogc/lib/wii\libogc.a(si.o)
                0x80028904                SI_EnablePolling
 .text.SI_DisablePolling
                0x80028968       0x44 C:/devkitPro/libogc/lib/wii\libogc.a(si.o)
                0x80028968                SI_DisablePolling
 .text.SI_SetSamplingRate
                0x800289ac      0x110 C:/devkitPro/libogc/lib/wii\libogc.a(si.o)
                0x800289ac                SI_SetSamplingRate
 .text.SI_RefreshSamplingRate
                0x80028abc        0x8 C:/devkitPro/libogc/lib/wii\libogc.a(si.o)
                0x80028abc                SI_RefreshSamplingRate
 .text.SI_GetStatus
                0x80028ac4       0x6c C:/devkitPro/libogc/lib/wii\libogc.a(si.o)
                0x80028ac4                SI_GetStatus
 .text.SI_GetResponseRaw
                0x80028b30       0xd4 C:/devkitPro/libogc/lib/wii\libogc.a(si.o)
                0x80028b30                SI_GetResponseRaw
 .text.SI_GetResponse
                0x80028c04       0xa4 C:/devkitPro/libogc/lib/wii\libogc.a(si.o)
                0x80028c04                SI_GetResponse
 .text.SI_SetCommand
                0x80028ca8       0x10 C:/devkitPro/libogc/lib/wii\libogc.a(si.o)
                0x80028ca8                SI_SetCommand
 .text.SI_Transfer
                0x80028cb8      0x2dc C:/devkitPro/libogc/lib/wii\libogc.a(si.o)
                0x80028cb8                SI_Transfer
 .text.__si_gettypecallback
                0x80028f94      0x2b8 C:/devkitPro/libogc/lib/wii\libogc.a(si.o)
 .text.__si_interrupthandler
                0x8002924c      0x278 C:/devkitPro/libogc/lib/wii\libogc.a(si.o)
 .text.SI_GetType
                0x800294c4      0x1fc C:/devkitPro/libogc/lib/wii\libogc.a(si.o)
                0x800294c4                SI_GetType
 .text.SI_GetTypeAsync
                0x800296c0      0x134 C:/devkitPro/libogc/lib/wii\libogc.a(si.o)
                0x800296c0                SI_GetTypeAsync
 .text.SI_EnablePollingInterrupt
                0x800297f4       0x80 C:/devkitPro/libogc/lib/wii\libogc.a(si.o)
                0x800297f4                SI_EnablePollingInterrupt
 .text.SI_UnregisterPollingHandler
                0x80029874       0xd8 C:/devkitPro/libogc/lib/wii\libogc.a(si.o)
                0x80029874                SI_UnregisterPollingHandler
 .text.__si_init
                0x8002994c       0xe0 C:/devkitPro/libogc/lib/wii\libogc.a(si.o)
                0x8002994c                __si_init
 .text.__ipc_sendrequest.part.0
                0x80029a2c      0x110 C:/devkitPro/libogc/lib/wii\libogc.a(ipc.o)
 .text.__ipc_syncrequest
                0x80029b3c       0xe8 C:/devkitPro/libogc/lib/wii\libogc.a(ipc.o)
 .text.__ioctlvfmtCB
                0x80029c24      0x158 C:/devkitPro/libogc/lib/wii\libogc.a(ipc.o)
 .text.__ios_ioctlvformat_parse
                0x80029d7c      0x804 C:/devkitPro/libogc/lib/wii\libogc.a(ipc.o)
 .text.__ipc_asyncrequest
                0x8002a580      0x128 C:/devkitPro/libogc/lib/wii\libogc.a(ipc.o)
 .text.__ipc_interrupthandler
                0x8002a6a8      0x384 C:/devkitPro/libogc/lib/wii\libogc.a(ipc.o)
 .text.iosCreateHeap
                0x8002aa2c      0x124 C:/devkitPro/libogc/lib/wii\libogc.a(ipc.o)
                0x8002aa2c                iosCreateHeap
 .text.iosAlloc
                0x8002ab50       0x30 C:/devkitPro/libogc/lib/wii\libogc.a(ipc.o)
                0x8002ab50                iosAlloc
 .text.iosFree  0x8002ab80       0x28 C:/devkitPro/libogc/lib/wii\libogc.a(ipc.o)
                0x8002ab80                iosFree
 .text.__IPC_ClntInit
                0x8002aba8       0xc4 C:/devkitPro/libogc/lib/wii\libogc.a(ipc.o)
                0x8002aba8                __IPC_ClntInit
 .text.IOS_Open
                0x8002ac6c      0x148 C:/devkitPro/libogc/lib/wii\libogc.a(ipc.o)
                0x8002ac6c                IOS_Open
 .text.IOS_Close
                0x8002adb4       0xf0 C:/devkitPro/libogc/lib/wii\libogc.a(ipc.o)
                0x8002adb4                IOS_Close
 .text.IOS_Read
                0x8002aea4      0x10c C:/devkitPro/libogc/lib/wii\libogc.a(ipc.o)
                0x8002aea4                IOS_Read
 .text.IOS_Write
                0x8002afb0      0x144 C:/devkitPro/libogc/lib/wii\libogc.a(ipc.o)
                0x8002afb0                IOS_Write
 .text.IOS_Ioctl
                0x8002b0f4      0x1c8 C:/devkitPro/libogc/lib/wii\libogc.a(ipc.o)
                0x8002b0f4                IOS_Ioctl
 .text.IOS_IoctlAsync
                0x8002b2bc      0x1b8 C:/devkitPro/libogc/lib/wii\libogc.a(ipc.o)
                0x8002b2bc                IOS_IoctlAsync
 .text.IOS_Ioctlv
                0x8002b474      0x298 C:/devkitPro/libogc/lib/wii\libogc.a(ipc.o)
                0x8002b474                IOS_Ioctlv
 .text.IOS_IoctlvAsync
                0x8002b70c      0x27c C:/devkitPro/libogc/lib/wii\libogc.a(ipc.o)
                0x8002b70c                IOS_IoctlvAsync
 .text.IOS_IoctlvFormat
                0x8002b988      0x170 C:/devkitPro/libogc/lib/wii\libogc.a(ipc.o)
                0x8002b988                IOS_IoctlvFormat
 .text.IOS_IoctlvReboot
                0x8002baf8      0x29c C:/devkitPro/libogc/lib/wii\libogc.a(ipc.o)
                0x8002baf8                IOS_IoctlvReboot
 .text.settime  0x8002bd94       0x14 C:/devkitPro/libogc/lib/wii\libogc.a(timesupp.o)
                0x8002bd94                settime
 .text.udelay   0x8002bda8       0xac C:/devkitPro/libogc/lib/wii\libogc.a(timesupp.o)
                0x8002bda8                udelay
 .text.__libogc_nanosleep
                0x8002be54       0xb8 C:/devkitPro/libogc/lib/wii\libogc.a(timesupp.o)
                0x8002be54                __libogc_nanosleep
 .text.__libogc_gettod_r
                0x8002bf0c       0xd8 C:/devkitPro/libogc/lib/wii\libogc.a(timesupp.o)
                0x8002bf0c                __libogc_gettod_r
 .text.__usbgecko_exi_unlock
                0x8002bfe4       0x34 C:/devkitPro/libogc/lib/wii\libogc.a(usbgecko.o)
 .text.usb_isgeckoalive
                0x8002c018      0x1bc C:/devkitPro/libogc/lib/wii\libogc.a(usbgecko.o)
                0x8002c018                usb_isgeckoalive
 .text.usb_sendbuffer_ex
                0x8002c1d4      0x208 C:/devkitPro/libogc/lib/wii\libogc.a(usbgecko.o)
                0x8002c1d4                usb_sendbuffer_ex
 .text.usb_sendbuffer
                0x8002c3dc        0x8 C:/devkitPro/libogc/lib/wii\libogc.a(usbgecko.o)
                0x8002c3dc                usb_sendbuffer
 .text.usb_sendbuffer_safe_ex
                0x8002c3e4      0x2a0 C:/devkitPro/libogc/lib/wii\libogc.a(usbgecko.o)
                0x8002c3e4                usb_sendbuffer_safe_ex
 .text.usb_sendbuffer_safe
                0x8002c684        0x8 C:/devkitPro/libogc/lib/wii\libogc.a(usbgecko.o)
                0x8002c684                usb_sendbuffer_safe
 .text._sbrk_r  0x8002c68c      0x260 C:/devkitPro/libogc/lib/wii\libogc.a(sbrk.o)
                0x8002c68c                _sbrk_r
 .text.__STM_SetEventHook
                0x8002c8ec       0x98 C:/devkitPro/libogc/lib/wii\libogc.a(stm.o)
                0x8002c8ec                __STM_SetEventHook
 .text.__STM_Init
                0x8002c984       0x8c C:/devkitPro/libogc/lib/wii\libogc.a(stm.o)
                0x8002c984                __STM_Init
 .text.__STMEventHandler
                0x8002ca10       0x64 C:/devkitPro/libogc/lib/wii\libogc.a(stm.o)
 .text.__STM_ReleaseEventHook
                0x8002ca74       0x80 C:/devkitPro/libogc/lib/wii\libogc.a(stm.o)
                0x8002ca74                __STM_ReleaseEventHook
 .text.__STM_Close
                0x8002caf4       0xa8 C:/devkitPro/libogc/lib/wii\libogc.a(stm.o)
                0x8002caf4                __STM_Close
 .text.STM_RegisterEventHandler
                0x8002cb9c       0x10 C:/devkitPro/libogc/lib/wii\libogc.a(stm.o)
                0x8002cb9c                STM_RegisterEventHandler
 .text.STM_ShutdownToStandby
                0x8002cbac       0x50 C:/devkitPro/libogc/lib/wii\libogc.a(stm.o)
                0x8002cbac                STM_ShutdownToStandby
 .text.STM_ShutdownToIdle
                0x8002cbfc       0xb4 C:/devkitPro/libogc/lib/wii\libogc.a(stm.o)
                0x8002cbfc                STM_ShutdownToIdle
 .text.STM_SetLedMode
                0x8002ccb0       0x40 C:/devkitPro/libogc/lib/wii\libogc.a(stm.o)
                0x8002ccb0                STM_SetLedMode
 .text.STM_RebootSystem
                0x8002ccf0       0x50 C:/devkitPro/libogc/lib/wii\libogc.a(stm.o)
                0x8002ccf0                STM_RebootSystem
 .text.__IOS_InitializeSubsystems
                0x8002cd40       0x48 C:/devkitPro/libogc/lib/wii\libogc.a(ios.o)
                0x8002cd40                __IOS_InitializeSubsystems
 .text.__IOS_ShutdownSubsystems
                0x8002cd88       0x48 C:/devkitPro/libogc/lib/wii\libogc.a(ios.o)
                0x8002cd88                __IOS_ShutdownSubsystems
 .text.__IOS_LoadStartupIOS
                0x8002cdd0        0x8 C:/devkitPro/libogc/lib/wii\libogc.a(ios.o)
                0x8002cdd0                __IOS_LoadStartupIOS
 .text._ES_fstat_r
                0x8002cdd8      0x124 C:/devkitPro/libogc/lib/wii\libogc.a(es.o)
 .text._ES_seek_r
                0x8002cefc       0xd8 C:/devkitPro/libogc/lib/wii\libogc.a(es.o)
 .text._ES_close_r
                0x8002cfd4       0xb4 C:/devkitPro/libogc/lib/wii\libogc.a(es.o)
 .text._ES_decodepath
                0x8002d088      0x420 C:/devkitPro/libogc/lib/wii\libogc.a(es.o)
 .text._ES_stat_r
                0x8002d4a8       0xf0 C:/devkitPro/libogc/lib/wii\libogc.a(es.o)
 .text.__ES_Init
                0x8002d598       0x78 C:/devkitPro/libogc/lib/wii\libogc.a(es.o)
                0x8002d598                __ES_Init
 .text.__ES_Close
                0x8002d610       0x54 C:/devkitPro/libogc/lib/wii\libogc.a(es.o)
                0x8002d610                __ES_Close
 .text.ES_GetTitleID
                0x8002d664       0x94 C:/devkitPro/libogc/lib/wii\libogc.a(es.o)
                0x8002d664                ES_GetTitleID
 .text.ES_LaunchTitle
                0x8002d6f8       0x9c C:/devkitPro/libogc/lib/wii\libogc.a(es.o)
                0x8002d6f8                ES_LaunchTitle
 .text.ES_GetNumTicketViews
                0x8002d794       0x98 C:/devkitPro/libogc/lib/wii\libogc.a(es.o)
                0x8002d794                ES_GetNumTicketViews
 .text.ES_GetTicketViews
                0x8002d82c       0x8c C:/devkitPro/libogc/lib/wii\libogc.a(es.o)
                0x8002d82c                ES_GetTicketViews
 .text._ES_open_r
                0x8002d8b8      0x1cc C:/devkitPro/libogc/lib/wii\libogc.a(es.o)
 .text.ES_ReadContent
                0x8002da84       0x6c C:/devkitPro/libogc/lib/wii\libogc.a(es.o)
                0x8002da84                ES_ReadContent
 .text._ES_read_r
                0x8002daf0      0x1c0 C:/devkitPro/libogc/lib/wii\libogc.a(es.o)
 .text.__usbv5_messageCB
                0x8002dcb0       0x5c C:/devkitPro/libogc/lib/wii\libogc.a(usb.o)
 .text.__usb_interrupt_bulk_message
                0x8002dd0c      0x2a4 C:/devkitPro/libogc/lib/wii\libogc.a(usb.o)
 .text.__usb_control_message
                0x8002dfb0      0x444 C:/devkitPro/libogc/lib/wii\libogc.a(usb.o)
 .text.__usbv5_devicechangeCB
                0x8002e3f4      0x180 C:/devkitPro/libogc/lib/wii\libogc.a(usb.o)
 .text.__usbv5_attachfinishCB
                0x8002e574       0xec C:/devkitPro/libogc/lib/wii\libogc.a(usb.o)
 .text.__usbv0_messageCB
                0x8002e660       0xa8 C:/devkitPro/libogc/lib/wii\libogc.a(usb.o)
 .text.USB_FreeDescriptors.part.0
                0x8002e708       0xfc C:/devkitPro/libogc/lib/wii\libogc.a(usb.o)
 .text.USB_GetDescriptors.part.0
                0x8002e804      0x69c C:/devkitPro/libogc/lib/wii\libogc.a(usb.o)
 .text.USB5_RegisterDeviceRemoval
                0x8002eea0       0xe8 C:/devkitPro/libogc/lib/wii\libogc.a(usb.o)
 .text.USBV5_SuspendResume
                0x8002ef88      0x13c C:/devkitPro/libogc/lib/wii\libogc.a(usb.o)
 .text.USBV5_GetDescriptors
                0x8002f0c4      0x508 C:/devkitPro/libogc/lib/wii\libogc.a(usb.o)
 .text.USB_Deinitialize
                0x8002f5cc       0xc8 C:/devkitPro/libogc/lib/wii\libogc.a(usb.o)
                0x8002f5cc                USB_Deinitialize
 .text.USB_Initialize
                0x8002f694      0x30c C:/devkitPro/libogc/lib/wii\libogc.a(usb.o)
                0x8002f694                USB_Initialize
 .text.USB_OpenDevice
                0x8002f9a0      0x2f0 C:/devkitPro/libogc/lib/wii\libogc.a(usb.o)
                0x8002f9a0                USB_OpenDevice
 .text.USBV5_CloseDevice
                0x8002fc90      0x128 C:/devkitPro/libogc/lib/wii\libogc.a(usb.o)
                0x8002fc90                USBV5_CloseDevice
 .text.USB_CloseDevice
                0x8002fdb8       0x84 C:/devkitPro/libogc/lib/wii\libogc.a(usb.o)
                0x8002fdb8                USB_CloseDevice
 .text.USB_GetDescriptors
                0x8002fe3c       0x40 C:/devkitPro/libogc/lib/wii\libogc.a(usb.o)
                0x8002fe3c                USB_GetDescriptors
 .text.USB_FreeDescriptors
                0x8002fe7c       0x10 C:/devkitPro/libogc/lib/wii\libogc.a(usb.o)
                0x8002fe7c                USB_FreeDescriptors
 .text.USB_ReadIntrMsgAsync
                0x8002fe8c       0x28 C:/devkitPro/libogc/lib/wii\libogc.a(usb.o)
                0x8002fe8c                USB_ReadIntrMsgAsync
 .text.USB_ReadBlkMsgAsync
                0x8002feb4       0x28 C:/devkitPro/libogc/lib/wii\libogc.a(usb.o)
                0x8002feb4                USB_ReadBlkMsgAsync
 .text.USB_WriteBlkMsgAsync
                0x8002fedc       0x28 C:/devkitPro/libogc/lib/wii\libogc.a(usb.o)
                0x8002fedc                USB_WriteBlkMsgAsync
 .text.USB_WriteCtrlMsgAsync
                0x8002ff04        0x4 C:/devkitPro/libogc/lib/wii\libogc.a(usb.o)
                0x8002ff04                USB_WriteCtrlMsgAsync
 .text.USB_DeviceRemovalNotifyAsync
                0x8002ff08       0xac C:/devkitPro/libogc/lib/wii\libogc.a(usb.o)
                0x8002ff08                USB_DeviceRemovalNotifyAsync